<html>
<body>
<pre>
<h1>礦ision Build Log</h1>
<h2>Tool Versions:</h2>
IDE-Version: μVision V5.25.2.0
Copyright (C) 2018 ARM Ltd and ARM Germany GmbH. All rights reserved.
License Information: zhang zheng, BIT, LIC=IK1BF-6UI8X-BSTYX-HBZIU-L92M9-JZGGJ
 
Tool Versions:
Toolchain:       MDK-ARM Plus  Version: 5.25.2.0
Toolchain Path:  C:\Keil_v5\ARM\ARMCC\Bin
C Compiler:      Armcc.exe V5.06 update 6 (build 750)
Assembler:       Armasm.exe V5.06 update 6 (build 750)
Linker/Locator:  ArmLink.exe V5.06 update 6 (build 750)
Library Manager: ArmAr.exe V5.06 update 6 (build 750)
Hex Converter:   FromElf.exe V5.06 update 6 (build 750)
CPU DLL:         SARMCM3.DLL V5.25.2.0
Dialog DLL:      DCM.DLL V1.17.1.0
Target DLL:      CMSIS_AGDI.dll V1.29.10.0
Dialog DLL:      TCM.DLL V1.35.1.0
 
<h2>Project:</h2>
E:\2026电赛\【正点原子】探索者STM32F407开发板V3 资料盘(A盘)\2，标准例程-HAL库版本\2，标准例程-HAL库版本\实验28 触摸屏实验\Projects\MDK-ARM\atk_f407.uvprojx
Project File Date:  04/15/2026

<h2>Output:</h2>
*** Using Compiler 'V5.06 update 6 (build 750)', folder: 'C:\Keil_v5\ARM\ARMCC\Bin'
Rebuild target 'TOUCH'
assembling startup_stm32f407xx.s...
compiling main.c...
..\..\User\main.c(238): warning:  #1-D: last line of file ends without a newline
  }
..\..\User\main.c: 1 warning, 0 errors
compiling chinese_font.c...
compiling stm32f4xx_hal.c...
compiling delay.c...
compiling usart.c...
compiling system_stm32f4xx.c...
compiling motor_monitor.c...
..\..\User\motor_monitor.c(613): warning:  #870-D: invalid multibyte character sequence
                      "涓插彛3 PB10鍙? PB11鏀? 115200", C_INFO);
..\..\User\motor_monitor.c(613): warning:  #870-D: invalid multibyte character sequence
                      "涓插彛3 PB10鍙? PB11鏀? 115200", C_INFO);
..\..\User\motor_monitor.c(84): warning:  #177-D: variable "MON_STR_STA_L"  was declared but never referenced
  static const uint8_t MON_STR_STA_L[]   = {0xD7,0xB4,0xCC,0xAC,0x3A,0x00};
..\..\User\motor_monitor.c: 3 warnings, 0 errors
compiling stm32f4xx_it.c...
compiling stm32f4xx_hal_cortex.c...
compiling menu.c...
..\..\User\menu.c(56): warning:  #177-D: function "draw_button"  was declared but never referenced
  static void draw_button(uint16_t x, uint16_t y,
..\..\User\menu.c: 1 warning, 0 errors
compiling sys.c...
compiling dino_game.c...
compiling oscilloscope.c...
compiling stm32f4xx_hal_gpio.c...
compiling stm32f4xx_hal_rcc.c...
compiling stm32f4xx_hal_rcc_ex.c...
compiling stm32f4xx_hal_usart.c...
compiling stm32f4xx_hal_pwr.c...
compiling stm32f4xx_hal_pwr_ex.c...
compiling stm32f4xx_hal_dma_ex.c...
compiling stm32f4xx_hal_uart.c...
compiling stm32f4xx_hal_tim.c...
compiling stm32f4xx_hal_tim_ex.c...
compiling stm32f4xx_hal_sram.c...
compiling stm32f4xx_ll_fsmc.c...
compiling stm32f4xx_hal_i2c_ex.c...
compiling led.c...
compiling stm32f4xx_hal_dma.c...
compiling stm32f4xx_hal_i2c.c...
compiling key.c...
compiling 24cxx.c...
compiling myiic.c...
compiling lcd.c...
compiling ctiic.c...
compiling ft5206.c...
compiling gt9xxx.c...
compiling touch.c...
linking...
Program Size: Code=59980 RO-data=16936 RW-data=132 ZI-data=21044  
FromELF: creating hex file...
"..\..\Output\atk_f407.axf" - 0 Error(s), 5 Warning(s).

<h2>Software Packages used:</h2>

Package Vendor: Keil
                https://www.keil.com/pack/Keil.STM32F4xx_DFP.2.17.0.pack
                Keil.STM32F4xx_DFP.2.17.0
                STMicroelectronics STM32F4 Series Device Support, Drivers and Examples

<h2>Collection of Component include folders:</h2>
  .\RTE\_TOUCH
  C:\Keil_v5\ARM\PACK\Keil\STM32F4xx_DFP\2.17.0\Drivers\CMSIS\Device\ST\STM32F4xx\Include

<h2>Collection of Component Files used:</h2>
Build Time Elapsed:  00:00:06
</pre>
</body>
</html>
