<!doctype html public "-//w3c//dtd html 4.0 transitional//en">
<html><head>
<title>Static Call Graph - [..\..\Output\atk_f407.axf]</title></head>
<body><HR>
<H1>Static Call Graph for image ..\..\Output\atk_f407.axf</H1><HR>
<BR><P>#&#060CALLGRAPH&#062# ARM Linker, 5060750: Last Updated: Sat Apr 25 12:21:20 2026
<BR><P>
<H3>Maximum Stack Usage =       1692 bytes + Unknown(Functions without stacksize, Cycles, Untraceable Function Pointers)</H3><H3>
Call chain for Maximum Stack Depth:</H3>
pass2_fs_dither &rArr; fill_inverse_cmap &rArr; find_nearby_colors
<P>
<H3>
Functions with no stack information
</H3><UL>
 <LI><a href="#[16a]">__user_initial_stackheap</a>
</UL>
</UL>
<P>
<H3>
Mutually Recursive functions
</H3> <LI><a href="#[21]">ADC_IRQHandler</a>&nbsp;&nbsp;&nbsp;&rArr;&nbsp;&nbsp;&nbsp;<a href="#[21]">ADC_IRQHandler</a><BR>
</UL>
<P>
<H3>
Function Pointers
</H3><UL>
 <LI><a href="#[6b]">ADC_DMAConvCplt</a> from stm32f4xx_hal_adc.o(i.ADC_DMAConvCplt) referenced from stm32f4xx_hal_adc.o(i.HAL_ADC_Start_DMA)
 <LI><a href="#[6d]">ADC_DMAError</a> from stm32f4xx_hal_adc.o(i.ADC_DMAError) referenced from stm32f4xx_hal_adc.o(i.HAL_ADC_Start_DMA)
 <LI><a href="#[6c]">ADC_DMAHalfConvCplt</a> from stm32f4xx_hal_adc.o(i.ADC_DMAHalfConvCplt) referenced from stm32f4xx_hal_adc.o(i.HAL_ADC_Start_DMA)
 <LI><a href="#[21]">ADC_IRQHandler</a> from startup_stm32f407xx.o(.text) referenced from startup_stm32f407xx.o(RESET)
 <LI><a href="#[9]">BusFault_Handler</a> from stm32f4xx_it.o(i.BusFault_Handler) referenced from startup_stm32f407xx.o(RESET)
 <LI><a href="#[23]">CAN1_RX0_IRQHandler</a> from startup_stm32f407xx.o(.text) referenced from startup_stm32f407xx.o(RESET)
 <LI><a href="#[24]">CAN1_RX1_IRQHandler</a> from startup_stm32f407xx.o(.text) referenced from startup_stm32f407xx.o(RESET)
 <LI><a href="#[25]">CAN1_SCE_IRQHandler</a> from startup_stm32f407xx.o(.text) referenced from startup_stm32f407xx.o(RESET)
 <LI><a href="#[22]">CAN1_TX_IRQHandler</a> from startup_stm32f407xx.o(.text) referenced from startup_stm32f407xx.o(RESET)
 <LI><a href="#[4f]">CAN2_RX0_IRQHandler</a> from startup_stm32f407xx.o(.text) referenced from startup_stm32f407xx.o(RESET)
 <LI><a href="#[50]">CAN2_RX1_IRQHandler</a> from startup_stm32f407xx.o(.text) referenced from startup_stm32f407xx.o(RESET)
 <LI><a href="#[51]">CAN2_SCE_IRQHandler</a> from startup_stm32f407xx.o(.text) referenced from startup_stm32f407xx.o(RESET)
 <LI><a href="#[4e]">CAN2_TX_IRQHandler</a> from startup_stm32f407xx.o(.text) referenced from startup_stm32f407xx.o(RESET)
 <LI><a href="#[5d]">DCMI_IRQHandler</a> from startup_stm32f407xx.o(.text) referenced from startup_stm32f407xx.o(RESET)
 <LI><a href="#[1a]">DMA1_Stream0_IRQHandler</a> from startup_stm32f407xx.o(.text) referenced from startup_stm32f407xx.o(RESET)
 <LI><a href="#[1b]">DMA1_Stream1_IRQHandler</a> from startup_stm32f407xx.o(.text) referenced from startup_stm32f407xx.o(RESET)
 <LI><a href="#[1c]">DMA1_Stream2_IRQHandler</a> from startup_stm32f407xx.o(.text) referenced from startup_stm32f407xx.o(RESET)
 <LI><a href="#[1d]">DMA1_Stream3_IRQHandler</a> from startup_stm32f407xx.o(.text) referenced from startup_stm32f407xx.o(RESET)
 <LI><a href="#[1e]">DMA1_Stream4_IRQHandler</a> from i2s.o(i.DMA1_Stream4_IRQHandler) referenced from startup_stm32f407xx.o(RESET)
 <LI><a href="#[1f]">DMA1_Stream5_IRQHandler</a> from startup_stm32f407xx.o(.text) referenced from startup_stm32f407xx.o(RESET)
 <LI><a href="#[20]">DMA1_Stream6_IRQHandler</a> from startup_stm32f407xx.o(.text) referenced from startup_stm32f407xx.o(RESET)
 <LI><a href="#[3e]">DMA1_Stream7_IRQHandler</a> from startup_stm32f407xx.o(.text) referenced from startup_stm32f407xx.o(RESET)
 <LI><a href="#[47]">DMA2_Stream0_IRQHandler</a> from startup_stm32f407xx.o(.text) referenced from startup_stm32f407xx.o(RESET)
 <LI><a href="#[48]">DMA2_Stream1_IRQHandler</a> from startup_stm32f407xx.o(.text) referenced from startup_stm32f407xx.o(RESET)
 <LI><a href="#[49]">DMA2_Stream2_IRQHandler</a> from startup_stm32f407xx.o(.text) referenced from startup_stm32f407xx.o(RESET)
 <LI><a href="#[4a]">DMA2_Stream3_IRQHandler</a> from startup_stm32f407xx.o(.text) referenced from startup_stm32f407xx.o(RESET)
 <LI><a href="#[4b]">DMA2_Stream4_IRQHandler</a> from adc_dc.o(i.DMA2_Stream4_IRQHandler) referenced from startup_stm32f407xx.o(RESET)
 <LI><a href="#[53]">DMA2_Stream5_IRQHandler</a> from startup_stm32f407xx.o(.text) referenced from startup_stm32f407xx.o(RESET)
 <LI><a href="#[54]">DMA2_Stream6_IRQHandler</a> from startup_stm32f407xx.o(.text) referenced from startup_stm32f407xx.o(RESET)
 <LI><a href="#[55]">DMA2_Stream7_IRQHandler</a> from startup_stm32f407xx.o(.text) referenced from startup_stm32f407xx.o(RESET)
 <LI><a href="#[c]">DebugMon_Handler</a> from stm32f4xx_it.o(i.DebugMon_Handler) referenced from startup_stm32f407xx.o(RESET)
 <LI><a href="#[4c]">ETH_IRQHandler</a> from startup_stm32f407xx.o(.text) referenced from startup_stm32f407xx.o(RESET)
 <LI><a href="#[4d]">ETH_WKUP_IRQHandler</a> from startup_stm32f407xx.o(.text) referenced from startup_stm32f407xx.o(RESET)
 <LI><a href="#[15]">EXTI0_IRQHandler</a> from startup_stm32f407xx.o(.text) referenced from startup_stm32f407xx.o(RESET)
 <LI><a href="#[37]">EXTI15_10_IRQHandler</a> from startup_stm32f407xx.o(.text) referenced from startup_stm32f407xx.o(RESET)
 <LI><a href="#[16]">EXTI1_IRQHandler</a> from startup_stm32f407xx.o(.text) referenced from startup_stm32f407xx.o(RESET)
 <LI><a href="#[17]">EXTI2_IRQHandler</a> from startup_stm32f407xx.o(.text) referenced from startup_stm32f407xx.o(RESET)
 <LI><a href="#[18]">EXTI3_IRQHandler</a> from startup_stm32f407xx.o(.text) referenced from startup_stm32f407xx.o(RESET)
 <LI><a href="#[19]">EXTI4_IRQHandler</a> from startup_stm32f407xx.o(.text) referenced from startup_stm32f407xx.o(RESET)
 <LI><a href="#[26]">EXTI9_5_IRQHandler</a> from startup_stm32f407xx.o(.text) referenced from startup_stm32f407xx.o(RESET)
 <LI><a href="#[13]">FLASH_IRQHandler</a> from startup_stm32f407xx.o(.text) referenced from startup_stm32f407xx.o(RESET)
 <LI><a href="#[3f]">FMC_IRQHandler</a> from startup_stm32f407xx.o(.text) referenced from startup_stm32f407xx.o(RESET)
 <LI><a href="#[5f]">FPU_IRQHandler</a> from startup_stm32f407xx.o(.text) referenced from startup_stm32f407xx.o(RESET)
 <LI><a href="#[6f]">HAL_I2SEx_FullDuplex_IRQHandler</a> from stm32f4xx_hal_i2s_ex.o(i.HAL_I2SEx_FullDuplex_IRQHandler) referenced from stm32f4xx_hal_i2s.o(i.HAL_I2S_Init)
 <LI><a href="#[5e]">HASH_RNG_IRQHandler</a> from startup_stm32f407xx.o(.text) referenced from startup_stm32f407xx.o(RESET)
 <LI><a href="#[7]">HardFault_Handler</a> from stm32f4xx_it.o(i.HardFault_Handler) referenced from startup_stm32f407xx.o(RESET)
 <LI><a href="#[2f]">I2C1_ER_IRQHandler</a> from startup_stm32f407xx.o(.text) referenced from startup_stm32f407xx.o(RESET)
 <LI><a href="#[2e]">I2C1_EV_IRQHandler</a> from startup_stm32f407xx.o(.text) referenced from startup_stm32f407xx.o(RESET)
 <LI><a href="#[31]">I2C2_ER_IRQHandler</a> from startup_stm32f407xx.o(.text) referenced from startup_stm32f407xx.o(RESET)
 <LI><a href="#[30]">I2C2_EV_IRQHandler</a> from startup_stm32f407xx.o(.text) referenced from startup_stm32f407xx.o(RESET)
 <LI><a href="#[58]">I2C3_ER_IRQHandler</a> from startup_stm32f407xx.o(.text) referenced from startup_stm32f407xx.o(RESET)
 <LI><a href="#[57]">I2C3_EV_IRQHandler</a> from startup_stm32f407xx.o(.text) referenced from startup_stm32f407xx.o(RESET)
 <LI><a href="#[6e]">I2S_IRQHandler</a> from stm32f4xx_hal_i2s.o(i.I2S_IRQHandler) referenced from stm32f4xx_hal_i2s.o(i.HAL_I2S_Init)
 <LI><a href="#[8]">MemManage_Handler</a> from stm32f4xx_it.o(i.MemManage_Handler) referenced from startup_stm32f407xx.o(RESET)
 <LI><a href="#[6]">NMI_Handler</a> from stm32f4xx_it.o(i.NMI_Handler) referenced from startup_stm32f407xx.o(RESET)
 <LI><a href="#[52]">OTG_FS_IRQHandler</a> from startup_stm32f407xx.o(.text) referenced from startup_stm32f407xx.o(RESET)
 <LI><a href="#[39]">OTG_FS_WKUP_IRQHandler</a> from startup_stm32f407xx.o(.text) referenced from startup_stm32f407xx.o(RESET)
 <LI><a href="#[5a]">OTG_HS_EP1_IN_IRQHandler</a> from startup_stm32f407xx.o(.text) referenced from startup_stm32f407xx.o(RESET)
 <LI><a href="#[59]">OTG_HS_EP1_OUT_IRQHandler</a> from startup_stm32f407xx.o(.text) referenced from startup_stm32f407xx.o(RESET)
 <LI><a href="#[5c]">OTG_HS_IRQHandler</a> from startup_stm32f407xx.o(.text) referenced from startup_stm32f407xx.o(RESET)
 <LI><a href="#[5b]">OTG_HS_WKUP_IRQHandler</a> from startup_stm32f407xx.o(.text) referenced from startup_stm32f407xx.o(RESET)
 <LI><a href="#[10]">PVD_IRQHandler</a> from startup_stm32f407xx.o(.text) referenced from startup_stm32f407xx.o(RESET)
 <LI><a href="#[d]">PendSV_Handler</a> from stm32f4xx_it.o(i.PendSV_Handler) referenced from startup_stm32f407xx.o(RESET)
 <LI><a href="#[14]">RCC_IRQHandler</a> from startup_stm32f407xx.o(.text) referenced from startup_stm32f407xx.o(RESET)
 <LI><a href="#[38]">RTC_Alarm_IRQHandler</a> from startup_stm32f407xx.o(.text) referenced from startup_stm32f407xx.o(RESET)
 <LI><a href="#[12]">RTC_WKUP_IRQHandler</a> from startup_stm32f407xx.o(.text) referenced from startup_stm32f407xx.o(RESET)
 <LI><a href="#[5]">Reset_Handler</a> from startup_stm32f407xx.o(.text) referenced from startup_stm32f407xx.o(RESET)
 <LI><a href="#[40]">SDIO_IRQHandler</a> from startup_stm32f407xx.o(.text) referenced from startup_stm32f407xx.o(RESET)
 <LI><a href="#[32]">SPI1_IRQHandler</a> from startup_stm32f407xx.o(.text) referenced from startup_stm32f407xx.o(RESET)
 <LI><a href="#[33]">SPI2_IRQHandler</a> from startup_stm32f407xx.o(.text) referenced from startup_stm32f407xx.o(RESET)
 <LI><a href="#[42]">SPI3_IRQHandler</a> from startup_stm32f407xx.o(.text) referenced from startup_stm32f407xx.o(RESET)
 <LI><a href="#[b]">SVC_Handler</a> from stm32f4xx_it.o(i.SVC_Handler) referenced from startup_stm32f407xx.o(RESET)
 <LI><a href="#[e]">SysTick_Handler</a> from stm32f4xx_it.o(i.SysTick_Handler) referenced from startup_stm32f407xx.o(RESET)
 <LI><a href="#[60]">SystemInit</a> from system_stm32f4xx.o(i.SystemInit) referenced from startup_stm32f407xx.o(.text)
 <LI><a href="#[11]">TAMP_STAMP_IRQHandler</a> from startup_stm32f407xx.o(.text) referenced from startup_stm32f407xx.o(RESET)
 <LI><a href="#[27]">TIM1_BRK_TIM9_IRQHandler</a> from startup_stm32f407xx.o(.text) referenced from startup_stm32f407xx.o(RESET)
 <LI><a href="#[2a]">TIM1_CC_IRQHandler</a> from startup_stm32f407xx.o(.text) referenced from startup_stm32f407xx.o(RESET)
 <LI><a href="#[29]">TIM1_TRG_COM_TIM11_IRQHandler</a> from startup_stm32f407xx.o(.text) referenced from startup_stm32f407xx.o(RESET)
 <LI><a href="#[28]">TIM1_UP_TIM10_IRQHandler</a> from startup_stm32f407xx.o(.text) referenced from startup_stm32f407xx.o(RESET)
 <LI><a href="#[2b]">TIM2_IRQHandler</a> from startup_stm32f407xx.o(.text) referenced from startup_stm32f407xx.o(RESET)
 <LI><a href="#[2c]">TIM3_IRQHandler</a> from startup_stm32f407xx.o(.text) referenced from startup_stm32f407xx.o(RESET)
 <LI><a href="#[2d]">TIM4_IRQHandler</a> from startup_stm32f407xx.o(.text) referenced from startup_stm32f407xx.o(RESET)
 <LI><a href="#[41]">TIM5_IRQHandler</a> from startup_stm32f407xx.o(.text) referenced from startup_stm32f407xx.o(RESET)
 <LI><a href="#[45]">TIM6_DAC_IRQHandler</a> from btim.o(i.TIM6_DAC_IRQHandler) referenced from startup_stm32f407xx.o(RESET)
 <LI><a href="#[46]">TIM7_IRQHandler</a> from btim.o(i.TIM7_IRQHandler) referenced from startup_stm32f407xx.o(RESET)
 <LI><a href="#[3a]">TIM8_BRK_TIM12_IRQHandler</a> from startup_stm32f407xx.o(.text) referenced from startup_stm32f407xx.o(RESET)
 <LI><a href="#[3d]">TIM8_CC_IRQHandler</a> from startup_stm32f407xx.o(.text) referenced from startup_stm32f407xx.o(RESET)
 <LI><a href="#[3c]">TIM8_TRG_COM_TIM14_IRQHandler</a> from startup_stm32f407xx.o(.text) referenced from startup_stm32f407xx.o(RESET)
 <LI><a href="#[3b]">TIM8_UP_TIM13_IRQHandler</a> from startup_stm32f407xx.o(.text) referenced from startup_stm32f407xx.o(RESET)
 <LI><a href="#[43]">UART4_IRQHandler</a> from startup_stm32f407xx.o(.text) referenced from startup_stm32f407xx.o(RESET)
 <LI><a href="#[44]">UART5_IRQHandler</a> from startup_stm32f407xx.o(.text) referenced from startup_stm32f407xx.o(RESET)
 <LI><a href="#[70]">UART_DMAAbortOnError</a> from stm32f4xx_hal_uart.o(i.UART_DMAAbortOnError) referenced from stm32f4xx_hal_uart.o(i.HAL_UART_IRQHandler)
 <LI><a href="#[34]">USART1_IRQHandler</a> from usart.o(i.USART1_IRQHandler) referenced from startup_stm32f407xx.o(RESET)
 <LI><a href="#[35]">USART2_IRQHandler</a> from startup_stm32f407xx.o(.text) referenced from startup_stm32f407xx.o(RESET)
 <LI><a href="#[36]">USART3_IRQHandler</a> from motor_monitor.o(i.USART3_IRQHandler) referenced from startup_stm32f407xx.o(RESET)
 <LI><a href="#[56]">USART6_IRQHandler</a> from startup_stm32f407xx.o(.text) referenced from startup_stm32f407xx.o(RESET)
 <LI><a href="#[a]">UsageFault_Handler</a> from stm32f4xx_it.o(i.UsageFault_Handler) referenced from startup_stm32f407xx.o(RESET)
 <LI><a href="#[f]">WWDG_IRQHandler</a> from startup_stm32f407xx.o(.text) referenced from startup_stm32f407xx.o(RESET)
 <LI><a href="#[101]">__main</a> from __main.o(!!!main) referenced from startup_stm32f407xx.o(.text)
 <LI><a href="#[6a]">_get_lc_ctype</a> from lc_ctype_c.o(locale$$code) referenced from rt_ctype_table.o(.text)
 <LI><a href="#[66]">_printf_input_char</a> from _printf_char_common.o(.text) referenced from _printf_char_common.o(.text)
 <LI><a href="#[65]">_sbackspace</a> from _sgetc.o(.text) referenced from __0sscanf.o(.text)
 <LI><a href="#[68]">_scanf_char_input</a> from scanf_char.o(.text) referenced from scanf_char.o(.text)
 <LI><a href="#[64]">_sgetc</a> from _sgetc.o(.text) referenced from __0sscanf.o(.text)
 <LI><a href="#[63]">_snputc</a> from _snputc.o(.text) referenced from __2snprintf.o(.text)
 <LI><a href="#[62]">_sputc</a> from _sputc.o(.text) referenced from __2sprintf.o(.text)
 <LI><a href="#[a1]">access_virt_barray</a> from jmemmgr.o(i.access_virt_barray) referenced from jmemmgr.o(i.jinit_memory_mgr)
 <LI><a href="#[a0]">access_virt_sarray</a> from jmemmgr.o(i.access_virt_sarray) referenced from jmemmgr.o(i.jinit_memory_mgr)
 <LI><a href="#[9c]">alloc_barray</a> from jmemmgr.o(i.alloc_barray) referenced from jmemmgr.o(i.jinit_memory_mgr)
 <LI><a href="#[9a]">alloc_large</a> from jmemmgr.o(i.alloc_large) referenced from jmemmgr.o(i.jinit_memory_mgr)
 <LI><a href="#[9b]">alloc_sarray</a> from jmemmgr.o(i.alloc_sarray) referenced from jmemmgr.o(i.jinit_memory_mgr)
 <LI><a href="#[99]">alloc_small</a> from jmemmgr.o(i.alloc_small) referenced from jmemmgr.o(i.jinit_memory_mgr)
 <LI><a href="#[82]">cmyk_yk_convert</a> from jdcolor.o(i.cmyk_yk_convert) referenced from jdcolor.o(i.jinit_color_deconverter)
 <LI><a href="#[e4]">color_quantize</a> from jquant1.o(i.color_quantize) referenced from jquant1.o(i.start_pass_1_quant)
 <LI><a href="#[e3]">color_quantize3</a> from jquant1.o(i.color_quantize3) referenced from jquant1.o(i.start_pass_1_quant)
 <LI><a href="#[84]">consume_data</a> from jdcoefct.o(i.consume_data) referenced from jdcoefct.o(i.jinit_d_coef_controller)
 <LI><a href="#[71]">consume_markers</a> from jdinput.o(i.consume_markers) referenced from jdinput.o(i.finish_input_pass)
 <LI><a href="#[71]">consume_markers</a> from jdinput.o(i.consume_markers) referenced from jdinput.o(i.jinit_input_controller)
 <LI><a href="#[71]">consume_markers</a> from jdinput.o(i.consume_markers) referenced from jdinput.o(i.reset_input_controller)
 <LI><a href="#[c0]">decode_mcu</a> from jdarith.o(i.decode_mcu) referenced from jdarith.o(i.start_pass)
 <LI><a href="#[f5]">decode_mcu</a> from jdhuff.o(i.decode_mcu) referenced from jdhuff.o(i.start_pass_huff_decoder)
 <LI><a href="#[bd]">decode_mcu_AC_first</a> from jdarith.o(i.decode_mcu_AC_first) referenced from jdarith.o(i.start_pass)
 <LI><a href="#[f1]">decode_mcu_AC_first</a> from jdhuff.o(i.decode_mcu_AC_first) referenced from jdhuff.o(i.start_pass_huff_decoder)
 <LI><a href="#[bf]">decode_mcu_AC_refine</a> from jdarith.o(i.decode_mcu_AC_refine) referenced from jdarith.o(i.start_pass)
 <LI><a href="#[f3]">decode_mcu_AC_refine</a> from jdhuff.o(i.decode_mcu_AC_refine) referenced from jdhuff.o(i.start_pass_huff_decoder)
 <LI><a href="#[bc]">decode_mcu_DC_first</a> from jdarith.o(i.decode_mcu_DC_first) referenced from jdarith.o(i.start_pass)
 <LI><a href="#[f0]">decode_mcu_DC_first</a> from jdhuff.o(i.decode_mcu_DC_first) referenced from jdhuff.o(i.start_pass_huff_decoder)
 <LI><a href="#[be]">decode_mcu_DC_refine</a> from jdarith.o(i.decode_mcu_DC_refine) referenced from jdarith.o(i.start_pass)
 <LI><a href="#[f2]">decode_mcu_DC_refine</a> from jdhuff.o(i.decode_mcu_DC_refine) referenced from jdhuff.o(i.start_pass_huff_decoder)
 <LI><a href="#[f4]">decode_mcu_sub</a> from jdhuff.o(i.decode_mcu_sub) referenced from jdhuff.o(i.start_pass_huff_decoder)
 <LI><a href="#[85]">decompress_data</a> from jdcoefct.o(i.decompress_data) referenced from jdcoefct.o(i.jinit_d_coef_controller)
 <LI><a href="#[85]">decompress_data</a> from jdcoefct.o(i.decompress_data) referenced from jdcoefct.o(i.start_output_pass)
 <LI><a href="#[87]">decompress_onepass</a> from jdcoefct.o(i.decompress_onepass) referenced from jdcoefct.o(i.jinit_d_coef_controller)
 <LI><a href="#[bb]">decompress_smooth_data</a> from jdcoefct.o(i.decompress_smooth_data) referenced from jdcoefct.o(i.start_output_pass)
 <LI><a href="#[86]">dummy_consume_data</a> from jdcoefct.o(i.dummy_consume_data) referenced from jdcoefct.o(i.jinit_d_coef_controller)
 <LI><a href="#[b5]">emit_message</a> from jerror.o(i.emit_message) referenced from jerror.o(i.jpeg_std_error)
 <LI><a href="#[b4]">error_exit</a> from jerror.o(i.error_exit) referenced from jerror.o(i.jpeg_std_error)
 <LI><a href="#[b0]">fill_input_buffer</a> from mjpeg.o(i.fill_input_buffer) referenced from mjpeg.o(i.jpeg_filerw_src_init)
 <LI><a href="#[90]">finish_input_pass</a> from jdinput.o(i.finish_input_pass) referenced from jdinput.o(i.jinit_input_controller)
 <LI><a href="#[98]">finish_output_pass</a> from jdmaster.o(i.finish_output_pass) referenced from jdmaster.o(i.jinit_master_decompress)
 <LI><a href="#[78]">finish_pass</a> from jdarith.o(i.finish_pass) referenced from jdarith.o(i.jinit_arith_decoder)
 <LI><a href="#[e9]">finish_pass1</a> from jquant2.o(i.finish_pass1) referenced from jquant2.o(i.start_pass_2_quant)
 <LI><a href="#[ec]">finish_pass2</a> from jquant2.o(i.finish_pass2) referenced from jquant2.o(i.start_pass_2_quant)
 <LI><a href="#[73]">finish_pass_1_quant</a> from jquant1.o(i.finish_pass_1_quant) referenced from jquant1.o(i.jinit_1pass_quantizer)
 <LI><a href="#[8d]">finish_pass_huff</a> from jdhuff.o(i.finish_pass_huff) referenced from jdhuff.o(i.jinit_huff_decoder)
 <LI><a href="#[b7]">format_message</a> from jerror.o(i.format_message) referenced from jerror.o(i.jpeg_std_error)
 <LI><a href="#[67]">fputc</a> from usart.o(i.fputc) referenced from _printf_char_file.o(.text)
 <LI><a href="#[a2]">free_pool</a> from jmemmgr.o(i.free_pool) referenced from jmemmgr.o(i.jinit_memory_mgr)
 <LI><a href="#[fa]">ft5206_scan</a> from ft5206.o(i.ft5206_scan) referenced from touch.o(i.tp_init)
 <LI><a href="#[ab]">fullsize_upsample</a> from jdsample.o(i.fullsize_upsample) referenced from jdsample.o(i.jinit_upsampler)
 <LI><a href="#[96]">get_interesting_appn</a> from jdmarker.o(i.get_interesting_appn) referenced from jdmarker.o(i.jinit_marker_reader)
 <LI><a href="#[7d]">gray_rgb_convert</a> from jdcolor.o(i.gray_rgb_convert) referenced from jdcolor.o(i.jinit_color_deconverter)
 <LI><a href="#[7a]">grayscale_convert</a> from jdcolor.o(i.grayscale_convert) referenced from jdcolor.o(i.jinit_color_deconverter)
 <LI><a href="#[f9]">gt9xxx_scan</a> from gt9xxx.o(i.gt9xxx_scan) referenced from touch.o(i.tp_init)
 <LI><a href="#[a8]">h2v1_merged_upsample</a> from jdmerge.o(i.h2v1_merged_upsample) referenced from jdmerge.o(i.jinit_merged_upsampler)
 <LI><a href="#[ac]">h2v1_upsample</a> from jdsample.o(i.h2v1_upsample) referenced from jdsample.o(i.jinit_upsampler)
 <LI><a href="#[a6]">h2v2_merged_upsample</a> from jdmerge.o(i.h2v2_merged_upsample) referenced from jdmerge.o(i.jinit_merged_upsampler)
 <LI><a href="#[ad]">h2v2_upsample</a> from jdsample.o(i.h2v2_upsample) referenced from jdsample.o(i.jinit_upsampler)
 <LI><a href="#[af]">init_source</a> from mjpeg.o(i.init_source) referenced from mjpeg.o(i.jpeg_filerw_src_init)
 <LI><a href="#[ae]">int_upsample</a> from jdsample.o(i.int_upsample) referenced from jdsample.o(i.jinit_upsampler)
 <LI><a href="#[69]">isspace</a> from isspace.o(.text) referenced from scanf_char.o(.text)
 <LI><a href="#[c9]">jpeg_idct_10x10</a> from jidctint.o(i.jpeg_idct_10x10) referenced from jddctmgr.o(i.start_pass)
 <LI><a href="#[d3]">jpeg_idct_10x5</a> from jidctint.o(i.jpeg_idct_10x5) referenced from jddctmgr.o(i.start_pass)
 <LI><a href="#[ca]">jpeg_idct_11x11</a> from jidctint.o(i.jpeg_idct_11x11) referenced from jddctmgr.o(i.start_pass)
 <LI><a href="#[cb]">jpeg_idct_12x12</a> from jidctint.o(i.jpeg_idct_12x12) referenced from jddctmgr.o(i.start_pass)
 <LI><a href="#[d2]">jpeg_idct_12x6</a> from jidctint.o(i.jpeg_idct_12x6) referenced from jddctmgr.o(i.start_pass)
 <LI><a href="#[cc]">jpeg_idct_13x13</a> from jidctint.o(i.jpeg_idct_13x13) referenced from jddctmgr.o(i.start_pass)
 <LI><a href="#[cd]">jpeg_idct_14x14</a> from jidctint.o(i.jpeg_idct_14x14) referenced from jddctmgr.o(i.start_pass)
 <LI><a href="#[d1]">jpeg_idct_14x7</a> from jidctint.o(i.jpeg_idct_14x7) referenced from jddctmgr.o(i.start_pass)
 <LI><a href="#[ce]">jpeg_idct_15x15</a> from jidctint.o(i.jpeg_idct_15x15) referenced from jddctmgr.o(i.start_pass)
 <LI><a href="#[cf]">jpeg_idct_16x16</a> from jidctint.o(i.jpeg_idct_16x16) referenced from jddctmgr.o(i.start_pass)
 <LI><a href="#[d0]">jpeg_idct_16x8</a> from jidctint.o(i.jpeg_idct_16x8) referenced from jddctmgr.o(i.start_pass)
 <LI><a href="#[c1]">jpeg_idct_1x1</a> from jidctint.o(i.jpeg_idct_1x1) referenced from jddctmgr.o(i.start_pass)
 <LI><a href="#[df]">jpeg_idct_1x2</a> from jidctint.o(i.jpeg_idct_1x2) referenced from jddctmgr.o(i.start_pass)
 <LI><a href="#[d7]">jpeg_idct_2x1</a> from jidctint.o(i.jpeg_idct_2x1) referenced from jddctmgr.o(i.start_pass)
 <LI><a href="#[c2]">jpeg_idct_2x2</a> from jidctint.o(i.jpeg_idct_2x2) referenced from jddctmgr.o(i.start_pass)
 <LI><a href="#[de]">jpeg_idct_2x4</a> from jidctint.o(i.jpeg_idct_2x4) referenced from jddctmgr.o(i.start_pass)
 <LI><a href="#[c3]">jpeg_idct_3x3</a> from jidctint.o(i.jpeg_idct_3x3) referenced from jddctmgr.o(i.start_pass)
 <LI><a href="#[dd]">jpeg_idct_3x6</a> from jidctint.o(i.jpeg_idct_3x6) referenced from jddctmgr.o(i.start_pass)
 <LI><a href="#[d6]">jpeg_idct_4x2</a> from jidctint.o(i.jpeg_idct_4x2) referenced from jddctmgr.o(i.start_pass)
 <LI><a href="#[c4]">jpeg_idct_4x4</a> from jidctint.o(i.jpeg_idct_4x4) referenced from jddctmgr.o(i.start_pass)
 <LI><a href="#[dc]">jpeg_idct_4x8</a> from jidctint.o(i.jpeg_idct_4x8) referenced from jddctmgr.o(i.start_pass)
 <LI><a href="#[db]">jpeg_idct_5x10</a> from jidctint.o(i.jpeg_idct_5x10) referenced from jddctmgr.o(i.start_pass)
 <LI><a href="#[c5]">jpeg_idct_5x5</a> from jidctint.o(i.jpeg_idct_5x5) referenced from jddctmgr.o(i.start_pass)
 <LI><a href="#[da]">jpeg_idct_6x12</a> from jidctint.o(i.jpeg_idct_6x12) referenced from jddctmgr.o(i.start_pass)
 <LI><a href="#[d5]">jpeg_idct_6x3</a> from jidctint.o(i.jpeg_idct_6x3) referenced from jddctmgr.o(i.start_pass)
 <LI><a href="#[c6]">jpeg_idct_6x6</a> from jidctint.o(i.jpeg_idct_6x6) referenced from jddctmgr.o(i.start_pass)
 <LI><a href="#[d9]">jpeg_idct_7x14</a> from jidctint.o(i.jpeg_idct_7x14) referenced from jddctmgr.o(i.start_pass)
 <LI><a href="#[c7]">jpeg_idct_7x7</a> from jidctint.o(i.jpeg_idct_7x7) referenced from jddctmgr.o(i.start_pass)
 <LI><a href="#[d8]">jpeg_idct_8x16</a> from jidctint.o(i.jpeg_idct_8x16) referenced from jddctmgr.o(i.start_pass)
 <LI><a href="#[d4]">jpeg_idct_8x4</a> from jidctint.o(i.jpeg_idct_8x4) referenced from jddctmgr.o(i.start_pass)
 <LI><a href="#[c8]">jpeg_idct_9x9</a> from jidctint.o(i.jpeg_idct_9x9) referenced from jddctmgr.o(i.start_pass)
 <LI><a href="#[e2]">jpeg_idct_float</a> from jidctflt.o(i.jpeg_idct_float) referenced from jddctmgr.o(i.start_pass)
 <LI><a href="#[e1]">jpeg_idct_ifast</a> from jidctfst.o(i.jpeg_idct_ifast) referenced from jddctmgr.o(i.start_pass)
 <LI><a href="#[e0]">jpeg_idct_islow</a> from jidctint.o(i.jpeg_idct_islow) referenced from jddctmgr.o(i.start_pass)
 <LI><a href="#[b2]">jpeg_resync_to_restart</a> from jdmarker.o(i.jpeg_resync_to_restart) referenced from mjpeg.o(i.jpeg_filerw_src_init)
 <LI><a href="#[a7]">merged_1v_upsample</a> from jdmerge.o(i.merged_1v_upsample) referenced from jdmerge.o(i.jinit_merged_upsampler)
 <LI><a href="#[a5]">merged_2v_upsample</a> from jdmerge.o(i.merged_2v_upsample) referenced from jdmerge.o(i.jinit_merged_upsampler)
 <LI><a href="#[ba]">my_emit_message</a> from mjpeg.o(i.my_emit_message) referenced from mjpeg.o(i.mjpegdec_decode)
 <LI><a href="#[b9]">my_error_exit</a> from mjpeg.o(i.my_error_exit) referenced from mjpeg.o(i.mjpegdec_decode)
 <LI><a href="#[ff]">my_mem_init</a> from malloc.o(i.my_mem_init) referenced from malloc.o(.data)
 <LI><a href="#[100]">my_mem_perused</a> from malloc.o(i.my_mem_perused) referenced from malloc.o(.data)
 <LI><a href="#[74]">new_color_map_1_quant</a> from jquant1.o(i.new_color_map_1_quant) referenced from jquant1.o(i.jinit_1pass_quantizer)
 <LI><a href="#[76]">new_color_map_2_quant</a> from jquant2.o(i.new_color_map_2_quant) referenced from jquant2.o(i.jinit_2pass_quantizer)
 <LI><a href="#[83]">null_convert</a> from jdcolor.o(i.null_convert) referenced from jdcolor.o(i.jinit_color_deconverter)
 <LI><a href="#[b6]">output_message</a> from jerror.o(i.output_message) referenced from jerror.o(i.jpeg_std_error)
 <LI><a href="#[ea]">pass2_fs_dither</a> from jquant2.o(i.pass2_fs_dither) referenced from jquant2.o(i.start_pass_2_quant)
 <LI><a href="#[eb]">pass2_no_dither</a> from jquant2.o(i.pass2_no_dither) referenced from jquant2.o(i.start_pass_2_quant)
 <LI><a href="#[ed]">post_process_1pass</a> from jdpostct.o(i.post_process_1pass) referenced from jdpostct.o(i.start_pass_dpost)
 <LI><a href="#[ef]">post_process_2pass</a> from jdpostct.o(i.post_process_2pass) referenced from jdpostct.o(i.start_pass_dpost)
 <LI><a href="#[ee]">post_process_prepass</a> from jdpostct.o(i.post_process_prepass) referenced from jdpostct.o(i.start_pass_dpost)
 <LI><a href="#[97]">prepare_for_output_pass</a> from jdmaster.o(i.prepare_for_output_pass) referenced from jdmaster.o(i.jinit_master_decompress)
 <LI><a href="#[e8]">prescan_quantize</a> from jquant2.o(i.prescan_quantize) referenced from jquant2.o(i.start_pass_2_quant)
 <LI><a href="#[f6]">process_data_context_main</a> from jdmainct.o(i.process_data_context_main) referenced from jdmainct.o(i.start_pass_main)
 <LI><a href="#[f8]">process_data_crank_post</a> from jdmainct.o(i.process_data_crank_post) referenced from jdmainct.o(i.start_pass_main)
 <LI><a href="#[f7]">process_data_simple_main</a> from jdmainct.o(i.process_data_simple_main) referenced from jdmainct.o(i.start_pass_main)
 <LI><a href="#[e5]">quantize3_ord_dither</a> from jquant1.o(i.quantize3_ord_dither) referenced from jquant1.o(i.start_pass_1_quant)
 <LI><a href="#[e7]">quantize_fs_dither</a> from jquant1.o(i.quantize_fs_dither) referenced from jquant1.o(i.start_pass_1_quant)
 <LI><a href="#[e6]">quantize_ord_dither</a> from jquant1.o(i.quantize_ord_dither) referenced from jquant1.o(i.start_pass_1_quant)
 <LI><a href="#[93]">read_markers</a> from jdmarker.o(i.read_markers) referenced from jdmarker.o(i.jinit_marker_reader)
 <LI><a href="#[94]">read_restart_marker</a> from jdmarker.o(i.read_restart_marker) referenced from jdmarker.o(i.jinit_marker_reader)
 <LI><a href="#[9f]">realize_virt_arrays</a> from jmemmgr.o(i.realize_virt_arrays) referenced from jmemmgr.o(i.jinit_memory_mgr)
 <LI><a href="#[9e]">request_virt_barray</a> from jmemmgr.o(i.request_virt_barray) referenced from jmemmgr.o(i.jinit_memory_mgr)
 <LI><a href="#[9d]">request_virt_sarray</a> from jmemmgr.o(i.request_virt_sarray) referenced from jmemmgr.o(i.jinit_memory_mgr)
 <LI><a href="#[b8]">reset_error_mgr</a> from jerror.o(i.reset_error_mgr) referenced from jerror.o(i.jpeg_std_error)
 <LI><a href="#[8e]">reset_input_controller</a> from jdinput.o(i.reset_input_controller) referenced from jdinput.o(i.jinit_input_controller)
 <LI><a href="#[92]">reset_marker_reader</a> from jdmarker.o(i.reset_marker_reader) referenced from jdmarker.o(i.jinit_marker_reader)
 <LI><a href="#[7c]">rgb1_gray_convert</a> from jdcolor.o(i.rgb1_gray_convert) referenced from jdcolor.o(i.jinit_color_deconverter)
 <LI><a href="#[80]">rgb1_rgb_convert</a> from jdcolor.o(i.rgb1_rgb_convert) referenced from jdcolor.o(i.jinit_color_deconverter)
 <LI><a href="#[7f]">rgb_convert</a> from jdcolor.o(i.rgb_convert) referenced from jdcolor.o(i.jinit_color_deconverter)
 <LI><a href="#[7b]">rgb_gray_convert</a> from jdcolor.o(i.rgb_gray_convert) referenced from jdcolor.o(i.jinit_color_deconverter)
 <LI><a href="#[a3]">self_destruct</a> from jmemmgr.o(i.self_destruct) referenced from jmemmgr.o(i.jinit_memory_mgr)
 <LI><a href="#[aa]">sep_upsample</a> from jdsample.o(i.sep_upsample) referenced from jdsample.o(i.jinit_upsampler)
 <LI><a href="#[b1]">skip_input_data</a> from mjpeg.o(i.skip_input_data) referenced from mjpeg.o(i.jpeg_filerw_src_init)
 <LI><a href="#[95]">skip_variable</a> from jdmarker.o(i.skip_variable) referenced from jdmarker.o(i.jinit_marker_reader)
 <LI><a href="#[88]">start_input_pass</a> from jdcoefct.o(i.start_input_pass) referenced from jdcoefct.o(i.jinit_d_coef_controller)
 <LI><a href="#[8f]">start_input_pass</a> from jdinput.o(i.start_input_pass) referenced from jdinput.o(i.jinit_input_controller)
 <LI><a href="#[89]">start_output_pass</a> from jdcoefct.o(i.start_output_pass) referenced from jdcoefct.o(i.jinit_d_coef_controller)
 <LI><a href="#[77]">start_pass</a> from jdarith.o(i.start_pass) referenced from jdarith.o(i.jinit_arith_decoder)
 <LI><a href="#[91]">start_pass</a> from jddctmgr.o(i.start_pass) referenced from jddctmgr.o(i.jinit_inverse_dct)
 <LI><a href="#[72]">start_pass_1_quant</a> from jquant1.o(i.start_pass_1_quant) referenced from jquant1.o(i.jinit_1pass_quantizer)
 <LI><a href="#[75]">start_pass_2_quant</a> from jquant2.o(i.start_pass_2_quant) referenced from jquant2.o(i.jinit_2pass_quantizer)
 <LI><a href="#[79]">start_pass_dcolor</a> from jdcolor.o(i.start_pass_dcolor) referenced from jdcolor.o(i.jinit_color_deconverter)
 <LI><a href="#[8b]">start_pass_dpost</a> from jdpostct.o(i.start_pass_dpost) referenced from jdpostct.o(i.jinit_d_post_controller)
 <LI><a href="#[8c]">start_pass_huff_decoder</a> from jdhuff.o(i.start_pass_huff_decoder) referenced from jdhuff.o(i.jinit_huff_decoder)
 <LI><a href="#[8a]">start_pass_main</a> from jdmainct.o(i.start_pass_main) referenced from jdmainct.o(i.jinit_d_main_controller)
 <LI><a href="#[a4]">start_pass_merged_upsample</a> from jdmerge.o(i.start_pass_merged_upsample) referenced from jdmerge.o(i.jinit_merged_upsampler)
 <LI><a href="#[a9]">start_pass_upsample</a> from jdsample.o(i.start_pass_upsample) referenced from jdsample.o(i.jinit_upsampler)
 <LI><a href="#[b3]">term_source</a> from mjpeg.o(i.term_source) referenced from mjpeg.o(i.jpeg_filerw_src_init)
 <LI><a href="#[fe]">tp_adjust</a> from touch.o(i.tp_adjust) referenced from touch.o(.data)
 <LI><a href="#[fc]">tp_init</a> from touch.o(i.tp_init) referenced from touch.o(.data)
 <LI><a href="#[fd]">tp_scan</a> from touch.o(i.tp_scan) referenced from touch.o(.data)
 <LI><a href="#[fb]">vp_audio_dma_cb</a> from video_player.o(i.vp_audio_dma_cb) referenced from video_player.o(i.vp_play_avi)
 <LI><a href="#[7e]">ycc_rgb_convert</a> from jdcolor.o(i.ycc_rgb_convert) referenced from jdcolor.o(i.jinit_color_deconverter)
 <LI><a href="#[81]">ycck_cmyk_convert</a> from jdcolor.o(i.ycck_cmyk_convert) referenced from jdcolor.o(i.jinit_color_deconverter)
</UL>
<P>
<H3>
Global Symbols
</H3>
<P><STRONG><a name="[101]"></a>__main</STRONG> (Thumb, 8 bytes, Stack size 0 bytes, __main.o(!!!main))
<BR><BR>[Calls]<UL><LI><a href="#[103]">&gt;&gt;</a>&nbsp;&nbsp;&nbsp;__rt_entry
<LI><a href="#[102]">&gt;&gt;</a>&nbsp;&nbsp;&nbsp;__scatterload
</UL>

<P><STRONG><a name="[102]"></a>__scatterload</STRONG> (Thumb, 0 bytes, Stack size unknown bytes, __scatter.o(!!!scatter))
<BR><BR>[Called By]<UL><LI><a href="#[101]">&gt;&gt;</a>&nbsp;&nbsp;&nbsp;__main
</UL>

<P><STRONG><a name="[104]"></a>__scatterload_rt2</STRONG> (Thumb, 44 bytes, Stack size unknown bytes, __scatter.o(!!!scatter), UNUSED)
<BR><BR>[Calls]<UL><LI><a href="#[103]">&gt;&gt;</a>&nbsp;&nbsp;&nbsp;__rt_entry
</UL>

<P><STRONG><a name="[3c4]"></a>__scatterload_rt2_thumb_only</STRONG> (Thumb, 0 bytes, Stack size unknown bytes, __scatter.o(!!!scatter), UNUSED)

<P><STRONG><a name="[3c5]"></a>__scatterload_null</STRONG> (Thumb, 0 bytes, Stack size unknown bytes, __scatter.o(!!!scatter), UNUSED)

<P><STRONG><a name="[105]"></a>__scatterload_copy</STRONG> (Thumb, 26 bytes, Stack size unknown bytes, __scatter_copy.o(!!handler_copy), UNUSED)
<BR><BR>[Calls]<UL><LI><a href="#[105]">&gt;&gt;</a>&nbsp;&nbsp;&nbsp;__scatterload_copy
</UL>
<BR>[Called By]<UL><LI><a href="#[105]">&gt;&gt;</a>&nbsp;&nbsp;&nbsp;__scatterload_copy
</UL>

<P><STRONG><a name="[3c6]"></a>__scatterload_zeroinit</STRONG> (Thumb, 28 bytes, Stack size unknown bytes, __scatter_zi.o(!!handler_zi), UNUSED)

<P><STRONG><a name="[106]"></a>_printf_n</STRONG> (Thumb, 0 bytes, Stack size unknown bytes, _printf_n.o(.ARM.Collect$$_printf_percent$$00000001))
<BR><BR>[Calls]<UL><LI><a href="#[107]">&gt;&gt;</a>&nbsp;&nbsp;&nbsp;_printf_charcount
</UL>

<P><STRONG><a name="[140]"></a>_printf_percent</STRONG> (Thumb, 0 bytes, Stack size unknown bytes, _printf_percent.o(.ARM.Collect$$_printf_percent$$00000000))
<BR><BR>[Called By]<UL><LI><a href="#[13e]">&gt;&gt;</a>&nbsp;&nbsp;&nbsp;__printf
</UL>

<P><STRONG><a name="[108]"></a>_printf_p</STRONG> (Thumb, 0 bytes, Stack size unknown bytes, _printf_p.o(.ARM.Collect$$_printf_percent$$00000002))
<BR><BR>[Stack]<UL><LI>Max Depth = 64 + Unknown Stack Size
<LI>Call Chain = _printf_p &rArr; _printf_hex_ptr &rArr; _printf_longlong_hex &rArr; _printf_int_common &rArr; _printf_post_padding
</UL>
<BR>[Calls]<UL><LI><a href="#[109]">&gt;&gt;</a>&nbsp;&nbsp;&nbsp;_printf_hex_ptr
</UL>

<P><STRONG><a name="[10a]"></a>_printf_f</STRONG> (Thumb, 0 bytes, Stack size unknown bytes, _printf_f.o(.ARM.Collect$$_printf_percent$$00000003))
<BR><BR>[Stack]<UL><LI>Max Depth = 324 + Unknown Stack Size
<LI>Call Chain = _printf_f &rArr; _printf_fp_dec &rArr; _printf_fp_dec_real &rArr; _fp_digits &rArr; _btod_etento &rArr; _btod_emul &rArr; _e2e
</UL>
<BR>[Calls]<UL><LI><a href="#[10b]">&gt;&gt;</a>&nbsp;&nbsp;&nbsp;_printf_fp_dec
</UL>

<P><STRONG><a name="[10c]"></a>_printf_e</STRONG> (Thumb, 0 bytes, Stack size unknown bytes, _printf_e.o(.ARM.Collect$$_printf_percent$$00000004))
<BR><BR>[Stack]<UL><LI>Max Depth = 324 + Unknown Stack Size
<LI>Call Chain = _printf_e &rArr; _printf_fp_dec &rArr; _printf_fp_dec_real &rArr; _fp_digits &rArr; _btod_etento &rArr; _btod_emul &rArr; _e2e
</UL>
<BR>[Calls]<UL><LI><a href="#[10b]">&gt;&gt;</a>&nbsp;&nbsp;&nbsp;_printf_fp_dec
</UL>

<P><STRONG><a name="[10d]"></a>_printf_g</STRONG> (Thumb, 0 bytes, Stack size unknown bytes, _printf_g.o(.ARM.Collect$$_printf_percent$$00000005))
<BR><BR>[Stack]<UL><LI>Max Depth = 324 + Unknown Stack Size
<LI>Call Chain = _printf_g &rArr; _printf_fp_dec &rArr; _printf_fp_dec_real &rArr; _fp_digits &rArr; _btod_etento &rArr; _btod_emul &rArr; _e2e
</UL>
<BR>[Calls]<UL><LI><a href="#[10b]">&gt;&gt;</a>&nbsp;&nbsp;&nbsp;_printf_fp_dec
</UL>

<P><STRONG><a name="[10e]"></a>_printf_a</STRONG> (Thumb, 0 bytes, Stack size unknown bytes, _printf_a.o(.ARM.Collect$$_printf_percent$$00000006))
<BR><BR>[Stack]<UL><LI>Max Depth = 112 + Unknown Stack Size
<LI>Call Chain = _printf_a &rArr; _printf_fp_hex &rArr; _printf_fp_hex_real &rArr; _printf_fp_infnan &rArr; _printf_post_padding
</UL>
<BR>[Calls]<UL><LI><a href="#[10f]">&gt;&gt;</a>&nbsp;&nbsp;&nbsp;_printf_fp_hex
</UL>

<P><STRONG><a name="[110]"></a>_printf_i</STRONG> (Thumb, 0 bytes, Stack size unknown bytes, _printf_i.o(.ARM.Collect$$_printf_percent$$00000008))
<BR><BR>[Stack]<UL><LI>Max Depth = 72 + Unknown Stack Size
<LI>Call Chain = _printf_i &rArr; _printf_int_dec &rArr; _printf_int_common &rArr; _printf_post_padding
</UL>
<BR>[Calls]<UL><LI><a href="#[111]">&gt;&gt;</a>&nbsp;&nbsp;&nbsp;_printf_int_dec
</UL>

<P><STRONG><a name="[112]"></a>_printf_d</STRONG> (Thumb, 0 bytes, Stack size unknown bytes, _printf_d.o(.ARM.Collect$$_printf_percent$$00000009))
<BR><BR>[Stack]<UL><LI>Max Depth = 72 + Unknown Stack Size
<LI>Call Chain = _printf_d &rArr; _printf_int_dec &rArr; _printf_int_common &rArr; _printf_post_padding
</UL>
<BR>[Calls]<UL><LI><a href="#[111]">&gt;&gt;</a>&nbsp;&nbsp;&nbsp;_printf_int_dec
</UL>

<P><STRONG><a name="[113]"></a>_printf_u</STRONG> (Thumb, 0 bytes, Stack size unknown bytes, _printf_u.o(.ARM.Collect$$_printf_percent$$0000000A))
<BR><BR>[Stack]<UL><LI>Max Depth = 72 + Unknown Stack Size
<LI>Call Chain = _printf_u &rArr; _printf_int_dec &rArr; _printf_int_common &rArr; _printf_post_padding
</UL>
<BR>[Calls]<UL><LI><a href="#[111]">&gt;&gt;</a>&nbsp;&nbsp;&nbsp;_printf_int_dec
</UL>

<P><STRONG><a name="[114]"></a>_printf_o</STRONG> (Thumb, 0 bytes, Stack size unknown bytes, _printf_o.o(.ARM.Collect$$_printf_percent$$0000000B))
<BR><BR>[Stack]<UL><LI>Max Depth = 64 + Unknown Stack Size
<LI>Call Chain = _printf_o &rArr; _printf_int_oct &rArr; _printf_int_common &rArr; _printf_post_padding
</UL>
<BR>[Calls]<UL><LI><a href="#[115]">&gt;&gt;</a>&nbsp;&nbsp;&nbsp;_printf_int_oct
</UL>

<P><STRONG><a name="[116]"></a>_printf_x</STRONG> (Thumb, 0 bytes, Stack size unknown bytes, _printf_x.o(.ARM.Collect$$_printf_percent$$0000000C))
<BR><BR>[Stack]<UL><LI>Max Depth = 80 + Unknown Stack Size
<LI>Call Chain = _printf_x &rArr; _printf_int_hex &rArr; _printf_longlong_hex &rArr; _printf_int_common &rArr; _printf_post_padding
</UL>
<BR>[Calls]<UL><LI><a href="#[117]">&gt;&gt;</a>&nbsp;&nbsp;&nbsp;_printf_int_hex
</UL>

<P><STRONG><a name="[3c7]"></a>_printf_l</STRONG> (Thumb, 0 bytes, Stack size unknown bytes, _printf_l.o(.ARM.Collect$$_printf_percent$$00000012))

<P><STRONG><a name="[118]"></a>_printf_c</STRONG> (Thumb, 0 bytes, Stack size unknown bytes, _printf_c.o(.ARM.Collect$$_printf_percent$$00000013))
<BR><BR>[Stack]<UL><LI>Max Depth = 40 + Unknown Stack Size
<LI>Call Chain = _printf_c &rArr; _printf_char &rArr; _printf_cs_common &rArr; _printf_str &rArr; _printf_post_padding
</UL>
<BR>[Calls]<UL><LI><a href="#[119]">&gt;&gt;</a>&nbsp;&nbsp;&nbsp;_printf_char
</UL>

<P><STRONG><a name="[11a]"></a>_printf_s</STRONG> (Thumb, 0 bytes, Stack size unknown bytes, _printf_s.o(.ARM.Collect$$_printf_percent$$00000014))
<BR><BR>[Stack]<UL><LI>Max Depth = 40 + Unknown Stack Size
<LI>Call Chain = _printf_s &rArr; _printf_string &rArr; _printf_cs_common &rArr; _printf_str &rArr; _printf_post_padding
</UL>
<BR>[Calls]<UL><LI><a href="#[11b]">&gt;&gt;</a>&nbsp;&nbsp;&nbsp;_printf_string
</UL>

<P><STRONG><a name="[11c]"></a>_printf_lc</STRONG> (Thumb, 0 bytes, Stack size unknown bytes, _printf_lc.o(.ARM.Collect$$_printf_percent$$00000015))
<BR><BR>[Stack]<UL><LI>Max Depth = 88 + Unknown Stack Size
<LI>Call Chain = _printf_lc &rArr; _printf_wchar &rArr; _printf_lcs_common &rArr; _printf_wctomb &rArr; _wcrtomb &rArr; __rt_ctype_table
</UL>
<BR>[Calls]<UL><LI><a href="#[11d]">&gt;&gt;</a>&nbsp;&nbsp;&nbsp;_printf_wchar
</UL>

<P><STRONG><a name="[3c8]"></a>_printf_percent_end</STRONG> (Thumb, 0 bytes, Stack size unknown bytes, _printf_percent_end.o(.ARM.Collect$$_printf_percent$$00000017))

<P><STRONG><a name="[128]"></a>__rt_lib_init</STRONG> (Thumb, 0 bytes, Stack size unknown bytes, libinit.o(.ARM.Collect$$libinit$$00000000))
<BR><BR>[Called By]<UL><LI><a href="#[127]">&gt;&gt;</a>&nbsp;&nbsp;&nbsp;__rt_entry_li
</UL>

<P><STRONG><a name="[11e]"></a>__rt_lib_init_fp_1</STRONG> (Thumb, 0 bytes, Stack size unknown bytes, libinit2.o(.ARM.Collect$$libinit$$00000001))
<BR><BR>[Calls]<UL><LI><a href="#[11f]">&gt;&gt;</a>&nbsp;&nbsp;&nbsp;_fp_init
</UL>

<P><STRONG><a name="[3c9]"></a>__rt_lib_init_heap_1</STRONG> (Thumb, 0 bytes, Stack size unknown bytes, libinit2.o(.ARM.Collect$$libinit$$0000000A))

<P><STRONG><a name="[120]"></a>__rt_lib_init_lc_common</STRONG> (Thumb, 0 bytes, Stack size unknown bytes, libinit2.o(.ARM.Collect$$libinit$$0000000F))
<BR><BR>[Calls]<UL><LI><a href="#[121]">&gt;&gt;</a>&nbsp;&nbsp;&nbsp;__rt_locale
</UL>

<P><STRONG><a name="[3ca]"></a>__rt_lib_init_preinit_1</STRONG> (Thumb, 0 bytes, Stack size unknown bytes, libinit2.o(.ARM.Collect$$libinit$$00000004))

<P><STRONG><a name="[3cb]"></a>__rt_lib_init_rand_1</STRONG> (Thumb, 0 bytes, Stack size unknown bytes, libinit2.o(.ARM.Collect$$libinit$$0000000E))

<P><STRONG><a name="[3cc]"></a>__rt_lib_init_user_alloc_1</STRONG> (Thumb, 0 bytes, Stack size unknown bytes, libinit2.o(.ARM.Collect$$libinit$$0000000C))

<P><STRONG><a name="[3cd]"></a>__rt_lib_init_lc_collate_1</STRONG> (Thumb, 0 bytes, Stack size unknown bytes, libinit2.o(.ARM.Collect$$libinit$$00000011))

<P><STRONG><a name="[122]"></a>__rt_lib_init_lc_ctype_2</STRONG> (Thumb, 0 bytes, Stack size unknown bytes, libinit2.o(.ARM.Collect$$libinit$$00000012))
<BR><BR>[Stack]<UL><LI>Max Depth = 8 + Unknown Stack Size
<LI>Call Chain = __rt_lib_init_lc_ctype_2 &rArr; _get_lc_ctype
</UL>
<BR>[Calls]<UL><LI><a href="#[6a]">&gt;&gt;</a>&nbsp;&nbsp;&nbsp;_get_lc_ctype
</UL>

<P><STRONG><a name="[3ce]"></a>__rt_lib_init_lc_ctype_1</STRONG> (Thumb, 0 bytes, Stack size unknown bytes, libinit2.o(.ARM.Collect$$libinit$$00000013))

<P><STRONG><a name="[3cf]"></a>__rt_lib_init_lc_monetary_1</STRONG> (Thumb, 0 bytes, Stack size unknown bytes, libinit2.o(.ARM.Collect$$libinit$$00000015))

<P><STRONG><a name="[123]"></a>__rt_lib_init_lc_numeric_2</STRONG> (Thumb, 0 bytes, Stack size unknown bytes, libinit2.o(.ARM.Collect$$libinit$$00000016))
<BR><BR>[Stack]<UL><LI>Max Depth = 8 + Unknown Stack Size
<LI>Call Chain = __rt_lib_init_lc_numeric_2 &rArr; _get_lc_numeric
</UL>
<BR>[Calls]<UL><LI><a href="#[124]">&gt;&gt;</a>&nbsp;&nbsp;&nbsp;_get_lc_numeric
</UL>

<P><STRONG><a name="[3d0]"></a>__rt_lib_init_alloca_1</STRONG> (Thumb, 0 bytes, Stack size unknown bytes, libinit2.o(.ARM.Collect$$libinit$$0000002E))

<P><STRONG><a name="[3d1]"></a>__rt_lib_init_argv_1</STRONG> (Thumb, 0 bytes, Stack size unknown bytes, libinit2.o(.ARM.Collect$$libinit$$0000002C))

<P><STRONG><a name="[3d2]"></a>__rt_lib_init_atexit_1</STRONG> (Thumb, 0 bytes, Stack size unknown bytes, libinit2.o(.ARM.Collect$$libinit$$0000001B))

<P><STRONG><a name="[3d3]"></a>__rt_lib_init_clock_1</STRONG> (Thumb, 0 bytes, Stack size unknown bytes, libinit2.o(.ARM.Collect$$libinit$$00000021))

<P><STRONG><a name="[3d4]"></a>__rt_lib_init_cpp_1</STRONG> (Thumb, 0 bytes, Stack size unknown bytes, libinit2.o(.ARM.Collect$$libinit$$00000032))

<P><STRONG><a name="[3d5]"></a>__rt_lib_init_exceptions_1</STRONG> (Thumb, 0 bytes, Stack size unknown bytes, libinit2.o(.ARM.Collect$$libinit$$00000030))

<P><STRONG><a name="[3d6]"></a>__rt_lib_init_fp_trap_1</STRONG> (Thumb, 0 bytes, Stack size unknown bytes, libinit2.o(.ARM.Collect$$libinit$$0000001F))

<P><STRONG><a name="[3d7]"></a>__rt_lib_init_getenv_1</STRONG> (Thumb, 0 bytes, Stack size unknown bytes, libinit2.o(.ARM.Collect$$libinit$$00000023))

<P><STRONG><a name="[3d8]"></a>__rt_lib_init_lc_numeric_1</STRONG> (Thumb, 0 bytes, Stack size unknown bytes, libinit2.o(.ARM.Collect$$libinit$$00000017))

<P><STRONG><a name="[3d9]"></a>__rt_lib_init_lc_time_1</STRONG> (Thumb, 0 bytes, Stack size unknown bytes, libinit2.o(.ARM.Collect$$libinit$$00000019))

<P><STRONG><a name="[3da]"></a>__rt_lib_init_return</STRONG> (Thumb, 0 bytes, Stack size unknown bytes, libinit2.o(.ARM.Collect$$libinit$$00000033))

<P><STRONG><a name="[3db]"></a>__rt_lib_init_signal_1</STRONG> (Thumb, 0 bytes, Stack size unknown bytes, libinit2.o(.ARM.Collect$$libinit$$0000001D))

<P><STRONG><a name="[3dc]"></a>__rt_lib_init_stdio_1</STRONG> (Thumb, 0 bytes, Stack size unknown bytes, libinit2.o(.ARM.Collect$$libinit$$00000025))

<P><STRONG><a name="[12d]"></a>__rt_lib_shutdown</STRONG> (Thumb, 0 bytes, Stack size unknown bytes, libshutdown.o(.ARM.Collect$$libshutdown$$00000000))
<BR><BR>[Called By]<UL><LI><a href="#[12c]">&gt;&gt;</a>&nbsp;&nbsp;&nbsp;__rt_exit_ls
</UL>

<P><STRONG><a name="[3dd]"></a>__rt_lib_shutdown_cpp_1</STRONG> (Thumb, 0 bytes, Stack size unknown bytes, libshutdown2.o(.ARM.Collect$$libshutdown$$00000002))

<P><STRONG><a name="[3de]"></a>__rt_lib_shutdown_fp_trap_1</STRONG> (Thumb, 0 bytes, Stack size unknown bytes, libshutdown2.o(.ARM.Collect$$libshutdown$$00000007))

<P><STRONG><a name="[3df]"></a>__rt_lib_shutdown_heap_1</STRONG> (Thumb, 0 bytes, Stack size unknown bytes, libshutdown2.o(.ARM.Collect$$libshutdown$$0000000F))

<P><STRONG><a name="[3e0]"></a>__rt_lib_shutdown_return</STRONG> (Thumb, 0 bytes, Stack size unknown bytes, libshutdown2.o(.ARM.Collect$$libshutdown$$00000010))

<P><STRONG><a name="[3e1]"></a>__rt_lib_shutdown_signal_1</STRONG> (Thumb, 0 bytes, Stack size unknown bytes, libshutdown2.o(.ARM.Collect$$libshutdown$$0000000A))

<P><STRONG><a name="[3e2]"></a>__rt_lib_shutdown_stdio_1</STRONG> (Thumb, 0 bytes, Stack size unknown bytes, libshutdown2.o(.ARM.Collect$$libshutdown$$00000004))

<P><STRONG><a name="[3e3]"></a>__rt_lib_shutdown_user_alloc_1</STRONG> (Thumb, 0 bytes, Stack size unknown bytes, libshutdown2.o(.ARM.Collect$$libshutdown$$0000000C))

<P><STRONG><a name="[103]"></a>__rt_entry</STRONG> (Thumb, 0 bytes, Stack size unknown bytes, __rtentry.o(.ARM.Collect$$rtentry$$00000000))
<BR><BR>[Called By]<UL><LI><a href="#[101]">&gt;&gt;</a>&nbsp;&nbsp;&nbsp;__main
<LI><a href="#[104]">&gt;&gt;</a>&nbsp;&nbsp;&nbsp;__scatterload_rt2
</UL>

<P><STRONG><a name="[3e4]"></a>__rt_entry_presh_1</STRONG> (Thumb, 0 bytes, Stack size unknown bytes, __rtentry2.o(.ARM.Collect$$rtentry$$00000002))

<P><STRONG><a name="[125]"></a>__rt_entry_sh</STRONG> (Thumb, 0 bytes, Stack size unknown bytes, __rtentry4.o(.ARM.Collect$$rtentry$$00000004))
<BR><BR>[Stack]<UL><LI>Max Depth = 8 + Unknown Stack Size
<LI>Call Chain = __rt_entry_sh &rArr; __user_setup_stackheap
</UL>
<BR>[Calls]<UL><LI><a href="#[126]">&gt;&gt;</a>&nbsp;&nbsp;&nbsp;__user_setup_stackheap
</UL>

<P><STRONG><a name="[127]"></a>__rt_entry_li</STRONG> (Thumb, 0 bytes, Stack size unknown bytes, __rtentry2.o(.ARM.Collect$$rtentry$$0000000A))
<BR><BR>[Calls]<UL><LI><a href="#[128]">&gt;&gt;</a>&nbsp;&nbsp;&nbsp;__rt_lib_init
</UL>

<P><STRONG><a name="[3e5]"></a>__rt_entry_postsh_1</STRONG> (Thumb, 0 bytes, Stack size unknown bytes, __rtentry2.o(.ARM.Collect$$rtentry$$00000009))

<P><STRONG><a name="[129]"></a>__rt_entry_main</STRONG> (Thumb, 0 bytes, Stack size unknown bytes, __rtentry2.o(.ARM.Collect$$rtentry$$0000000D))
<BR><BR>[Stack]<UL><LI>Max Depth = 1032 + Unknown Stack Size
<LI>Call Chain = __rt_entry_main &rArr; main &rArr; main_menu_run &rArr; video_player_run &rArr; vp_play_avi &rArr; f_open &rArr; dir_register &rArr; dir_find &rArr; dir_read &rArr; load_xdir &rArr; dir_next &rArr; create_chain &rArr; fill_last_frag &rArr; put_fat &rArr; move_window &rArr; sync_window &rArr; disk_write &rArr; norflash_write &rArr; norflash_write_nocheck &rArr; norflash_write_page &rArr; norflash_wait_busy &rArr; norflash_read_sr &rArr; spi1_read_write_byte &rArr; HAL_SPI_TransmitReceive &rArr; SPI_EndRxTxTransaction &rArr; SPI_WaitFlagStateUntilTimeout
</UL>
<BR>[Calls]<UL><LI><a href="#[12a]">&gt;&gt;</a>&nbsp;&nbsp;&nbsp;main
<LI><a href="#[12b]">&gt;&gt;</a>&nbsp;&nbsp;&nbsp;exit
</UL>

<P><STRONG><a name="[3e6]"></a>__rt_entry_postli_1</STRONG> (Thumb, 0 bytes, Stack size unknown bytes, __rtentry2.o(.ARM.Collect$$rtentry$$0000000C))

<P><STRONG><a name="[16e]"></a>__rt_exit</STRONG> (Thumb, 0 bytes, Stack size unknown bytes, rtexit.o(.ARM.Collect$$rtexit$$00000000))
<BR><BR>[Called By]<UL><LI><a href="#[12b]">&gt;&gt;</a>&nbsp;&nbsp;&nbsp;exit
</UL>

<P><STRONG><a name="[12c]"></a>__rt_exit_ls</STRONG> (Thumb, 0 bytes, Stack size unknown bytes, rtexit2.o(.ARM.Collect$$rtexit$$00000003))
<BR><BR>[Calls]<UL><LI><a href="#[12d]">&gt;&gt;</a>&nbsp;&nbsp;&nbsp;__rt_lib_shutdown
</UL>

<P><STRONG><a name="[3e7]"></a>__rt_exit_prels_1</STRONG> (Thumb, 0 bytes, Stack size unknown bytes, rtexit2.o(.ARM.Collect$$rtexit$$00000002))

<P><STRONG><a name="[12e]"></a>__rt_exit_exit</STRONG> (Thumb, 0 bytes, Stack size unknown bytes, rtexit2.o(.ARM.Collect$$rtexit$$00000004))
<BR><BR>[Calls]<UL><LI><a href="#[12f]">&gt;&gt;</a>&nbsp;&nbsp;&nbsp;_sys_exit
</UL>

<P><STRONG><a name="[5]"></a>Reset_Handler</STRONG> (Thumb, 18 bytes, Stack size 0 bytes, startup_stm32f407xx.o(.text))
<BR>[Address Reference Count : 1]<UL><LI> startup_stm32f407xx.o(RESET)
</UL>
<P><STRONG><a name="[21]"></a>ADC_IRQHandler</STRONG> (Thumb, 0 bytes, Stack size 0 bytes, startup_stm32f407xx.o(.text))
<BR><BR>[Calls]<UL><LI><a href="#[21]">&gt;&gt;</a>&nbsp;&nbsp;&nbsp;ADC_IRQHandler
</UL>
<BR>[Called By]<UL><LI><a href="#[21]">&gt;&gt;</a>&nbsp;&nbsp;&nbsp;ADC_IRQHandler
</UL>
<BR>[Address Reference Count : 1]<UL><LI> startup_stm32f407xx.o(RESET)
</UL>
<P><STRONG><a name="[23]"></a>CAN1_RX0_IRQHandler</STRONG> (Thumb, 0 bytes, Stack size 0 bytes, startup_stm32f407xx.o(.text))
<BR>[Address Reference Count : 1]<UL><LI> startup_stm32f407xx.o(RESET)
</UL>
<P><STRONG><a name="[24]"></a>CAN1_RX1_IRQHandler</STRONG> (Thumb, 0 bytes, Stack size 0 bytes, startup_stm32f407xx.o(.text))
<BR>[Address Reference Count : 1]<UL><LI> startup_stm32f407xx.o(RESET)
</UL>
<P><STRONG><a name="[25]"></a>CAN1_SCE_IRQHandler</STRONG> (Thumb, 0 bytes, Stack size 0 bytes, startup_stm32f407xx.o(.text))
<BR>[Address Reference Count : 1]<UL><LI> startup_stm32f407xx.o(RESET)
</UL>
<P><STRONG><a name="[22]"></a>CAN1_TX_IRQHandler</STRONG> (Thumb, 0 bytes, Stack size 0 bytes, startup_stm32f407xx.o(.text))
<BR>[Address Reference Count : 1]<UL><LI> startup_stm32f407xx.o(RESET)
</UL>
<P><STRONG><a name="[4f]"></a>CAN2_RX0_IRQHandler</STRONG> (Thumb, 0 bytes, Stack size 0 bytes, startup_stm32f407xx.o(.text))
<BR>[Address Reference Count : 1]<UL><LI> startup_stm32f407xx.o(RESET)
</UL>
<P><STRONG><a name="[50]"></a>CAN2_RX1_IRQHandler</STRONG> (Thumb, 0 bytes, Stack size 0 bytes, startup_stm32f407xx.o(.text))
<BR>[Address Reference Count : 1]<UL><LI> startup_stm32f407xx.o(RESET)
</UL>
<P><STRONG><a name="[51]"></a>CAN2_SCE_IRQHandler</STRONG> (Thumb, 0 bytes, Stack size 0 bytes, startup_stm32f407xx.o(.text))
<BR>[Address Reference Count : 1]<UL><LI> startup_stm32f407xx.o(RESET)
</UL>
<P><STRONG><a name="[4e]"></a>CAN2_TX_IRQHandler</STRONG> (Thumb, 0 bytes, Stack size 0 bytes, startup_stm32f407xx.o(.text))
<BR>[Address Reference Count : 1]<UL><LI> startup_stm32f407xx.o(RESET)
</UL>
<P><STRONG><a name="[5d]"></a>DCMI_IRQHandler</STRONG> (Thumb, 0 bytes, Stack size 0 bytes, startup_stm32f407xx.o(.text))
<BR>[Address Reference Count : 1]<UL><LI> startup_stm32f407xx.o(RESET)
</UL>
<P><STRONG><a name="[1a]"></a>DMA1_Stream0_IRQHandler</STRONG> (Thumb, 0 bytes, Stack size 0 bytes, startup_stm32f407xx.o(.text))
<BR>[Address Reference Count : 1]<UL><LI> startup_stm32f407xx.o(RESET)
</UL>
<P><STRONG><a name="[1b]"></a>DMA1_Stream1_IRQHandler</STRONG> (Thumb, 0 bytes, Stack size 0 bytes, startup_stm32f407xx.o(.text))
<BR>[Address Reference Count : 1]<UL><LI> startup_stm32f407xx.o(RESET)
</UL>
<P><STRONG><a name="[1c]"></a>DMA1_Stream2_IRQHandler</STRONG> (Thumb, 0 bytes, Stack size 0 bytes, startup_stm32f407xx.o(.text))
<BR>[Address Reference Count : 1]<UL><LI> startup_stm32f407xx.o(RESET)
</UL>
<P><STRONG><a name="[1d]"></a>DMA1_Stream3_IRQHandler</STRONG> (Thumb, 0 bytes, Stack size 0 bytes, startup_stm32f407xx.o(.text))
<BR>[Address Reference Count : 1]<UL><LI> startup_stm32f407xx.o(RESET)
</UL>
<P><STRONG><a name="[1f]"></a>DMA1_Stream5_IRQHandler</STRONG> (Thumb, 0 bytes, Stack size 0 bytes, startup_stm32f407xx.o(.text))
<BR>[Address Reference Count : 1]<UL><LI> startup_stm32f407xx.o(RESET)
</UL>
<P><STRONG><a name="[20]"></a>DMA1_Stream6_IRQHandler</STRONG> (Thumb, 0 bytes, Stack size 0 bytes, startup_stm32f407xx.o(.text))
<BR>[Address Reference Count : 1]<UL><LI> startup_stm32f407xx.o(RESET)
</UL>
<P><STRONG><a name="[3e]"></a>DMA1_Stream7_IRQHandler</STRONG> (Thumb, 0 bytes, Stack size 0 bytes, startup_stm32f407xx.o(.text))
<BR>[Address Reference Count : 1]<UL><LI> startup_stm32f407xx.o(RESET)
</UL>
<P><STRONG><a name="[47]"></a>DMA2_Stream0_IRQHandler</STRONG> (Thumb, 0 bytes, Stack size 0 bytes, startup_stm32f407xx.o(.text))
<BR>[Address Reference Count : 1]<UL><LI> startup_stm32f407xx.o(RESET)
</UL>
<P><STRONG><a name="[48]"></a>DMA2_Stream1_IRQHandler</STRONG> (Thumb, 0 bytes, Stack size 0 bytes, startup_stm32f407xx.o(.text))
<BR>[Address Reference Count : 1]<UL><LI> startup_stm32f407xx.o(RESET)
</UL>
<P><STRONG><a name="[49]"></a>DMA2_Stream2_IRQHandler</STRONG> (Thumb, 0 bytes, Stack size 0 bytes, startup_stm32f407xx.o(.text))
<BR>[Address Reference Count : 1]<UL><LI> startup_stm32f407xx.o(RESET)
</UL>
<P><STRONG><a name="[4a]"></a>DMA2_Stream3_IRQHandler</STRONG> (Thumb, 0 bytes, Stack size 0 bytes, startup_stm32f407xx.o(.text))
<BR>[Address Reference Count : 1]<UL><LI> startup_stm32f407xx.o(RESET)
</UL>
<P><STRONG><a name="[53]"></a>DMA2_Stream5_IRQHandler</STRONG> (Thumb, 0 bytes, Stack size 0 bytes, startup_stm32f407xx.o(.text))
<BR>[Address Reference Count : 1]<UL><LI> startup_stm32f407xx.o(RESET)
</UL>
<P><STRONG><a name="[54]"></a>DMA2_Stream6_IRQHandler</STRONG> (Thumb, 0 bytes, Stack size 0 bytes, startup_stm32f407xx.o(.text))
<BR>[Address Reference Count : 1]<UL><LI> startup_stm32f407xx.o(RESET)
</UL>
<P><STRONG><a name="[55]"></a>DMA2_Stream7_IRQHandler</STRONG> (Thumb, 0 bytes, Stack size 0 bytes, startup_stm32f407xx.o(.text))
<BR>[Address Reference Count : 1]<UL><LI> startup_stm32f407xx.o(RESET)
</UL>
<P><STRONG><a name="[4c]"></a>ETH_IRQHandler</STRONG> (Thumb, 0 bytes, Stack size 0 bytes, startup_stm32f407xx.o(.text))
<BR>[Address Reference Count : 1]<UL><LI> startup_stm32f407xx.o(RESET)
</UL>
<P><STRONG><a name="[4d]"></a>ETH_WKUP_IRQHandler</STRONG> (Thumb, 0 bytes, Stack size 0 bytes, startup_stm32f407xx.o(.text))
<BR>[Address Reference Count : 1]<UL><LI> startup_stm32f407xx.o(RESET)
</UL>
<P><STRONG><a name="[15]"></a>EXTI0_IRQHandler</STRONG> (Thumb, 0 bytes, Stack size 0 bytes, startup_stm32f407xx.o(.text))
<BR>[Address Reference Count : 1]<UL><LI> startup_stm32f407xx.o(RESET)
</UL>
<P><STRONG><a name="[37]"></a>EXTI15_10_IRQHandler</STRONG> (Thumb, 0 bytes, Stack size 0 bytes, startup_stm32f407xx.o(.text))
<BR>[Address Reference Count : 1]<UL><LI> startup_stm32f407xx.o(RESET)
</UL>
<P><STRONG><a name="[16]"></a>EXTI1_IRQHandler</STRONG> (Thumb, 0 bytes, Stack size 0 bytes, startup_stm32f407xx.o(.text))
<BR>[Address Reference Count : 1]<UL><LI> startup_stm32f407xx.o(RESET)
</UL>
<P><STRONG><a name="[17]"></a>EXTI2_IRQHandler</STRONG> (Thumb, 0 bytes, Stack size 0 bytes, startup_stm32f407xx.o(.text))
<BR>[Address Reference Count : 1]<UL><LI> startup_stm32f407xx.o(RESET)
</UL>
<P><STRONG><a name="[18]"></a>EXTI3_IRQHandler</STRONG> (Thumb, 0 bytes, Stack size 0 bytes, startup_stm32f407xx.o(.text))
<BR>[Address Reference Count : 1]<UL><LI> startup_stm32f407xx.o(RESET)
</UL>
<P><STRONG><a name="[19]"></a>EXTI4_IRQHandler</STRONG> (Thumb, 0 bytes, Stack size 0 bytes, startup_stm32f407xx.o(.text))
<BR>[Address Reference Count : 1]<UL><LI> startup_stm32f407xx.o(RESET)
</UL>
<P><STRONG><a name="[26]"></a>EXTI9_5_IRQHandler</STRONG> (Thumb, 0 bytes, Stack size 0 bytes, startup_stm32f407xx.o(.text))
<BR>[Address Reference Count : 1]<UL><LI> startup_stm32f407xx.o(RESET)
</UL>
<P><STRONG><a name="[13]"></a>FLASH_IRQHandler</STRONG> (Thumb, 0 bytes, Stack size 0 bytes, startup_stm32f407xx.o(.text))
<BR>[Address Reference Count : 1]<UL><LI> startup_stm32f407xx.o(RESET)
</UL>
<P><STRONG><a name="[3f]"></a>FMC_IRQHandler</STRONG> (Thumb, 0 bytes, Stack size 0 bytes, startup_stm32f407xx.o(.text))
<BR>[Address Reference Count : 1]<UL><LI> startup_stm32f407xx.o(RESET)
</UL>
<P><STRONG><a name="[5f]"></a>FPU_IRQHandler</STRONG> (Thumb, 0 bytes, Stack size 0 bytes, startup_stm32f407xx.o(.text))
<BR>[Address Reference Count : 1]<UL><LI> startup_stm32f407xx.o(RESET)
</UL>
<P><STRONG><a name="[5e]"></a>HASH_RNG_IRQHandler</STRONG> (Thumb, 0 bytes, Stack size 0 bytes, startup_stm32f407xx.o(.text))
<BR>[Address Reference Count : 1]<UL><LI> startup_stm32f407xx.o(RESET)
</UL>
<P><STRONG><a name="[2f]"></a>I2C1_ER_IRQHandler</STRONG> (Thumb, 0 bytes, Stack size 0 bytes, startup_stm32f407xx.o(.text))
<BR>[Address Reference Count : 1]<UL><LI> startup_stm32f407xx.o(RESET)
</UL>
<P><STRONG><a name="[2e]"></a>I2C1_EV_IRQHandler</STRONG> (Thumb, 0 bytes, Stack size 0 bytes, startup_stm32f407xx.o(.text))
<BR>[Address Reference Count : 1]<UL><LI> startup_stm32f407xx.o(RESET)
</UL>
<P><STRONG><a name="[31]"></a>I2C2_ER_IRQHandler</STRONG> (Thumb, 0 bytes, Stack size 0 bytes, startup_stm32f407xx.o(.text))
<BR>[Address Reference Count : 1]<UL><LI> startup_stm32f407xx.o(RESET)
</UL>
<P><STRONG><a name="[30]"></a>I2C2_EV_IRQHandler</STRONG> (Thumb, 0 bytes, Stack size 0 bytes, startup_stm32f407xx.o(.text))
<BR>[Address Reference Count : 1]<UL><LI> startup_stm32f407xx.o(RESET)
</UL>
<P><STRONG><a name="[58]"></a>I2C3_ER_IRQHandler</STRONG> (Thumb, 0 bytes, Stack size 0 bytes, startup_stm32f407xx.o(.text))
<BR>[Address Reference Count : 1]<UL><LI> startup_stm32f407xx.o(RESET)
</UL>
<P><STRONG><a name="[57]"></a>I2C3_EV_IRQHandler</STRONG> (Thumb, 0 bytes, Stack size 0 bytes, startup_stm32f407xx.o(.text))
<BR>[Address Reference Count : 1]<UL><LI> startup_stm32f407xx.o(RESET)
</UL>
<P><STRONG><a name="[52]"></a>OTG_FS_IRQHandler</STRONG> (Thumb, 0 bytes, Stack size 0 bytes, startup_stm32f407xx.o(.text))
<BR>[Address Reference Count : 1]<UL><LI> startup_stm32f407xx.o(RESET)
</UL>
<P><STRONG><a name="[39]"></a>OTG_FS_WKUP_IRQHandler</STRONG> (Thumb, 0 bytes, Stack size 0 bytes, startup_stm32f407xx.o(.text))
<BR>[Address Reference Count : 1]<UL><LI> startup_stm32f407xx.o(RESET)
</UL>
<P><STRONG><a name="[5a]"></a>OTG_HS_EP1_IN_IRQHandler</STRONG> (Thumb, 0 bytes, Stack size 0 bytes, startup_stm32f407xx.o(.text))
<BR>[Address Reference Count : 1]<UL><LI> startup_stm32f407xx.o(RESET)
</UL>
<P><STRONG><a name="[59]"></a>OTG_HS_EP1_OUT_IRQHandler</STRONG> (Thumb, 0 bytes, Stack size 0 bytes, startup_stm32f407xx.o(.text))
<BR>[Address Reference Count : 1]<UL><LI> startup_stm32f407xx.o(RESET)
</UL>
<P><STRONG><a name="[5c]"></a>OTG_HS_IRQHandler</STRONG> (Thumb, 0 bytes, Stack size 0 bytes, startup_stm32f407xx.o(.text))
<BR>[Address Reference Count : 1]<UL><LI> startup_stm32f407xx.o(RESET)
</UL>
<P><STRONG><a name="[5b]"></a>OTG_HS_WKUP_IRQHandler</STRONG> (Thumb, 0 bytes, Stack size 0 bytes, startup_stm32f407xx.o(.text))
<BR>[Address Reference Count : 1]<UL><LI> startup_stm32f407xx.o(RESET)
</UL>
<P><STRONG><a name="[10]"></a>PVD_IRQHandler</STRONG> (Thumb, 0 bytes, Stack size 0 bytes, startup_stm32f407xx.o(.text))
<BR>[Address Reference Count : 1]<UL><LI> startup_stm32f407xx.o(RESET)
</UL>
<P><STRONG><a name="[14]"></a>RCC_IRQHandler</STRONG> (Thumb, 0 bytes, Stack size 0 bytes, startup_stm32f407xx.o(.text))
<BR>[Address Reference Count : 1]<UL><LI> startup_stm32f407xx.o(RESET)
</UL>
<P><STRONG><a name="[38]"></a>RTC_Alarm_IRQHandler</STRONG> (Thumb, 0 bytes, Stack size 0 bytes, startup_stm32f407xx.o(.text))
<BR>[Address Reference Count : 1]<UL><LI> startup_stm32f407xx.o(RESET)
</UL>
<P><STRONG><a name="[12]"></a>RTC_WKUP_IRQHandler</STRONG> (Thumb, 0 bytes, Stack size 0 bytes, startup_stm32f407xx.o(.text))
<BR>[Address Reference Count : 1]<UL><LI> startup_stm32f407xx.o(RESET)
</UL>
<P><STRONG><a name="[40]"></a>SDIO_IRQHandler</STRONG> (Thumb, 0 bytes, Stack size 0 bytes, startup_stm32f407xx.o(.text))
<BR>[Address Reference Count : 1]<UL><LI> startup_stm32f407xx.o(RESET)
</UL>
<P><STRONG><a name="[32]"></a>SPI1_IRQHandler</STRONG> (Thumb, 0 bytes, Stack size 0 bytes, startup_stm32f407xx.o(.text))
<BR>[Address Reference Count : 1]<UL><LI> startup_stm32f407xx.o(RESET)
</UL>
<P><STRONG><a name="[33]"></a>SPI2_IRQHandler</STRONG> (Thumb, 0 bytes, Stack size 0 bytes, startup_stm32f407xx.o(.text))
<BR>[Address Reference Count : 1]<UL><LI> startup_stm32f407xx.o(RESET)
</UL>
<P><STRONG><a name="[42]"></a>SPI3_IRQHandler</STRONG> (Thumb, 0 bytes, Stack size 0 bytes, startup_stm32f407xx.o(.text))
<BR>[Address Reference Count : 1]<UL><LI> startup_stm32f407xx.o(RESET)
</UL>
<P><STRONG><a name="[11]"></a>TAMP_STAMP_IRQHandler</STRONG> (Thumb, 0 bytes, Stack size 0 bytes, startup_stm32f407xx.o(.text))
<BR>[Address Reference Count : 1]<UL><LI> startup_stm32f407xx.o(RESET)
</UL>
<P><STRONG><a name="[27]"></a>TIM1_BRK_TIM9_IRQHandler</STRONG> (Thumb, 0 bytes, Stack size 0 bytes, startup_stm32f407xx.o(.text))
<BR>[Address Reference Count : 1]<UL><LI> startup_stm32f407xx.o(RESET)
</UL>
<P><STRONG><a name="[2a]"></a>TIM1_CC_IRQHandler</STRONG> (Thumb, 0 bytes, Stack size 0 bytes, startup_stm32f407xx.o(.text))
<BR>[Address Reference Count : 1]<UL><LI> startup_stm32f407xx.o(RESET)
</UL>
<P><STRONG><a name="[29]"></a>TIM1_TRG_COM_TIM11_IRQHandler</STRONG> (Thumb, 0 bytes, Stack size 0 bytes, startup_stm32f407xx.o(.text))
<BR>[Address Reference Count : 1]<UL><LI> startup_stm32f407xx.o(RESET)
</UL>
<P><STRONG><a name="[28]"></a>TIM1_UP_TIM10_IRQHandler</STRONG> (Thumb, 0 bytes, Stack size 0 bytes, startup_stm32f407xx.o(.text))
<BR>[Address Reference Count : 1]<UL><LI> startup_stm32f407xx.o(RESET)
</UL>
<P><STRONG><a name="[2b]"></a>TIM2_IRQHandler</STRONG> (Thumb, 0 bytes, Stack size 0 bytes, startup_stm32f407xx.o(.text))
<BR>[Address Reference Count : 1]<UL><LI> startup_stm32f407xx.o(RESET)
</UL>
<P><STRONG><a name="[2c]"></a>TIM3_IRQHandler</STRONG> (Thumb, 0 bytes, Stack size 0 bytes, startup_stm32f407xx.o(.text))
<BR>[Address Reference Count : 1]<UL><LI> startup_stm32f407xx.o(RESET)
</UL>
<P><STRONG><a name="[2d]"></a>TIM4_IRQHandler</STRONG> (Thumb, 0 bytes, Stack size 0 bytes, startup_stm32f407xx.o(.text))
<BR>[Address Reference Count : 1]<UL><LI> startup_stm32f407xx.o(RESET)
</UL>
<P><STRONG><a name="[41]"></a>TIM5_IRQHandler</STRONG> (Thumb, 0 bytes, Stack size 0 bytes, startup_stm32f407xx.o(.text))
<BR>[Address Reference Count : 1]<UL><LI> startup_stm32f407xx.o(RESET)
</UL>
<P><STRONG><a name="[3a]"></a>TIM8_BRK_TIM12_IRQHandler</STRONG> (Thumb, 0 bytes, Stack size 0 bytes, startup_stm32f407xx.o(.text))
<BR>[Address Reference Count : 1]<UL><LI> startup_stm32f407xx.o(RESET)
</UL>
<P><STRONG><a name="[3d]"></a>TIM8_CC_IRQHandler</STRONG> (Thumb, 0 bytes, Stack size 0 bytes, startup_stm32f407xx.o(.text))
<BR>[Address Reference Count : 1]<UL><LI> startup_stm32f407xx.o(RESET)
</UL>
<P><STRONG><a name="[3c]"></a>TIM8_TRG_COM_TIM14_IRQHandler</STRONG> (Thumb, 0 bytes, Stack size 0 bytes, startup_stm32f407xx.o(.text))
<BR>[Address Reference Count : 1]<UL><LI> startup_stm32f407xx.o(RESET)
</UL>
<P><STRONG><a name="[3b]"></a>TIM8_UP_TIM13_IRQHandler</STRONG> (Thumb, 0 bytes, Stack size 0 bytes, startup_stm32f407xx.o(.text))
<BR>[Address Reference Count : 1]<UL><LI> startup_stm32f407xx.o(RESET)
</UL>
<P><STRONG><a name="[43]"></a>UART4_IRQHandler</STRONG> (Thumb, 0 bytes, Stack size 0 bytes, startup_stm32f407xx.o(.text))
<BR>[Address Reference Count : 1]<UL><LI> startup_stm32f407xx.o(RESET)
</UL>
<P><STRONG><a name="[44]"></a>UART5_IRQHandler</STRONG> (Thumb, 0 bytes, Stack size 0 bytes, startup_stm32f407xx.o(.text))
<BR>[Address Reference Count : 1]<UL><LI> startup_stm32f407xx.o(RESET)
</UL>
<P><STRONG><a name="[35]"></a>USART2_IRQHandler</STRONG> (Thumb, 0 bytes, Stack size 0 bytes, startup_stm32f407xx.o(.text))
<BR>[Address Reference Count : 1]<UL><LI> startup_stm32f407xx.o(RESET)
</UL>
<P><STRONG><a name="[56]"></a>USART6_IRQHandler</STRONG> (Thumb, 0 bytes, Stack size 0 bytes, startup_stm32f407xx.o(.text))
<BR>[Address Reference Count : 1]<UL><LI> startup_stm32f407xx.o(RESET)
</UL>
<P><STRONG><a name="[f]"></a>WWDG_IRQHandler</STRONG> (Thumb, 0 bytes, Stack size 0 bytes, startup_stm32f407xx.o(.text))
<BR>[Address Reference Count : 1]<UL><LI> startup_stm32f407xx.o(RESET)
</UL>
<P><STRONG><a name="[16a]"></a>__user_initial_stackheap</STRONG> (Thumb, 0 bytes, Stack size unknown bytes, startup_stm32f407xx.o(.text))
<BR><BR>[Called By]<UL><LI><a href="#[126]">&gt;&gt;</a>&nbsp;&nbsp;&nbsp;__user_setup_stackheap
</UL>

<P><STRONG><a name="[3e8]"></a>__use_no_semihosting</STRONG> (Thumb, 2 bytes, Stack size 0 bytes, use_no_semi_2.o(.text), UNUSED)

<P><STRONG><a name="[1a1]"></a>__aeabi_uldivmod</STRONG> (Thumb, 0 bytes, Stack size 48 bytes, lludivv7m.o(.text))
<BR><BR>[Stack]<UL><LI>Max Depth = 48<LI>Call Chain = __aeabi_uldivmod
</UL>
<BR>[Called By]<UL><LI><a href="#[2cc]">&gt;&gt;</a>&nbsp;&nbsp;&nbsp;f_read
<LI><a href="#[2c3]">&gt;&gt;</a>&nbsp;&nbsp;&nbsp;f_open
<LI><a href="#[2bf]">&gt;&gt;</a>&nbsp;&nbsp;&nbsp;f_lseek
<LI><a href="#[3b0]">&gt;&gt;</a>&nbsp;&nbsp;&nbsp;vp_seekbar_touch
<LI><a href="#[19d]">&gt;&gt;</a>&nbsp;&nbsp;&nbsp;HAL_RCC_GetSysClockFreq
<LI><a href="#[1dc]">&gt;&gt;</a>&nbsp;&nbsp;&nbsp;UART_SetConfig
<LI><a href="#[248]">&gt;&gt;</a>&nbsp;&nbsp;&nbsp;get_fat
<LI><a href="#[23f]">&gt;&gt;</a>&nbsp;&nbsp;&nbsp;clmt_clust
</UL>

<P><STRONG><a name="[3e9]"></a>_ll_udiv</STRONG> (Thumb, 238 bytes, Stack size 48 bytes, lludivv7m.o(.text), UNUSED)

<P><STRONG><a name="[130]"></a>__2printf</STRONG> (Thumb, 20 bytes, Stack size 24 bytes, __2printf.o(.text))
<BR><BR>[Stack]<UL><LI>Max Depth = 144 + Unknown Stack Size
<LI>Call Chain = __2printf &rArr; _printf_char_file &rArr; _printf_char_common &rArr; __printf
</UL>
<BR>[Calls]<UL><LI><a href="#[131]">&gt;&gt;</a>&nbsp;&nbsp;&nbsp;_printf_char_file
</UL>
<BR>[Called By]<UL><LI><a href="#[337]">&gt;&gt;</a>&nbsp;&nbsp;&nbsp;lcd_init
<LI><a href="#[235]">&gt;&gt;</a>&nbsp;&nbsp;&nbsp;avi_init
<LI><a href="#[234]">&gt;&gt;</a>&nbsp;&nbsp;&nbsp;avi_get_streaminfo
<LI><a href="#[b6]">&gt;&gt;</a>&nbsp;&nbsp;&nbsp;output_message
<LI><a href="#[31f]">&gt;&gt;</a>&nbsp;&nbsp;&nbsp;mjpeg_malloc
<LI><a href="#[ba]">&gt;&gt;</a>&nbsp;&nbsp;&nbsp;my_emit_message
<LI><a href="#[b0]">&gt;&gt;</a>&nbsp;&nbsp;&nbsp;fill_input_buffer
<LI><a href="#[2ee]">&gt;&gt;</a>&nbsp;&nbsp;&nbsp;gt9xxx_init
<LI><a href="#[2da]">&gt;&gt;</a>&nbsp;&nbsp;&nbsp;ft5206_init
</UL>

<P><STRONG><a name="[132]"></a>__2sprintf</STRONG> (Thumb, 38 bytes, Stack size 32 bytes, __2sprintf.o(.text))
<BR><BR>[Stack]<UL><LI>Max Depth = 136 + Unknown Stack Size
<LI>Call Chain = __2sprintf &rArr; _printf_char_common &rArr; __printf
</UL>
<BR>[Calls]<UL><LI><a href="#[62]">&gt;&gt;</a>&nbsp;&nbsp;&nbsp;_sputc
<LI><a href="#[133]">&gt;&gt;</a>&nbsp;&nbsp;&nbsp;_printf_char_common
</UL>
<BR>[Called By]<UL><LI><a href="#[b7]">&gt;&gt;</a>&nbsp;&nbsp;&nbsp;format_message
<LI><a href="#[397]">&gt;&gt;</a>&nbsp;&nbsp;&nbsp;tp_adjust_info_show
</UL>

<P><STRONG><a name="[134]"></a>__2snprintf</STRONG> (Thumb, 50 bytes, Stack size 40 bytes, __2snprintf.o(.text))
<BR><BR>[Stack]<UL><LI>Max Depth = 144 + Unknown Stack Size
<LI>Call Chain = __2snprintf &rArr; _printf_char_common &rArr; __printf
</UL>
<BR>[Calls]<UL><LI><a href="#[62]">&gt;&gt;</a>&nbsp;&nbsp;&nbsp;_sputc
<LI><a href="#[133]">&gt;&gt;</a>&nbsp;&nbsp;&nbsp;_printf_char_common
</UL>
<BR>[Called By]<UL><LI><a href="#[2ad]">&gt;&gt;</a>&nbsp;&nbsp;&nbsp;draw_ylabels
<LI><a href="#[2a8]">&gt;&gt;</a>&nbsp;&nbsp;&nbsp;draw_readout
<LI><a href="#[2a4]">&gt;&gt;</a>&nbsp;&nbsp;&nbsp;draw_infobar
<LI><a href="#[29f]">&gt;&gt;</a>&nbsp;&nbsp;&nbsp;draw_fft_spectrum
<LI><a href="#[34b]">&gt;&gt;</a>&nbsp;&nbsp;&nbsp;video_player_run
<LI><a href="#[3aa]">&gt;&gt;</a>&nbsp;&nbsp;&nbsp;vp_draw_status_idle
<LI><a href="#[3ab]">&gt;&gt;</a>&nbsp;&nbsp;&nbsp;vp_draw_status
<LI><a href="#[3a3]">&gt;&gt;</a>&nbsp;&nbsp;&nbsp;vp_draw_dropdown
<LI><a href="#[369]">&gt;&gt;</a>&nbsp;&nbsp;&nbsp;mon_send_params
<LI><a href="#[35e]">&gt;&gt;</a>&nbsp;&nbsp;&nbsp;mon_draw_ylabels
<LI><a href="#[363]">&gt;&gt;</a>&nbsp;&nbsp;&nbsp;mon_draw_slider
<LI><a href="#[361]">&gt;&gt;</a>&nbsp;&nbsp;&nbsp;mon_draw_params
<LI><a href="#[360]">&gt;&gt;</a>&nbsp;&nbsp;&nbsp;mon_draw_livevals
</UL>

<P><STRONG><a name="[136]"></a>_printf_pre_padding</STRONG> (Thumb, 44 bytes, Stack size 16 bytes, _printf_pad.o(.text))
<BR><BR>[Stack]<UL><LI>Max Depth = 16<LI>Call Chain = _printf_pre_padding
</UL>
<BR>[Called By]<UL><LI><a href="#[13b]">&gt;&gt;</a>&nbsp;&nbsp;&nbsp;_printf_wctomb
<LI><a href="#[135]">&gt;&gt;</a>&nbsp;&nbsp;&nbsp;_printf_str
<LI><a href="#[158]">&gt;&gt;</a>&nbsp;&nbsp;&nbsp;_printf_fp_infnan
<LI><a href="#[159]">&gt;&gt;</a>&nbsp;&nbsp;&nbsp;_printf_fp_hex_real
<LI><a href="#[156]">&gt;&gt;</a>&nbsp;&nbsp;&nbsp;_printf_fp_dec_real
<LI><a href="#[13a]">&gt;&gt;</a>&nbsp;&nbsp;&nbsp;_printf_int_common
</UL>

<P><STRONG><a name="[137]"></a>_printf_post_padding</STRONG> (Thumb, 34 bytes, Stack size 16 bytes, _printf_pad.o(.text))
<BR><BR>[Stack]<UL><LI>Max Depth = 16<LI>Call Chain = _printf_post_padding
</UL>
<BR>[Called By]<UL><LI><a href="#[13b]">&gt;&gt;</a>&nbsp;&nbsp;&nbsp;_printf_wctomb
<LI><a href="#[135]">&gt;&gt;</a>&nbsp;&nbsp;&nbsp;_printf_str
<LI><a href="#[158]">&gt;&gt;</a>&nbsp;&nbsp;&nbsp;_printf_fp_infnan
<LI><a href="#[159]">&gt;&gt;</a>&nbsp;&nbsp;&nbsp;_printf_fp_hex_real
<LI><a href="#[156]">&gt;&gt;</a>&nbsp;&nbsp;&nbsp;_printf_fp_dec_real
<LI><a href="#[13a]">&gt;&gt;</a>&nbsp;&nbsp;&nbsp;_printf_int_common
</UL>

<P><STRONG><a name="[138]"></a>_printf_truncate_signed</STRONG> (Thumb, 18 bytes, Stack size 0 bytes, _printf_truncate.o(.text))
<BR><BR>[Called By]<UL><LI><a href="#[111]">&gt;&gt;</a>&nbsp;&nbsp;&nbsp;_printf_int_dec
</UL>

<P><STRONG><a name="[139]"></a>_printf_truncate_unsigned</STRONG> (Thumb, 18 bytes, Stack size 0 bytes, _printf_truncate.o(.text))
<BR><BR>[Called By]<UL><LI><a href="#[117]">&gt;&gt;</a>&nbsp;&nbsp;&nbsp;_printf_int_hex
<LI><a href="#[115]">&gt;&gt;</a>&nbsp;&nbsp;&nbsp;_printf_int_oct
<LI><a href="#[111]">&gt;&gt;</a>&nbsp;&nbsp;&nbsp;_printf_int_dec
</UL>

<P><STRONG><a name="[135]"></a>_printf_str</STRONG> (Thumb, 82 bytes, Stack size 16 bytes, _printf_str.o(.text))
<BR><BR>[Stack]<UL><LI>Max Depth = 32<LI>Call Chain = _printf_str &rArr; _printf_post_padding
</UL>
<BR>[Calls]<UL><LI><a href="#[137]">&gt;&gt;</a>&nbsp;&nbsp;&nbsp;_printf_post_padding
<LI><a href="#[136]">&gt;&gt;</a>&nbsp;&nbsp;&nbsp;_printf_pre_padding
</UL>
<BR>[Called By]<UL><LI><a href="#[15a]">&gt;&gt;</a>&nbsp;&nbsp;&nbsp;_printf_cs_common
</UL>

<P><STRONG><a name="[111]"></a>_printf_int_dec</STRONG> (Thumb, 104 bytes, Stack size 24 bytes, _printf_dec.o(.text))
<BR><BR>[Stack]<UL><LI>Max Depth = 72<LI>Call Chain = _printf_int_dec &rArr; _printf_int_common &rArr; _printf_post_padding
</UL>
<BR>[Calls]<UL><LI><a href="#[139]">&gt;&gt;</a>&nbsp;&nbsp;&nbsp;_printf_truncate_unsigned
<LI><a href="#[138]">&gt;&gt;</a>&nbsp;&nbsp;&nbsp;_printf_truncate_signed
<LI><a href="#[13a]">&gt;&gt;</a>&nbsp;&nbsp;&nbsp;_printf_int_common
</UL>
<BR>[Called By]<UL><LI><a href="#[113]">&gt;&gt;</a>&nbsp;&nbsp;&nbsp;_printf_u
<LI><a href="#[112]">&gt;&gt;</a>&nbsp;&nbsp;&nbsp;_printf_d
<LI><a href="#[110]">&gt;&gt;</a>&nbsp;&nbsp;&nbsp;_printf_i
</UL>

<P><STRONG><a name="[107]"></a>_printf_charcount</STRONG> (Thumb, 40 bytes, Stack size 0 bytes, _printf_charcount.o(.text))
<BR><BR>[Called By]<UL><LI><a href="#[106]">&gt;&gt;</a>&nbsp;&nbsp;&nbsp;_printf_n
</UL>

<P><STRONG><a name="[13b]"></a>_printf_wctomb</STRONG> (Thumb, 182 bytes, Stack size 56 bytes, _printf_wctomb.o(.text))
<BR><BR>[Stack]<UL><LI>Max Depth = 80<LI>Call Chain = _printf_wctomb &rArr; _wcrtomb &rArr; __rt_ctype_table
</UL>
<BR>[Calls]<UL><LI><a href="#[137]">&gt;&gt;</a>&nbsp;&nbsp;&nbsp;_printf_post_padding
<LI><a href="#[136]">&gt;&gt;</a>&nbsp;&nbsp;&nbsp;_printf_pre_padding
<LI><a href="#[13c]">&gt;&gt;</a>&nbsp;&nbsp;&nbsp;_wcrtomb
</UL>
<BR>[Called By]<UL><LI><a href="#[15c]">&gt;&gt;</a>&nbsp;&nbsp;&nbsp;_printf_lcs_common
</UL>

<P><STRONG><a name="[115]"></a>_printf_int_oct</STRONG> (Thumb, 72 bytes, Stack size 16 bytes, _printf_oct_int.o(.text))
<BR><BR>[Stack]<UL><LI>Max Depth = 64<LI>Call Chain = _printf_int_oct &rArr; _printf_int_common &rArr; _printf_post_padding
</UL>
<BR>[Calls]<UL><LI><a href="#[139]">&gt;&gt;</a>&nbsp;&nbsp;&nbsp;_printf_truncate_unsigned
<LI><a href="#[13a]">&gt;&gt;</a>&nbsp;&nbsp;&nbsp;_printf_int_common
</UL>
<BR>[Called By]<UL><LI><a href="#[114]">&gt;&gt;</a>&nbsp;&nbsp;&nbsp;_printf_o
</UL>

<P><STRONG><a name="[3ea]"></a>_printf_longlong_oct</STRONG> (Thumb, 0 bytes, Stack size 16 bytes, _printf_oct_int.o(.text), UNUSED)

<P><STRONG><a name="[13d]"></a>_printf_longlong_hex</STRONG> (Thumb, 78 bytes, Stack size 16 bytes, _printf_hex_int_ptr.o(.text))
<BR><BR>[Stack]<UL><LI>Max Depth = 64<LI>Call Chain = _printf_longlong_hex &rArr; _printf_int_common &rArr; _printf_post_padding
</UL>
<BR>[Calls]<UL><LI><a href="#[13a]">&gt;&gt;</a>&nbsp;&nbsp;&nbsp;_printf_int_common
</UL>
<BR>[Called By]<UL><LI><a href="#[109]">&gt;&gt;</a>&nbsp;&nbsp;&nbsp;_printf_hex_ptr
<LI><a href="#[117]">&gt;&gt;</a>&nbsp;&nbsp;&nbsp;_printf_int_hex
</UL>

<P><STRONG><a name="[117]"></a>_printf_int_hex</STRONG> (Thumb, 26 bytes, Stack size 16 bytes, _printf_hex_int_ptr.o(.text))
<BR><BR>[Stack]<UL><LI>Max Depth = 80<LI>Call Chain = _printf_int_hex &rArr; _printf_longlong_hex &rArr; _printf_int_common &rArr; _printf_post_padding
</UL>
<BR>[Calls]<UL><LI><a href="#[13d]">&gt;&gt;</a>&nbsp;&nbsp;&nbsp;_printf_longlong_hex
<LI><a href="#[139]">&gt;&gt;</a>&nbsp;&nbsp;&nbsp;_printf_truncate_unsigned
</UL>
<BR>[Called By]<UL><LI><a href="#[116]">&gt;&gt;</a>&nbsp;&nbsp;&nbsp;_printf_x
</UL>

<P><STRONG><a name="[109]"></a>_printf_hex_ptr</STRONG> (Thumb, 16 bytes, Stack size 0 bytes, _printf_hex_int_ptr.o(.text))
<BR><BR>[Stack]<UL><LI>Max Depth = 64<LI>Call Chain = _printf_hex_ptr &rArr; _printf_longlong_hex &rArr; _printf_int_common &rArr; _printf_post_padding
</UL>
<BR>[Calls]<UL><LI><a href="#[13d]">&gt;&gt;</a>&nbsp;&nbsp;&nbsp;_printf_longlong_hex
</UL>
<BR>[Called By]<UL><LI><a href="#[108]">&gt;&gt;</a>&nbsp;&nbsp;&nbsp;_printf_p
</UL>

<P><STRONG><a name="[13e]"></a>__printf</STRONG> (Thumb, 388 bytes, Stack size 40 bytes, __printf_flags_ss_wp.o(.text))
<BR><BR>[Stack]<UL><LI>Max Depth = 40 + Unknown Stack Size
<LI>Call Chain = __printf
</UL>
<BR>[Calls]<UL><LI><a href="#[140]">&gt;&gt;</a>&nbsp;&nbsp;&nbsp;_printf_percent
<LI><a href="#[13f]">&gt;&gt;</a>&nbsp;&nbsp;&nbsp;_is_digit
</UL>
<BR>[Called By]<UL><LI><a href="#[133]">&gt;&gt;</a>&nbsp;&nbsp;&nbsp;_printf_char_common
</UL>

<P><STRONG><a name="[141]"></a>__0sscanf</STRONG> (Thumb, 52 bytes, Stack size 72 bytes, __0sscanf.o(.text))
<BR><BR>[Stack]<UL><LI>Max Depth = 508<LI>Call Chain = __0sscanf &rArr; __vfscanf_char &rArr; __vfscanf &rArr; _scanf_real &rArr; _scanf_really_real &rArr; _fp_value &rArr; _btod_etento &rArr; _btod_emul &rArr; _e2e
</UL>
<BR>[Calls]<UL><LI><a href="#[142]">&gt;&gt;</a>&nbsp;&nbsp;&nbsp;__vfscanf_char
</UL>
<BR>[Called By]<UL><LI><a href="#[367]">&gt;&gt;</a>&nbsp;&nbsp;&nbsp;mon_process_uart
<LI><a href="#[30d]">&gt;&gt;</a>&nbsp;&nbsp;&nbsp;jinit_memory_mgr
</UL>

<P><STRONG><a name="[143]"></a>_scanf_int</STRONG> (Thumb, 332 bytes, Stack size 56 bytes, _scanf_int.o(.text))
<BR><BR>[Stack]<UL><LI>Max Depth = 56<LI>Call Chain = _scanf_int
</UL>
<BR>[Calls]<UL><LI><a href="#[144]">&gt;&gt;</a>&nbsp;&nbsp;&nbsp;_chval
</UL>
<BR>[Called By]<UL><LI><a href="#[165]">&gt;&gt;</a>&nbsp;&nbsp;&nbsp;__vfscanf
</UL>

<P><STRONG><a name="[168]"></a>_scanf_string</STRONG> (Thumb, 224 bytes, Stack size 56 bytes, _scanf_str.o(.text))
<BR><BR>[Stack]<UL><LI>Max Depth = 56<LI>Call Chain = _scanf_string
</UL>
<BR>[Called By]<UL><LI><a href="#[165]">&gt;&gt;</a>&nbsp;&nbsp;&nbsp;__vfscanf
</UL>

<P><STRONG><a name="[253]"></a>strchr</STRONG> (Thumb, 20 bytes, Stack size 0 bytes, strchr.o(.text))
<BR><BR>[Called By]<UL><LI><a href="#[251]">&gt;&gt;</a>&nbsp;&nbsp;&nbsp;create_name
</UL>

<P><STRONG><a name="[23d]"></a>memcmp</STRONG> (Thumb, 88 bytes, Stack size 8 bytes, memcmp.o(.text))
<BR><BR>[Stack]<UL><LI>Max Depth = 8<LI>Call Chain = memcmp
</UL>
<BR>[Called By]<UL><LI><a href="#[284]">&gt;&gt;</a>&nbsp;&nbsp;&nbsp;dir_find
<LI><a href="#[23b]">&gt;&gt;</a>&nbsp;&nbsp;&nbsp;check_fs
</UL>

<P><STRONG><a name="[2b5]"></a>strcpy</STRONG> (Thumb, 72 bytes, Stack size 12 bytes, strcpy.o(.text))
<BR><BR>[Stack]<UL><LI>Max Depth = 12<LI>Call Chain = strcpy
</UL>
<BR>[Called By]<UL><LI><a href="#[2b4]">&gt;&gt;</a>&nbsp;&nbsp;&nbsp;exfuns_file_type
</UL>

<P><STRONG><a name="[2ab]"></a>strlen</STRONG> (Thumb, 62 bytes, Stack size 8 bytes, strlen.o(.text))
<BR><BR>[Stack]<UL><LI>Max Depth = 8<LI>Call Chain = strlen
</UL>
<BR>[Called By]<UL><LI><a href="#[2aa]">&gt;&gt;</a>&nbsp;&nbsp;&nbsp;draw_topbar
<LI><a href="#[35e]">&gt;&gt;</a>&nbsp;&nbsp;&nbsp;mon_draw_ylabels
</UL>

<P><STRONG><a name="[2cd]"></a>__aeabi_memcpy</STRONG> (Thumb, 0 bytes, Stack size 0 bytes, rt_memcpy_v6.o(.text))
<BR><BR>[Called By]<UL><LI><a href="#[2cc]">&gt;&gt;</a>&nbsp;&nbsp;&nbsp;f_read
<LI><a href="#[2ed]">&gt;&gt;</a>&nbsp;&nbsp;&nbsp;jcopy_sample_rows
<LI><a href="#[26a]">&gt;&gt;</a>&nbsp;&nbsp;&nbsp;jcopy_block_row
<LI><a href="#[321]">&gt;&gt;</a>&nbsp;&nbsp;&nbsp;jpeg_std_huff_table
<LI><a href="#[2e2]">&gt;&gt;</a>&nbsp;&nbsp;&nbsp;get_dht
<LI><a href="#[327]">&gt;&gt;</a>&nbsp;&nbsp;&nbsp;latch_quant_tables
<LI><a href="#[28d]">&gt;&gt;</a>&nbsp;&nbsp;&nbsp;store_xdir
<LI><a href="#[287]">&gt;&gt;</a>&nbsp;&nbsp;&nbsp;load_xdir
</UL>

<P><STRONG><a name="[145]"></a>__rt_memcpy</STRONG> (Thumb, 138 bytes, Stack size 0 bytes, rt_memcpy_v6.o(.text), UNUSED)
<BR><BR>[Calls]<UL><LI><a href="#[146]">&gt;&gt;</a>&nbsp;&nbsp;&nbsp;__aeabi_memcpy4
</UL>

<P><STRONG><a name="[3eb]"></a>_memcpy_lastbytes</STRONG> (Thumb, 0 bytes, Stack size unknown bytes, rt_memcpy_v6.o(.text), UNUSED)

<P><STRONG><a name="[146]"></a>__aeabi_memcpy4</STRONG> (Thumb, 0 bytes, Stack size 8 bytes, rt_memcpy_w.o(.text))
<BR><BR>[Stack]<UL><LI>Max Depth = 8<LI>Call Chain = __aeabi_memcpy4
</UL>
<BR>[Called By]<UL><LI><a href="#[36]">&gt;&gt;</a>&nbsp;&nbsp;&nbsp;USART3_IRQHandler
<LI><a href="#[f4]">&gt;&gt;</a>&nbsp;&nbsp;&nbsp;decode_mcu_sub
<LI><a href="#[f0]">&gt;&gt;</a>&nbsp;&nbsp;&nbsp;decode_mcu_DC_first
<LI><a href="#[f5]">&gt;&gt;</a>&nbsp;&nbsp;&nbsp;decode_mcu
<LI><a href="#[145]">&gt;&gt;</a>&nbsp;&nbsp;&nbsp;__rt_memcpy
</UL>

<P><STRONG><a name="[3ec]"></a>__aeabi_memcpy8</STRONG> (Thumb, 0 bytes, Stack size 8 bytes, rt_memcpy_w.o(.text), UNUSED)

<P><STRONG><a name="[3ed]"></a>__rt_memcpy_w</STRONG> (Thumb, 100 bytes, Stack size 8 bytes, rt_memcpy_w.o(.text), UNUSED)

<P><STRONG><a name="[3ee]"></a>_memcpy_lastbytes_aligned</STRONG> (Thumb, 0 bytes, Stack size unknown bytes, rt_memcpy_w.o(.text), UNUSED)

<P><STRONG><a name="[147]"></a>__aeabi_memset</STRONG> (Thumb, 16 bytes, Stack size 0 bytes, aeabi_memset.o(.text))
<BR><BR>[Calls]<UL><LI><a href="#[148]">&gt;&gt;</a>&nbsp;&nbsp;&nbsp;_memset
</UL>
<BR>[Called By]<UL><LI><a href="#[251]">&gt;&gt;</a>&nbsp;&nbsp;&nbsp;create_name
</UL>

<P><STRONG><a name="[14c]"></a>__aeabi_memclr</STRONG> (Thumb, 0 bytes, Stack size 0 bytes, rt_memclr.o(.text))
<BR><BR>[Called By]<UL><LI><a href="#[2c3]">&gt;&gt;</a>&nbsp;&nbsp;&nbsp;f_open
<LI><a href="#[3a5]">&gt;&gt;</a>&nbsp;&nbsp;&nbsp;vp_play_avi
<LI><a href="#[309]">&gt;&gt;</a>&nbsp;&nbsp;&nbsp;jinit_inverse_dct
<LI><a href="#[304]">&gt;&gt;</a>&nbsp;&nbsp;&nbsp;jinit_d_coef_controller
[...]
</UL>
<P><STRONG><a name="[303]"></a>build_bg_ycc_rgb_table</STRONG> (Thumb, 156 bytes, Stack size 24 bytes, jdcolor.o(i.build_bg_ycc_rgb_table))
<BR><BR>[Stack]<UL><LI>Max Depth = 24<LI>Call Chain = build_bg_ycc_rgb_table
</UL>
<BR>[Called By]<UL><LI><a href="#[300]">&gt;&gt;</a>&nbsp;&nbsp;&nbsp;jinit_color_deconverter
</UL>

<P><STRONG><a name="[301]"></a>build_rgb_y_table</STRONG> (Thumb, 86 bytes, Stack size 24 bytes, jdcolor.o(i.build_rgb_y_table))
<BR><BR>[Stack]<UL><LI>Max Depth = 24<LI>Call Chain = build_rgb_y_table
</UL>
<BR>[Called By]<UL><LI><a href="#[300]">&gt;&gt;</a>&nbsp;&nbsp;&nbsp;jinit_color_deconverter
</UL>

<P><STRONG><a name="[302]"></a>build_ycc_rgb_table</STRONG> (Thumb, 156 bytes, Stack size 24 bytes, jdcolor.o(i.build_ycc_rgb_table))
<BR><BR>[Stack]<UL><LI>Max Depth = 24<LI>Call Chain = build_ycc_rgb_table
</UL>
<BR>[Called By]<UL><LI><a href="#[300]">&gt;&gt;</a>&nbsp;&nbsp;&nbsp;jinit_color_deconverter
</UL>

<P><STRONG><a name="[82]"></a>cmyk_yk_convert</STRONG> (Thumb, 186 bytes, Stack size 52 bytes, jdcolor.o(i.cmyk_yk_convert))
<BR><BR>[Stack]<UL><LI>Max Depth = 52<LI>Call Chain = cmyk_yk_convert
</UL>
<BR>[Address Reference Count : 1]<UL><LI> jdcolor.o(i.jinit_color_deconverter)
</UL>
<P><STRONG><a name="[7d]"></a>gray_rgb_convert</STRONG> (Thumb, 72 bytes, Stack size 32 bytes, jdcolor.o(i.gray_rgb_convert))
<BR><BR>[Stack]<UL><LI>Max Depth = 32<LI>Call Chain = gray_rgb_convert
</UL>
<BR>[Address Reference Count : 1]<UL><LI> jdcolor.o(i.jinit_color_deconverter)
</UL>
<P><STRONG><a name="[7a]"></a>grayscale_convert</STRONG> (Thumb, 36 bytes, Stack size 24 bytes, jdcolor.o(i.grayscale_convert))
<BR><BR>[Stack]<UL><LI>Max Depth = 64<LI>Call Chain = grayscale_convert &rArr; jcopy_sample_rows
</UL>
<BR>[Calls]<UL><LI><a href="#[2ed]">&gt;&gt;</a>&nbsp;&nbsp;&nbsp;jcopy_sample_rows
</UL>
<BR>[Address Reference Count : 1]<UL><LI> jdcolor.o(i.jinit_color_deconverter)
</UL>
<P><STRONG><a name="[83]"></a>null_convert</STRONG> (Thumb, 110 bytes, Stack size 36 bytes, jdcolor.o(i.null_convert))
<BR><BR>[Stack]<UL><LI>Max Depth = 36<LI>Call Chain = null_convert
</UL>
<BR>[Address Reference Count : 1]<UL><LI> jdcolor.o(i.jinit_color_deconverter)
</UL>
<P><STRONG><a name="[7c]"></a>rgb1_gray_convert</STRONG> (Thumb, 176 bytes, Stack size 48 bytes, jdcolor.o(i.rgb1_gray_convert))
<BR><BR>[Stack]<UL><LI>Max Depth = 48<LI>Call Chain = rgb1_gray_convert
</UL>
<BR>[Address Reference Count : 1]<UL><LI> jdcolor.o(i.jinit_color_deconverter)
</UL>
<P><STRONG><a name="[80]"></a>rgb1_rgb_convert</STRONG> (Thumb, 116 bytes, Stack size 36 bytes, jdcolor.o(i.rgb1_rgb_convert))
<BR><BR>[Stack]<UL><LI>Max Depth = 36<LI>Call Chain = rgb1_rgb_convert
</UL>
<BR>[Address Reference Count : 1]<UL><LI> jdcolor.o(i.jinit_color_deconverter)
</UL>
<P><STRONG><a name="[7f]"></a>rgb_convert</STRONG> (Thumb, 96 bytes, Stack size 32 bytes, jdcolor.o(i.rgb_convert))
<BR><BR>[Stack]<UL><LI>Max Depth = 32<LI>Call Chain = rgb_convert
</UL>
<BR>[Address Reference Count : 1]<UL><LI> jdcolor.o(i.jinit_color_deconverter)
</UL>
<P><STRONG><a name="[7b]"></a>rgb_gray_convert</STRONG> (Thumb, 150 bytes, Stack size 48 bytes, jdcolor.o(i.rgb_gray_convert))
<BR><BR>[Stack]<UL><LI>Max Depth = 48<LI>Call Chain = rgb_gray_convert
</UL>
<BR>[Address Reference Count : 1]<UL><LI> jdcolor.o(i.jinit_color_deconverter)
</UL>
<P><STRONG><a name="[79]"></a>start_pass_dcolor</STRONG> (Thumb, 2 bytes, Stack size 0 bytes, jdcolor.o(i.start_pass_dcolor))
<BR>[Address Reference Count : 1]<UL><LI> jdcolor.o(i.jinit_color_deconverter)
</UL>
<P><STRONG><a name="[7e]"></a>ycc_rgb_convert</STRONG> (Thumb, 222 bytes, Stack size 64 bytes, jdcolor.o(i.ycc_rgb_convert))
<BR><BR>[Stack]<UL><LI>Max Depth = 64<LI>Call Chain = ycc_rgb_convert
</UL>
<BR>[Address Reference Count : 1]<UL><LI> jdcolor.o(i.jinit_color_deconverter)
</UL>
<P><STRONG><a name="[81]"></a>ycck_cmyk_convert</STRONG> (Thumb, 258 bytes, Stack size 68 bytes, jdcolor.o(i.ycck_cmyk_convert))
<BR><BR>[Stack]<UL><LI>Max Depth = 68<LI>Call Chain = ycck_cmyk_convert
</UL>
<BR>[Address Reference Count : 1]<UL><LI> jdcolor.o(i.jinit_color_deconverter)
</UL>
<P><STRONG><a name="[38b]"></a>compute_color</STRONG> (Thumb, 258 bytes, Stack size 68 bytes, jquant2.o(i.compute_color))
<BR><BR>[Stack]<UL><LI>Max Depth = 68<LI>Call Chain = compute_color
</UL>
<BR>[Called By]<UL><LI><a href="#[2d6]">&gt;&gt;</a>&nbsp;&nbsp;&nbsp;select_colors
</UL>

<P><STRONG><a name="[2d2]"></a>fill_inverse_cmap</STRONG> (Thumb, 190 bytes, Stack size 464 bytes, jquant2.o(i.fill_inverse_cmap))
<BR><BR>[Stack]<UL><LI>Max Depth = 1564<LI>Call Chain = fill_inverse_cmap &rArr; find_nearby_colors
</UL>
<BR>[Calls]<UL><LI><a href="#[2d3]">&gt;&gt;</a>&nbsp;&nbsp;&nbsp;find_nearby_colors
<LI><a href="#[2d4]">&gt;&gt;</a>&nbsp;&nbsp;&nbsp;find_best_colors
</UL>
<BR>[Called By]<UL><LI><a href="#[eb]">&gt;&gt;</a>&nbsp;&nbsp;&nbsp;pass2_no_dither
<LI><a href="#[ea]">&gt;&gt;</a>&nbsp;&nbsp;&nbsp;pass2_fs_dither
</UL>

<P><STRONG><a name="[2d4]"></a>find_best_colors</STRONG> (Thumb, 336 bytes, Stack size 584 bytes, jquant2.o(i.find_best_colors))
<BR><BR>[Stack]<UL><LI>Max Depth = 584<LI>Call Chain = find_best_colors
</UL>
<BR>[Called By]<UL><LI><a href="#[2d2]">&gt;&gt;</a>&nbsp;&nbsp;&nbsp;fill_inverse_cmap
</UL>

<P><STRONG><a name="[350]"></a>find_biggest_color_pop</STRONG> (Thumb, 42 bytes, Stack size 16 bytes, jquant2.o(i.find_biggest_color_pop))
<BR><BR>[Stack]<UL><LI>Max Depth = 16<LI>Call Chain = find_biggest_color_pop
</UL>
<BR>[Called By]<UL><LI><a href="#[34f]">&gt;&gt;</a>&nbsp;&nbsp;&nbsp;median_cut
</UL>

<P><STRONG><a name="[351]"></a>find_biggest_volume</STRONG> (Thumb, 36 bytes, Stack size 16 bytes, jquant2.o(i.find_biggest_volume))
<BR><BR>[Stack]<UL><LI>Max Depth = 16<LI>Call Chain = find_biggest_volume
</UL>
<BR>[Called By]<UL><LI><a href="#[34f]">&gt;&gt;</a>&nbsp;&nbsp;&nbsp;median_cut
</UL>

<P><STRONG><a name="[2d3]"></a>find_nearby_colors</STRONG> (Thumb, 432 bytes, Stack size 1100 bytes, jquant2.o(i.find_nearby_colors))
<BR><BR>[Stack]<UL><LI>Max Depth = 1100<LI>Call Chain = find_nearby_colors
</UL>
<BR>[Called By]<UL><LI><a href="#[2d2]">&gt;&gt;</a>&nbsp;&nbsp;&nbsp;fill_inverse_cmap
</UL>

<P><STRONG><a name="[e9]"></a>finish_pass1</STRONG> (Thumb, 26 bytes, Stack size 16 bytes, jquant2.o(i.finish_pass1))
<BR><BR>[Stack]<UL><LI>Max Depth = 168<LI>Call Chain = finish_pass1 &rArr; select_colors &rArr; median_cut &rArr; update_box
</UL>
<BR>[Calls]<UL><LI><a href="#[2d6]">&gt;&gt;</a>&nbsp;&nbsp;&nbsp;select_colors
</UL>
<BR>[Address Reference Count : 1]<UL><LI> jquant2.o(i.start_pass_2_quant)
</UL>
<P><STRONG><a name="[ec]"></a>finish_pass2</STRONG> (Thumb, 2 bytes, Stack size 0 bytes, jquant2.o(i.finish_pass2))
<BR>[Address Reference Count : 1]<UL><LI> jquant2.o(i.start_pass_2_quant)
</UL>
<P><STRONG><a name="[2ff]"></a>init_error_limit</STRONG> (Thumb, 114 bytes, Stack size 24 bytes, jquant2.o(i.init_error_limit))
<BR><BR>[Stack]<UL><LI>Max Depth = 24<LI>Call Chain = init_error_limit
</UL>
<BR>[Called By]<UL><LI><a href="#[2fe]">&gt;&gt;</a>&nbsp;&nbsp;&nbsp;jinit_2pass_quantizer
<LI><a href="#[75]">&gt;&gt;</a>&nbsp;&nbsp;&nbsp;start_pass_2_quant
</UL>

<P><STRONG><a name="[34f]"></a>median_cut</STRONG> (Thumb, 248 bytes, Stack size 64 bytes, jquant2.o(i.median_cut))
<BR><BR>[Stack]<UL><LI>Max Depth = 128<LI>Call Chain = median_cut &rArr; update_box
</UL>
<BR>[Calls]<UL><LI><a href="#[352]">&gt;&gt;</a>&nbsp;&nbsp;&nbsp;update_box
<LI><a href="#[351]">&gt;&gt;</a>&nbsp;&nbsp;&nbsp;find_biggest_volume
<LI><a href="#[350]">&gt;&gt;</a>&nbsp;&nbsp;&nbsp;find_biggest_color_pop
</UL>
<BR>[Called By]<UL><LI><a href="#[2d6]">&gt;&gt;</a>&nbsp;&nbsp;&nbsp;select_colors
</UL>

<P><STRONG><a name="[76]"></a>new_color_map_2_quant</STRONG> (Thumb, 10 bytes, Stack size 0 bytes, jquant2.o(i.new_color_map_2_quant))
<BR>[Address Reference Count : 1]<UL><LI> jquant2.o(i.jinit_2pass_quantizer)
</UL>
<P><STRONG><a name="[ea]"></a>pass2_fs_dither</STRONG> (Thumb, 486 bytes, Stack size 128 bytes, jquant2.o(i.pass2_fs_dither))
<BR><BR>[Stack]<UL><LI>Max Depth = 1692<LI>Call Chain = pass2_fs_dither &rArr; fill_inverse_cmap &rArr; find_nearby_colors
</UL>
<BR>[Calls]<UL><LI><a href="#[2d2]">&gt;&gt;</a>&nbsp;&nbsp;&nbsp;fill_inverse_cmap
</UL>
<BR>[Address Reference Count : 1]<UL><LI> jquant2.o(i.start_pass_2_quant)
</UL>
<P><STRONG><a name="[eb]"></a>pass2_no_dither</STRONG> (Thumb, 144 bytes, Stack size 72 bytes, jquant2.o(i.pass2_no_dither))
<BR><BR>[Stack]<UL><LI>Max Depth = 1636<LI>Call Chain = pass2_no_dither &rArr; fill_inverse_cmap &rArr; find_nearby_colors
</UL>
<BR>[Calls]<UL><LI><a href="#[2d2]">&gt;&gt;</a>&nbsp;&nbsp;&nbsp;fill_inverse_cmap
</UL>
<BR>[Address Reference Count : 1]<UL><LI> jquant2.o(i.start_pass_2_quant)
</UL>
<P><STRONG><a name="[e8]"></a>prescan_quantize</STRONG> (Thumb, 122 bytes, Stack size 36 bytes, jquant2.o(i.prescan_quantize))
<BR><BR>[Stack]<UL><LI>Max Depth = 36<LI>Call Chain = prescan_quantize
</UL>
<BR>[Address Reference Count : 1]<UL><LI> jquant2.o(i.start_pass_2_quant)
</UL>
<P><STRONG><a name="[2d6]"></a>select_colors</STRONG> (Thumb, 120 bytes, Stack size 24 bytes, jquant2.o(i.select_colors))
<BR><BR>[Stack]<UL><LI>Max Depth = 152<LI>Call Chain = select_colors &rArr; median_cut &rArr; update_box
</UL>
<BR>[Calls]<UL><LI><a href="#[352]">&gt;&gt;</a>&nbsp;&nbsp;&nbsp;update_box
<LI><a href="#[34f]">&gt;&gt;</a>&nbsp;&nbsp;&nbsp;median_cut
<LI><a href="#[38b]">&gt;&gt;</a>&nbsp;&nbsp;&nbsp;compute_color
</UL>
<BR>[Called By]<UL><LI><a href="#[e9]">&gt;&gt;</a>&nbsp;&nbsp;&nbsp;finish_pass1
</UL>

<P><STRONG><a name="[75]"></a>start_pass_2_quant</STRONG> (Thumb, 218 bytes, Stack size 32 bytes, jquant2.o(i.start_pass_2_quant))
<BR><BR>[Stack]<UL><LI>Max Depth = 56<LI>Call Chain = start_pass_2_quant &rArr; init_error_limit
</UL>
<BR>[Calls]<UL><LI><a href="#[2ff]">&gt;&gt;</a>&nbsp;&nbsp;&nbsp;init_error_limit
<LI><a href="#[14c]">&gt;&gt;</a>&nbsp;&nbsp;&nbsp;__aeabi_memclr
</UL>
<BR>[Address Reference Count : 1]<UL><LI> jquant2.o(i.jinit_2pass_quantizer)
</UL>
<P><STRONG><a name="[352]"></a>update_box</STRONG> (Thumb, 590 bytes, Stack size 64 bytes, jquant2.o(i.update_box))
<BR><BR>[Stack]<UL><LI>Max Depth = 64<LI>Call Chain = update_box
</UL>
<BR>[Called By]<UL><LI><a href="#[2d6]">&gt;&gt;</a>&nbsp;&nbsp;&nbsp;select_colors
<LI><a href="#[34f]">&gt;&gt;</a>&nbsp;&nbsp;&nbsp;median_cut
</UL>

<P><STRONG><a name="[311]"></a>build_bg_ycc_rgb_table</STRONG> (Thumb, 156 bytes, Stack size 24 bytes, jdmerge.o(i.build_bg_ycc_rgb_table))
<BR><BR>[Stack]<UL><LI>Max Depth = 24<LI>Call Chain = build_bg_ycc_rgb_table
</UL>
<BR>[Called By]<UL><LI><a href="#[310]">&gt;&gt;</a>&nbsp;&nbsp;&nbsp;jinit_merged_upsampler
</UL>

<P><STRONG><a name="[312]"></a>build_ycc_rgb_table</STRONG> (Thumb, 156 bytes, Stack size 24 bytes, jdmerge.o(i.build_ycc_rgb_table))
<BR><BR>[Stack]<UL><LI>Max Depth = 24<LI>Call Chain = build_ycc_rgb_table
</UL>
<BR>[Called By]<UL><LI><a href="#[310]">&gt;&gt;</a>&nbsp;&nbsp;&nbsp;jinit_merged_upsampler
</UL>

<P><STRONG><a name="[a8]"></a>h2v1_merged_upsample</STRONG> (Thumb, 422 bytes, Stack size 64 bytes, jdmerge.o(i.h2v1_merged_upsample))
<BR><BR>[Stack]<UL><LI>Max Depth = 64<LI>Call Chain = h2v1_merged_upsample
</UL>
<BR>[Address Reference Count : 1]<UL><LI> jdmerge.o(i.jinit_merged_upsampler)
</UL>
<P><STRONG><a name="[a6]"></a>h2v2_merged_upsample</STRONG> (Thumb, 724 bytes, Stack size 68 bytes, jdmerge.o(i.h2v2_merged_upsample))
<BR><BR>[Stack]<UL><LI>Max Depth = 68<LI>Call Chain = h2v2_merged_upsample
</UL>
<BR>[Address Reference Count : 1]<UL><LI> jdmerge.o(i.jinit_merged_upsampler)
</UL>
<P><STRONG><a name="[a7]"></a>merged_1v_upsample</STRONG> (Thumb, 58 bytes, Stack size 40 bytes, jdmerge.o(i.merged_1v_upsample))
<BR><BR>[Stack]<UL><LI>Max Depth = 40<LI>Call Chain = merged_1v_upsample
</UL>
<BR>[Address Reference Count : 1]<UL><LI> jdmerge.o(i.jinit_merged_upsampler)
</UL>
<P><STRONG><a name="[a5]"></a>merged_2v_upsample</STRONG> (Thumb, 112 bytes, Stack size 48 bytes, jdmerge.o(i.merged_2v_upsample))
<BR><BR>[Stack]<UL><LI>Max Depth = 48<LI>Call Chain = merged_2v_upsample
</UL>
<BR>[Address Reference Count : 1]<UL><LI> jdmerge.o(i.jinit_merged_upsampler)
</UL>
<P><STRONG><a name="[a4]"></a>start_pass_merged_upsample</STRONG> (Thumb, 16 bytes, Stack size 0 bytes, jdmerge.o(i.start_pass_merged_upsample))
<BR>[Address Reference Count : 1]<UL><LI> jdmerge.o(i.jinit_merged_upsampler)
</UL>
<P><STRONG><a name="[2fd]"></a>alloc_fs_workspace</STRONG> (Thumb, 52 bytes, Stack size 24 bytes, jquant1.o(i.alloc_fs_workspace))
<BR><BR>[Stack]<UL><LI>Max Depth = 24<LI>Call Chain = alloc_fs_workspace
</UL>
<BR>[Called By]<UL><LI><a href="#[2fc]">&gt;&gt;</a>&nbsp;&nbsp;&nbsp;jinit_1pass_quantizer
<LI><a href="#[72]">&gt;&gt;</a>&nbsp;&nbsp;&nbsp;start_pass_1_quant
</UL>

<P><STRONG><a name="[e4]"></a>color_quantize</STRONG> (Thumb, 98 bytes, Stack size 44 bytes, jquant1.o(i.color_quantize))
<BR><BR>[Stack]<UL><LI>Max Depth = 44<LI>Call Chain = color_quantize
</UL>
<BR>[Address Reference Count : 1]<UL><LI> jquant1.o(i.start_pass_1_quant)
</UL>
<P><STRONG><a name="[e3]"></a>color_quantize3</STRONG> (Thumb, 126 bytes, Stack size 44 bytes, jquant1.o(i.color_quantize3))
<BR><BR>[Stack]<UL><LI>Max Depth = 44<LI>Call Chain = color_quantize3
</UL>
<BR>[Address Reference Count : 1]<UL><LI> jquant1.o(i.start_pass_1_quant)
</UL>
<P><STRONG><a name="[24c]"></a>create_colorindex</STRONG> (Thumb, 220 bytes, Stack size 48 bytes, jquant1.o(i.create_colorindex))
<BR><BR>[Stack]<UL><LI>Max Depth = 60<LI>Call Chain = create_colorindex &rArr; largest_input_value
</UL>
<BR>[Calls]<UL><LI><a href="#[24d]">&gt;&gt;</a>&nbsp;&nbsp;&nbsp;largest_input_value
</UL>
<BR>[Called By]<UL><LI><a href="#[2fc]">&gt;&gt;</a>&nbsp;&nbsp;&nbsp;jinit_1pass_quantizer
<LI><a href="#[72]">&gt;&gt;</a>&nbsp;&nbsp;&nbsp;start_pass_1_quant
</UL>

<P><STRONG><a name="[24e]"></a>create_colormap</STRONG> (Thumb, 252 bytes, Stack size 56 bytes, jquant1.o(i.create_colormap))
<BR><BR>[Stack]<UL><LI>Max Depth = 104<LI>Call Chain = create_colormap &rArr; select_ncolors
</UL>
<BR>[Calls]<UL><LI><a href="#[24f]">&gt;&gt;</a>&nbsp;&nbsp;&nbsp;select_ncolors
<LI><a href="#[250]">&gt;&gt;</a>&nbsp;&nbsp;&nbsp;output_value
</UL>
<BR>[Called By]<UL><LI><a href="#[2fc]">&gt;&gt;</a>&nbsp;&nbsp;&nbsp;jinit_1pass_quantizer
</UL>

<P><STRONG><a name="[255]"></a>create_odither_tables</STRONG> (Thumb, 96 bytes, Stack size 32 bytes, jquant1.o(i.create_odither_tables))
<BR><BR>[Stack]<UL><LI>Max Depth = 64<LI>Call Chain = create_odither_tables &rArr; make_odither_array
</UL>
<BR>[Calls]<UL><LI><a href="#[256]">&gt;&gt;</a>&nbsp;&nbsp;&nbsp;make_odither_array
</UL>
<BR>[Called By]<UL><LI><a href="#[72]">&gt;&gt;</a>&nbsp;&nbsp;&nbsp;start_pass_1_quant
</UL>

<P><STRONG><a name="[73]"></a>finish_pass_1_quant</STRONG> (Thumb, 2 bytes, Stack size 0 bytes, jquant1.o(i.finish_pass_1_quant))
<BR>[Address Reference Count : 1]<UL><LI> jquant1.o(i.jinit_1pass_quantizer)
</UL>
<P><STRONG><a name="[24d]"></a>largest_input_value</STRONG> (Thumb, 22 bytes, Stack size 12 bytes, jquant1.o(i.largest_input_value))
<BR><BR>[Stack]<UL><LI>Max Depth = 12<LI>Call Chain = largest_input_value
</UL>
<BR>[Called By]<UL><LI><a href="#[24c]">&gt;&gt;</a>&nbsp;&nbsp;&nbsp;create_colorindex
</UL>

<P><STRONG><a name="[256]"></a>make_odither_array</STRONG> (Thumb, 102 bytes, Stack size 32 bytes, jquant1.o(i.make_odither_array))
<BR><BR>[Stack]<UL><LI>Max Depth = 32<LI>Call Chain = make_odither_array
</UL>
<BR>[Called By]<UL><LI><a href="#[255]">&gt;&gt;</a>&nbsp;&nbsp;&nbsp;create_odither_tables
</UL>

<P><STRONG><a name="[74]"></a>new_color_map_1_quant</STRONG> (Thumb, 20 bytes, Stack size 8 bytes, jquant1.o(i.new_color_map_1_quant))
<BR><BR>[Stack]<UL><LI>Max Depth = 8<LI>Call Chain = new_color_map_1_quant
</UL>
<BR>[Address Reference Count : 1]<UL><LI> jquant1.o(i.jinit_1pass_quantizer)
</UL>
<P><STRONG><a name="[250]"></a>output_value</STRONG> (Thumb, 26 bytes, Stack size 16 bytes, jquant1.o(i.output_value))
<BR><BR>[Stack]<UL><LI>Max Depth = 16<LI>Call Chain = output_value
</UL>
<BR>[Called By]<UL><LI><a href="#[24e]">&gt;&gt;</a>&nbsp;&nbsp;&nbsp;create_colormap
</UL>

<P><STRONG><a name="[e5]"></a>quantize3_ord_dither</STRONG> (Thumb, 216 bytes, Stack size 68 bytes, jquant1.o(i.quantize3_ord_dither))
<BR><BR>[Stack]<UL><LI>Max Depth = 68<LI>Call Chain = quantize3_ord_dither
</UL>
<BR>[Address Reference Count : 1]<UL><LI> jquant1.o(i.start_pass_1_quant)
</UL>
<P><STRONG><a name="[e7]"></a>quantize_fs_dither</STRONG> (Thumb, 342 bytes, Stack size 104 bytes, jquant1.o(i.quantize_fs_dither))
<BR><BR>[Stack]<UL><LI>Max Depth = 104<LI>Call Chain = quantize_fs_dither
</UL>
<BR>[Calls]<UL><LI><a href="#[14c]">&gt;&gt;</a>&nbsp;&nbsp;&nbsp;__aeabi_memclr
</UL>
<BR>[Address Reference Count : 1]<UL><LI> jquant1.o(i.start_pass_1_quant)
</UL>
<P><STRONG><a name="[e6]"></a>quantize_ord_dither</STRONG> (Thumb, 186 bytes, Stack size 80 bytes, jquant1.o(i.quantize_ord_dither))
<BR><BR>[Stack]<UL><LI>Max Depth = 80<LI>Call Chain = quantize_ord_dither
</UL>
<BR>[Calls]<UL><LI><a href="#[14c]">&gt;&gt;</a>&nbsp;&nbsp;&nbsp;__aeabi_memclr
</UL>
<BR>[Address Reference Count : 1]<UL><LI> jquant1.o(i.start_pass_1_quant)
</UL>
<P><STRONG><a name="[24f]"></a>select_ncolors</STRONG> (Thumb, 184 bytes, Stack size 48 bytes, jquant1.o(i.select_ncolors))
<BR><BR>[Stack]<UL><LI>Max Depth = 48<LI>Call Chain = select_ncolors
</UL>
<BR>[Called By]<UL><LI><a href="#[24e]">&gt;&gt;</a>&nbsp;&nbsp;&nbsp;create_colormap
</UL>

<P><STRONG><a name="[72]"></a>start_pass_1_quant</STRONG> (Thumb, 172 bytes, Stack size 24 bytes, jquant1.o(i.start_pass_1_quant))
<BR><BR>[Stack]<UL><LI>Max Depth = 88<LI>Call Chain = start_pass_1_quant &rArr; create_odither_tables &rArr; make_odither_array
</UL>
<BR>[Calls]<UL><LI><a href="#[14c]">&gt;&gt;</a>&nbsp;&nbsp;&nbsp;__aeabi_memclr
<LI><a href="#[255]">&gt;&gt;</a>&nbsp;&nbsp;&nbsp;create_odither_tables
<LI><a href="#[24c]">&gt;&gt;</a>&nbsp;&nbsp;&nbsp;create_colorindex
<LI><a href="#[2fd]">&gt;&gt;</a>&nbsp;&nbsp;&nbsp;alloc_fs_workspace
</UL>
<BR>[Address Reference Count : 1]<UL><LI> jquant1.o(i.jinit_1pass_quantizer)
</UL>
<P><STRONG><a name="[150]"></a>_fp_digits</STRONG> (Thumb, 432 bytes, Stack size 96 bytes, _printf_fp_dec.o(.text))
<BR><BR>[Stack]<UL><LI>Max Depth = 220<LI>Call Chain = _fp_digits &rArr; _btod_etento &rArr; _btod_emul &rArr; _e2e
</UL>
<BR>[Calls]<UL><LI><a href="#[154]">&gt;&gt;</a>&nbsp;&nbsp;&nbsp;_btod_emul
<LI><a href="#[153]">&gt;&gt;</a>&nbsp;&nbsp;&nbsp;_btod_ediv
<LI><a href="#[152]">&gt;&gt;</a>&nbsp;&nbsp;&nbsp;_btod_d2e
<LI><a href="#[151]">&gt;&gt;</a>&nbsp;&nbsp;&nbsp;_btod_etento
<LI><a href="#[155]">&gt;&gt;</a>&nbsp;&nbsp;&nbsp;_ll_udiv10
</UL>
<BR>[Called By]<UL><LI><a href="#[156]">&gt;&gt;</a>&nbsp;&nbsp;&nbsp;_printf_fp_dec_real
</UL>

<P><STRONG><a name="[66]"></a>_printf_input_char</STRONG> (Thumb, 10 bytes, Stack size 0 bytes, _printf_char_common.o(.text))
<BR>[Address Reference Count : 1]<UL><LI> _printf_char_common.o(.text)
</UL>
<P><STRONG><a name="[15e]"></a>_fp_value</STRONG> (Thumb, 588 bytes, Stack size 96 bytes, scanf_fp.o(.text))
<BR><BR>[Stack]<UL><LI>Max Depth = 220<LI>Call Chain = _fp_value &rArr; _btod_etento &rArr; _btod_emul &rArr; _e2e
</UL>
<BR>[Calls]<UL><LI><a href="#[15f]">&gt;&gt;</a>&nbsp;&nbsp;&nbsp;_btod_emuld
<LI><a href="#[160]">&gt;&gt;</a>&nbsp;&nbsp;&nbsp;_btod_edivd
<LI><a href="#[151]">&gt;&gt;</a>&nbsp;&nbsp;&nbsp;_btod_etento
<LI><a href="#[14e]">&gt;&gt;</a>&nbsp;&nbsp;&nbsp;__aeabi_errno_addr
<LI><a href="#[2]">&gt;&gt;</a>&nbsp;&nbsp;&nbsp;__ieee_status
</UL>
<BR>[Called By]<UL><LI><a href="#[161]">&gt;&gt;</a>&nbsp;&nbsp;&nbsp;_scanf_really_real
</UL>

<P><STRONG><a name="[68]"></a>_scanf_char_input</STRONG> (Thumb, 12 bytes, Stack size 0 bytes, scanf_char.o(.text))
<BR>[Address Reference Count : 1]<UL><LI> scanf_char.o(.text)
</UL><P>
<H3>
Undefined Global Symbols
</H3><HR></body></html>
