<html>
<body>
<pre>
<h1>礦ision Build Log</h1>
<h2>Tool Versions:</h2>
IDE-Version: μVision V5.25.2.0
Copyright (C) 2018 ARM Ltd and ARM Germany GmbH. All rights reserved.
License Information: zhang zheng, BIT, LIC=IK1BF-6UI8X-BSTYX-HBZIU-L92M9-JZGGJ
 
Tool Versions:
Toolchain:       MDK-ARM Plus  Version: 5.25.2.0
Toolchain Path:  C:\Keil_v5\ARM\ARMCC\Bin
C Compiler:      Armcc.exe V5.06 update 6 (build 750)
Assembler:       Armasm.exe V5.06 update 6 (build 750)
Linker/Locator:  ArmLink.exe V5.06 update 6 (build 750)
Library Manager: ArmAr.exe V5.06 update 6 (build 750)
Hex Converter:   FromElf.exe V5.06 update 6 (build 750)
CPU DLL:         SARMCM3.DLL V5.25.2.0
Dialog DLL:      DCM.DLL V1.17.1.0
Target DLL:      CMSIS_AGDI.dll V1.29.10.0
Dialog DLL:      TCM.DLL V1.35.1.0
 
<h2>Project:</h2>
E:\2026电赛\【正点原子】探索者STM32F407开发板V3 资料盘(A盘)\2，标准例程-HAL库版本\程序模版历程\实验28 触摸屏实验\Projects\MDK-ARM\atk_f407.uvprojx
Project File Date:  04/25/2026

<h2>Output:</h2>
*** Using Compiler 'V5.06 update 6 (build 750)', folder: 'C:\Keil_v5\ARM\ARMCC\Bin'
Rebuild target 'TOUCH'
assembling startup_stm32f407xx.s...
compiling stm32f4xx_it.c...
compiling oscilloscope.c...
..\..\User\oscilloscope.c(172): warning:  #177-D: function "clampf"  was declared but never referenced
  static float clampf(float v, float lo, float hi)
..\..\User\oscilloscope.c: 1 warning, 0 errors
compiling usart.c...
compiling system_stm32f4xx.c...
compiling delay.c...
compiling menu.c...
..\..\User\menu.c(60): warning:  #177-D: function "draw_button"  was declared but never referenced
  static void draw_button(uint16_t x, uint16_t y,
..\..\User\menu.c: 1 warning, 0 errors
compiling main.c...
..\..\User\main.c(249): warning:  #1-D: last line of file ends without a newline
  }
..\..\User\main.c: 1 warning, 0 errors
compiling chinese_font.c...
compiling sys.c...
compiling motor_monitor.c...
..\..\User\motor_monitor.c(613): warning:  #870-D: invalid multibyte character sequence
                      "涓插彛3 PB10鍙? PB11鏀? 115200", C_INFO);
..\..\User\motor_monitor.c(613): warning:  #870-D: invalid multibyte character sequence
                      "涓插彛3 PB10鍙? PB11鏀? 115200", C_INFO);
..\..\User\motor_monitor.c(84): warning:  #177-D: variable "MON_STR_STA_L"  was declared but never referenced
  static const uint8_t MON_STR_STA_L[]   = {0xD7,0xB4,0xCC,0xAC,0x3A,0x00};
..\..\User\motor_monitor.c: 3 warnings, 0 errors
compiling stm32f4xx_hal.c...
compiling dino_game.c...
compiling video_player.c...
..\..\User\video_player.c(7): warning:  #9-D: nested comment is not allowed
   *        SD card: 0:/videos/*.avi
..\..\User\video_player.c(460): warning:  #546-D: transfer of control bypasses initialization of:
            variable "movi_off"  (declared at line 482)
            variable "prev_down"  (declared at line 518)
            variable "seeking"  (declared at line 519)
            variable "pbuf"  (declared at line 520)
          goto cleanup;
          ^
..\..\User\video_player.c(470): warning:  #546-D: transfer of control bypasses initialization of:
            variable "movi_off"  (declared at line 482)
            variable "prev_down"  (declared at line 518)
            variable "seeking"  (declared at line 519)
            variable "pbuf"  (declared at line 520)
      if (res != 0u) { ret = 0u; goto cleanup; }
                                 ^
..\..\User\video_player.c(478): warning:  #546-D: transfer of control bypasses initialization of:
            variable "movi_off"  (declared at line 482)
            variable "prev_down"  (declared at line 518)
            variable "seeking"  (declared at line 519)
            variable "pbuf"  (declared at line 520)
          goto cleanup;
          ^
..\..\User\video_player.c(91): warning:  #550-D: variable "s_foff"  was set but never used
  static uint32_t s_foff[VP_MAX_FILES];               /* FATFS dir offsets    */
..\..\User\video_player.c: 5 warnings, 0 errors
compiling stm32f4xx_hal_cortex.c...
compiling stm32f4xx_hal_gpio.c...
compiling stm32f4xx_hal_rcc.c...
compiling stm32f4xx_hal_rcc_ex.c...
compiling stm32f4xx_hal_pwr.c...
compiling stm32f4xx_hal_pwr_ex.c...
compiling stm32f4xx_hal_usart.c...
compiling stm32f4xx_hal_dma_ex.c...
compiling stm32f4xx_hal_uart.c...
compiling stm32f4xx_hal_sram.c...
compiling stm32f4xx_hal_tim_ex.c...
compiling stm32f4xx_hal_tim.c...
compiling stm32f4xx_ll_fsmc.c...
compiling stm32f4xx_hal_i2c_ex.c...
compiling stm32f4xx_hal_i2c.c...
compiling stm32f4xx_hal_dma.c...
compiling stm32f4xx_hal_adc.c...
compiling stm32f4xx_hal_adc_ex.c...
compiling stm32f4xx_hal_i2s.c...
compiling stm32f4xx_hal_i2s_ex.c...
compiling stm32f4xx_ll_sdmmc.c...
compiling stm32f4xx_hal_sd.c...
compiling led.c...
compiling stm32f4xx_hal_spi.c...
compiling 24cxx.c...
compiling key.c...
compiling lcd.c...
compiling ctiic.c...
compiling myiic.c...
compiling ft5206.c...
compiling gt9xxx.c...
compiling touch.c...
compiling es8388.c...
compiling i2s.c...
compiling btim.c...
compiling sdio_sdcard.c...
compiling norflash.c...
compiling spi.c...
compiling adc_dc.c...
compiling malloc.c...
compiling diskio.c...
compiling ff.c...
compiling ffunicode.c...
compiling exfuns.c...
compiling fattester.c...
compiling ffsystem.c...
compiling jaricom.c...
compiling jcomapi.c...
compiling avi.c...
compiling jutils.c...
compiling jerror.c...
compiling mjpeg.c...
compiling jdapimin.c...
compiling jmemmgr.c...
compiling jdapistd.c...
compiling jdmaster.c...
compiling jdarith.c...
compiling jdinput.c...
compiling jdmarker.c...
compiling jdhuff.c...
compiling jdmainct.c...
compiling jdpostct.c...
compiling jdcoefct.c...
compiling jddctmgr.c...
compiling jidctfst.c...
compiling jidctflt.c...
compiling jdsample.c...
compiling jdcolor.c...
compiling jquant2.c...
compiling wrppm.c...
compiling jquant1.c...
compiling jdmerge.c...
compiling jmemnobs.c...
compiling jidctint.c...
linking...
..\..\Output\atk_f407.sct(15): warning: L6312W: Empty Execution region description for region RW_IRAM2
Program Size: Code=174008 RO-data=201388 RW-data=240 ZI-data=1238872  
Finished: 0 information, 1 warning and 0 error messages.
FromELF: creating hex file...
"..\..\Output\atk_f407.axf" - 0 Error(s), 12 Warning(s).

<h2>Software Packages used:</h2>

Package Vendor: Keil
                https://www.keil.com/pack/Keil.STM32F4xx_DFP.2.17.0.pack
                Keil.STM32F4xx_DFP.2.17.0
                STMicroelectronics STM32F4 Series Device Support, Drivers and Examples

<h2>Collection of Component include folders:</h2>
  .\RTE\_TOUCH
  C:\Keil_v5\ARM\PACK\Keil\STM32F4xx_DFP\2.17.0\Drivers\CMSIS\Device\ST\STM32F4xx\Include

<h2>Collection of Component Files used:</h2>
Build Time Elapsed:  00:00:12
</pre>
</body>
</html>
