Component: ARM Compiler 5.06 update 6 (build 750) Tool: armlink [4d35ed]

==============================================================================

Section Cross References

    startup_stm32f407xx.o(STACK) refers (Special) to heapauxi.o(.text) for __use_two_region_memory
    startup_stm32f407xx.o(HEAP) refers (Special) to heapauxi.o(.text) for __use_two_region_memory
    startup_stm32f407xx.o(RESET) refers (Special) to heapauxi.o(.text) for __use_two_region_memory
    startup_stm32f407xx.o(RESET) refers to startup_stm32f407xx.o(STACK) for __initial_sp
    startup_stm32f407xx.o(RESET) refers to startup_stm32f407xx.o(.text) for Reset_Handler
    startup_stm32f407xx.o(RESET) refers to stm32f4xx_it.o(i.NMI_Handler) for NMI_Handler
    startup_stm32f407xx.o(RESET) refers to stm32f4xx_it.o(i.HardFault_Handler) for HardFault_Handler
    startup_stm32f407xx.o(RESET) refers to stm32f4xx_it.o(i.MemManage_Handler) for MemManage_Handler
    startup_stm32f407xx.o(RESET) refers to stm32f4xx_it.o(i.BusFault_Handler) for BusFault_Handler
    startup_stm32f407xx.o(RESET) refers to stm32f4xx_it.o(i.UsageFault_Handler) for UsageFault_Handler
    startup_stm32f407xx.o(RESET) refers to stm32f4xx_it.o(i.SVC_Handler) for SVC_Handler
    startup_stm32f407xx.o(RESET) refers to stm32f4xx_it.o(i.DebugMon_Handler) for DebugMon_Handler
    startup_stm32f407xx.o(RESET) refers to stm32f4xx_it.o(i.PendSV_Handler) for PendSV_Handler
    startup_stm32f407xx.o(RESET) refers to stm32f4xx_it.o(i.SysTick_Handler) for SysTick_Handler
    startup_stm32f407xx.o(RESET) refers to i2s.o(i.DMA1_Stream4_IRQHandler) for DMA1_Stream4_IRQHandler
    startup_stm32f407xx.o(RESET) refers to usart.o(i.USART1_IRQHandler) for USART1_IRQHandler
    startup_stm32f407xx.o(RESET) refers to motor_monitor.o(i.USART3_IRQHandler) for USART3_IRQHandler
    startup_stm32f407xx.o(RESET) refers to btim.o(i.TIM6_DAC_IRQHandler) for TIM6_DAC_IRQHandler
    startup_stm32f407xx.o(RESET) refers to btim.o(i.TIM7_IRQHandler) for TIM7_IRQHandler
    startup_stm32f407xx.o(RESET) refers to adc_dc.o(i.DMA2_Stream4_IRQHandler) for DMA2_Stream4_IRQHandler
    startup_stm32f407xx.o(.text) refers (Special) to heapauxi.o(.text) for __use_two_region_memory
    startup_stm32f407xx.o(.text) refers to system_stm32f4xx.o(i.SystemInit) for SystemInit
    startup_stm32f407xx.o(.text) refers to __main.o(!!!main) for __main
    startup_stm32f407xx.o(.text) refers to startup_stm32f407xx.o(HEAP) for Heap_Mem
    startup_stm32f407xx.o(.text) refers to startup_stm32f407xx.o(STACK) for Stack_Mem
    main.o(i.ctp_test) refers to main.o(i.lcd_draw_bline) for lcd_draw_bline
    main.o(i.ctp_test) refers to main.o(i.load_draw_dialog) for load_draw_dialog
    main.o(i.ctp_test) refers to delay.o(i.delay_ms) for delay_ms
    main.o(i.ctp_test) refers to stm32f4xx_hal_gpio.o(i.HAL_GPIO_TogglePin) for HAL_GPIO_TogglePin
    main.o(i.ctp_test) refers to lcd.o(.bss) for lcddev
    main.o(i.ctp_test) refers to touch.o(.data) for tp_dev
    main.o(i.ctp_test) refers to main.o(.constdata) for POINT_COLOR_TBL
    main.o(i.lcd_draw_bline) refers to lcd.o(i.lcd_fill_circle) for lcd_fill_circle
    main.o(i.load_draw_dialog) refers to lcd.o(i.lcd_clear) for lcd_clear
    main.o(i.load_draw_dialog) refers to chinese_font.o(i.lcd_show_chinese_str) for lcd_show_chinese_str
    main.o(i.load_draw_dialog) refers to lcd.o(.bss) for lcddev
    main.o(i.load_draw_dialog) refers to main.o(.constdata) for STR_CLEAR
    main.o(i.main) refers to stm32f4xx_hal.o(i.HAL_Init) for HAL_Init
    main.o(i.main) refers to sys.o(i.sys_stm32_clock_init) for sys_stm32_clock_init
    main.o(i.main) refers to delay.o(i.delay_init) for delay_init
    main.o(i.main) refers to usart.o(i.usart_init) for usart_init
    main.o(i.main) refers to led.o(i.led_init) for led_init
    main.o(i.main) refers to lcd.o(i.lcd_init) for lcd_init
    main.o(i.main) refers to key.o(i.key_init) for key_init
    main.o(i.main) refers to malloc.o(i.my_mem_init) for my_mem_init
    main.o(i.main) refers to sdio_sdcard.o(i.sd_init) for sd_init
    main.o(i.main) refers to exfuns.o(i.exfuns_init) for exfuns_init
    main.o(i.main) refers to ff.o(i.f_mount) for f_mount
    main.o(i.main) refers to menu.o(i.main_menu_run) for main_menu_run
    main.o(i.main) refers to touch.o(.data) for tp_dev
    main.o(i.main) refers to exfuns.o(.data) for fs
    main.o(i.rtp_test) refers to key.o(i.key_scan) for key_scan
    main.o(i.rtp_test) refers to main.o(i.load_draw_dialog) for load_draw_dialog
    main.o(i.rtp_test) refers to touch.o(i.tp_draw_big_point) for tp_draw_big_point
    main.o(i.rtp_test) refers to delay.o(i.delay_ms) for delay_ms
    main.o(i.rtp_test) refers to lcd.o(i.lcd_clear) for lcd_clear
    main.o(i.rtp_test) refers to touch.o(i.tp_adjust) for tp_adjust
    main.o(i.rtp_test) refers to touch.o(i.tp_save_adjust_data) for tp_save_adjust_data
    main.o(i.rtp_test) refers to stm32f4xx_hal_gpio.o(i.HAL_GPIO_TogglePin) for HAL_GPIO_TogglePin
[...]
    0x080078da   0x080078da   0x00000102   Code   RO         5051    i.SD_InitCard       stm32f4xx_hal_sd.o
    0x080079dc   0x080079dc   0x000000cc   Code   RO         5053    i.SD_PowerON        stm32f4xx_hal_sd.o
    0x08007aa8   0x08007aa8   0x00000030   Code   RO         5056    i.SD_SendStatus     stm32f4xx_hal_sd.o
    0x08007ad8   0x08007ad8   0x00000068   Code   RO         5057    i.SD_WideBus_Disable  stm32f4xx_hal_sd.o
    0x08007b40   0x08007b40   0x00000068   Code   RO         5058    i.SD_WideBus_Enable  stm32f4xx_hal_sd.o
    0x08007ba8   0x08007ba8   0x0000006c   Code   RO         5606    i.SPI_EndRxTxTransaction  stm32f4xx_hal_spi.o
    0x08007c14   0x08007c14   0x000000d8   Code   RO         5613    i.SPI_WaitFlagStateUntilTimeout  stm32f4xx_hal_spi.o
    0x08007cec   0x08007cec   0x00000002   Code   RO          331    i.SVC_Handler       stm32f4xx_it.o
    0x08007cee   0x08007cee   0x00000008   Code   RO          332    i.SysTick_Handler   stm32f4xx_it.o
    0x08007cf6   0x08007cf6   0x00000002   PAD
    0x08007cf8   0x08007cf8   0x00000014   Code   RO          401    i.SystemInit        system_stm32f4xx.o
    0x08007d0c   0x08007d0c   0x00000010   Code   RO         6798    i.TIM6_DAC_IRQHandler  btim.o
    0x08007d1c   0x08007d1c   0x00000010   Code   RO         6799    i.TIM7_IRQHandler   btim.o
    0x08007d2c   0x08007d2c   0x000000d8   Code   RO         2729    i.TIM_Base_SetConfig  stm32f4xx_hal_tim.o
    0x08007e04   0x08007e04   0x00000014   Code   RO         2268    i.UART_DMAAbortOnError  stm32f4xx_hal_uart.o
    0x08007e18   0x08007e18   0x00000036   Code   RO         2278    i.UART_EndRxTransfer  stm32f4xx_hal_uart.o
    0x08007e4e   0x08007e4e   0x00000020   Code   RO         2279    i.UART_EndTransmit_IT  stm32f4xx_hal_uart.o
    0x08007e6e   0x08007e6e   0x000000be   Code   RO         2281    i.UART_Receive_IT   stm32f4xx_hal_uart.o
    0x08007f2c   0x08007f2c   0x0000022c   Code   RO         2282    i.UART_SetConfig    stm32f4xx_hal_uart.o
    0x08008158   0x08008158   0x00000046   Code   RO         2284    i.UART_Start_Receive_IT  stm32f4xx_hal_uart.o
    0x0800819e   0x0800819e   0x00000060   Code   RO         2285    i.UART_Transmit_IT  stm32f4xx_hal_uart.o
    0x080081fe   0x080081fe   0x0000006c   Code   RO         2286    i.UART_WaitOnFlagUntilTimeout  stm32f4xx_hal_uart.o
    0x0800826a   0x0800826a   0x00000002   PAD
    0x0800826c   0x0800826c   0x00000010   Code   RO         1163    i.USART1_IRQHandler  usart.o
    0x0800827c   0x0800827c   0x00000098   Code   RO          724    i.USART3_IRQHandler  motor_monitor.o
    0x08008314   0x08008314   0x00000004   Code   RO          333    i.UsageFault_Handler  stm32f4xx_it.o
    0x08008318   0x08008318   0x00000030   Code   RO        10208    i.__ARM_fpclassify  m_wm.l(fpclassify.o)
    0x08008348   0x08008348   0x00000026   Code   RO        10110    i.__ARM_fpclassifyf  m_wm.l(fpclassifyf.o)
    0x0800836e   0x0800836e   0x00000002   PAD
    0x08008370   0x08008370   0x00000010   Code   RO         1442    i.__NVIC_GetPriorityGrouping  stm32f4xx_hal_cortex.o
    0x08008380   0x08008380   0x00000028   Code   RO         1443    i.__NVIC_SetPriority  stm32f4xx_hal_cortex.o
    0x080083a8   0x080083a8   0x000000f8   Code   RO        10210    i.__hardfp___mathlib_tofloat  m_wm.l(narrow.o)
    0x080084a0   0x080084a0   0x0000006c   Code   RO         9978    i.__hardfp_ceilf    m_wm.l(ceilf.o)
    0x0800850c   0x0800850c   0x00000150   Code   RO         9984    i.__hardfp_cosf     m_wm.l(cosf.o)
    0x0800865c   0x0800865c   0x00000070   Code   RO         9996    i.__hardfp_floorf   m_wm.l(floorf.o)
    0x080086cc   0x080086cc   0x00000004   PAD
    0x080086d0   0x080086d0   0x000000d0   Code   RO        10309    i.__hardfp_ldexp    m_wm.l(ldexp.o)
    0x080087a0   0x080087a0   0x00000180   Code   RO        10002    i.__hardfp_log10f   m_wm.l(log10f.o)
    0x08008920   0x08008920   0x00000664   Code   RO        10016    i.__hardfp_powf     m_wm.l(powf.o)
    0x08008f84   0x08008f84   0x00000190   Code   RO        10030    i.__hardfp_sinf     m_wm.l(sinf.o)
    0x08009114   0x08009114   0x0000003a   Code   RO        10042    i.__hardfp_sqrtf    m_wm.l(sqrtf.o)
    0x0800914e   0x0800914e   0x00000002   PAD
    0x08009150   0x08009150   0x00000020   Code   RO        10346    i.__mathlib_dbl_overflow  m_wm.l(dunder.o)
    0x08009170   0x08009170   0x00000020   Code   RO        10348    i.__mathlib_dbl_underflow  m_wm.l(dunder.o)
    0x08009190   0x08009190   0x00000014   Code   RO        10112    i.__mathlib_flt_divzero  m_wm.l(funder.o)
    0x080091a4   0x080091a4   0x00000006   Code   RO        10113    i.__mathlib_flt_infnan  m_wm.l(funder.o)
    0x080091aa   0x080091aa   0x00000006   Code   RO        10114    i.__mathlib_flt_infnan2  m_wm.l(funder.o)
    0x080091b0   0x080091b0   0x00000010   Code   RO        10115    i.__mathlib_flt_invalid  m_wm.l(funder.o)
    0x080091c0   0x080091c0   0x00000010   Code   RO        10116    i.__mathlib_flt_overflow  m_wm.l(funder.o)
    0x080091d0   0x080091d0   0x00000010   Code   RO        10118    i.__mathlib_flt_underflow  m_wm.l(funder.o)
    0x080091e0   0x080091e0   0x00000012   Code   RO        10211    i.__mathlib_narrow  m_wm.l(narrow.o)
    0x080091f2   0x080091f2   0x00000002   PAD
    0x080091f4   0x080091f4   0x00000154   Code   RO        10126    i.__mathlib_rredf2  m_wm.l(rredf.o)
    0x08009348   0x08009348   0x00000014   Code   RO        10311    i.__support_ldexp   m_wm.l(ldexp.o)
    0x0800935c   0x0800935c   0x0000000e   Code   RO         9876    i._is_digit         c_w.l(__printf_wp.o)
    0x0800936a   0x0800936a   0x00000004   Code   RO         1165    i._sys_exit         usart.o
    0x0800936e   0x0800936e   0x0000011a   Code   RO         8350    i.access_virt_barray  jmemmgr.o
    0x08009488   0x08009488   0x00000118   Code   RO         8351    i.access_virt_sarray  jmemmgr.o
    0x080095a0   0x080095a0   0x000000c4   Code   RO         7067    i.adc_dc_adc_init   adc_dc.o
    0x08009664   0x08009664   0x00000088   Code   RO         7068    i.adc_dc_dma_init   adc_dc.o
    0x080096ec   0x080096ec   0x00000024   Code   RO         7069    i.adc_dc_init       adc_dc.o
    0x08009710   0x08009710   0x00000028   Code   RO         7070    i.adc_dc_mean_pa5   adc_dc.o
    0x08009738   0x08009738   0x00000024   Code   RO         7071    i.adc_dc_mean_raw   adc_dc.o
    0x0800975c   0x0800975c   0x00000018   Code   RO         7073    i.adc_dc_stop       adc_dc.o
    0x08009774   0x08009774   0x0000006c   Code   RO         7074    i.adc_dc_tim_init   adc_dc.o
    0x080097e0   0x080097e0   0x00000098   Code   RO         8352    i.alloc_barray      jmemmgr.o
    0x08009878   0x08009878   0x00000034   Code   RO         9708    i.alloc_fs_workspace  jquant1.o
    0x080098ac   0x080098ac   0x0000008a   Code   RO         8902    i.alloc_funny_pointers  jdmainct.o
    0x08009936   0x08009936   0x00000002   PAD
    0x08009938   0x08009938   0x00000090   Code   RO         8353    i.alloc_large       jmemmgr.o
    0x080099c8   0x080099c8   0x00000094   Code   RO         8354    i.alloc_sarray      jmemmgr.o
    0x08009a5c   0x08009a5c   0x00000118   Code   RO         8355    i.alloc_small       jmemmgr.o
    0x08009b74   0x08009b74   0x00000114   Code   RO         8544    i.arith_decode      jdarith.o
    0x08009c88   0x08009c88   0x00000008   Code   RO         6214    i.at24cxx_init      24cxx.o
    0x08009c90   0x08009c90   0x00000024   Code   RO         6215    i.at24cxx_read      24cxx.o
    0x08009cb4   0x08009cb4   0x00000052   Code   RO         6216    i.at24cxx_read_one_byte  24cxx.o
    0x08009d06   0x08009d06   0x00000024   Code   RO         6217    i.at24cxx_write     24cxx.o
    0x08009d2a   0x08009d2a   0x0000004a   Code   RO         6218    i.at24cxx_write_one_byte  24cxx.o
    0x08009d74   0x08009d74   0x00000098   Code   RO         8043    i.avi_get_streaminfo  avi.o
    0x08009e0c   0x08009e0c   0x000003f4   Code   RO         8044    i.avi_init          avi.o
    0x0800a200   0x0800a200   0x00000062   Code   RO         8045    i.avi_srarch_id     avi.o
    0x0800a262   0x0800a262   0x00000002   PAD
    0x0800a264   0x0800a264   0x00000064   Code   RO         6801    i.btim_tim7_int_init  btim.o
    0x0800a2c8   0x0800a2c8   0x000000ac   Code   RO         9328    i.build_bg_ycc_rgb_table  jdcolor.o
    0x0800a374   0x0800a374   0x000000ac   Code   RO         9510    i.build_bg_ycc_rgb_table  jdmerge.o
    0x0800a420   0x0800a420   0x00000056   Code   RO         9329    i.build_rgb_y_table  jdcolor.o
    0x0800a476   0x0800a476   0x00000002   PAD
    0x0800a478   0x0800a478   0x000000ac   Code   RO         9330    i.build_ycc_rgb_table  jdcolor.o
    0x0800a524   0x0800a524   0x000000ac   Code   RO         9511    i.build_ycc_rgb_table  jdmerge.o
    0x0800a5d0   0x0800a5d0   0x0000008a   Code   RO         7226    i.change_bitmap     ff.o
    0x0800a65a   0x0800a65a   0x00000002   PAD
    0x0800a65c   0x0800a65c   0x00000104   Code   RO         7227    i.check_fs          ff.o
    0x0800a760   0x0800a760   0x00000062   Code   RO         7228    i.clmt_clust        ff.o
    0x0800a7c2   0x0800a7c2   0x0000001a   Code   RO         7229    i.clst2sect         ff.o
    0x0800a7dc   0x0800a7dc   0x00000098   Code   RO         7230    i.cmp_lfn           ff.o
    0x0800a874   0x0800a874   0x000000ba   Code   RO         9331    i.cmyk_yk_convert   jdcolor.o
    0x0800a92e   0x0800a92e   0x00000002   PAD
    0x0800a930   0x0800a930   0x000000e0   Code   RO          437    i.collide           dino_game.o
    0x0800aa10   0x0800aa10   0x00000062   Code   RO         9709    i.color_quantize    jquant1.o
    0x0800aa72   0x0800aa72   0x0000007e   Code   RO         9710    i.color_quantize3   jquant1.o
    0x0800aaf0   0x0800aaf0   0x00000102   Code   RO         9410    i.compute_color     jquant2.o
    0x0800abf2   0x0800abf2   0x0000001c   Code   RO          587    i.compute_raw_voltage  oscilloscope.o
    0x0800ac0e   0x0800ac0e   0x0000009c   Code   RO          725    i.compute_tick      motor_monitor.o
    0x0800acaa   0x0800acaa   0x00000120   Code   RO         8954    i.consume_data      jdcoefct.o
    0x0800adca   0x0800adca   0x000000ac   Code   RO         8655    i.consume_markers   jdinput.o
    0x0800ae76   0x0800ae76   0x000001cc   Code   RO         7231    i.create_chain      ff.o
    0x0800b042   0x0800b042   0x000000dc   Code   RO         9711    i.create_colorindex  jquant1.o
    0x0800b11e   0x0800b11e   0x000000fc   Code   RO         9712    i.create_colormap   jquant1.o
    0x0800b21a   0x0800b21a   0x00000002   PAD
    0x0800b21c   0x0800b21c   0x0000025c   Code   RO         7232    i.create_name       ff.o
    0x0800b478   0x0800b478   0x00000060   Code   RO         9713    i.create_odither_tables  jquant1.o
    0x0800b4d8   0x0800b4d8   0x00000090   Code   RO         7234    i.create_xdir       ff.o
    0x0800b568   0x0800b568   0x00000058   Code   RO         6344    i.ct_iic_ack        ctiic.o
    0x0800b5c0   0x0800b5c0   0x0000000a   Code   RO         6345    i.ct_iic_delay      ctiic.o
    0x0800b5ca   0x0800b5ca   0x00000002   PAD
    0x0800b5cc   0x0800b5cc   0x00000084   Code   RO         6346    i.ct_iic_init       ctiic.o
    0x0800b650   0x0800b650   0x00000044   Code   RO         6347    i.ct_iic_nack       ctiic.o
    0x0800b694   0x0800b694   0x00000064   Code   RO         6348    i.ct_iic_read_byte  ctiic.o
    0x0800b6f8   0x0800b6f8   0x00000070   Code   RO         6349    i.ct_iic_send_byte  ctiic.o
    0x0800b768   0x0800b768   0x00000054   Code   RO         6350    i.ct_iic_start      ctiic.o
    0x0800b7bc   0x0800b7bc   0x00000044   Code   RO         6351    i.ct_iic_stop       ctiic.o
    0x0800b800   0x0800b800   0x00000070   Code   RO         6352    i.ct_iic_wait_ack   ctiic.o
    0x0800b870   0x0800b870   0x00000034   Code   RO         7235    i.dbc_1st           ff.o
    0x0800b8a4   0x0800b8a4   0x00000048   Code   RO         7236    i.dbc_2nd           ff.o
    0x0800b8ec   0x0800b8ec   0x000002c0   Code   RO         8545    i.decode_mcu        jdarith.o
    0x0800bbac   0x0800bbac   0x00000390   Code   RO         8828    i.decode_mcu        jdhuff.o
    0x0800bf3c   0x0800bf3c   0x0000016e   Code   RO         8546    i.decode_mcu_AC_first  jdarith.o
    0x0800c0aa   0x0800c0aa   0x00000002   PAD
    0x0800c0ac   0x0800c0ac   0x000001e4   Code   RO         8829    i.decode_mcu_AC_first  jdhuff.o
    0x0800c290   0x0800c290   0x0000013a   Code   RO         8547    i.decode_mcu_AC_refine  jdarith.o
    0x0800c3ca   0x0800c3ca   0x00000002   PAD
    0x0800c3cc   0x0800c3cc   0x00000318   Code   RO         8830    i.decode_mcu_AC_refine  jdhuff.o
    0x0800c6e4   0x0800c6e4   0x0000019a   Code   RO         8548    i.decode_mcu_DC_first  jdarith.o
    0x0800c87e   0x0800c87e   0x00000002   PAD
    0x0800c880   0x0800c880   0x000001a0   Code   RO         8831    i.decode_mcu_DC_first  jdhuff.o
    0x0800ca20   0x0800ca20   0x00000062   Code   RO         8549    i.decode_mcu_DC_refine  jdarith.o
    0x0800ca82   0x0800ca82   0x00000002   PAD
    0x0800ca84   0x0800ca84   0x000000bc   Code   RO         8832    i.decode_mcu_DC_refine  jdhuff.o
    0x0800cb40   0x0800cb40   0x00000398   Code   RO         8833    i.decode_mcu_sub    jdhuff.o
    0x0800ced8   0x0800ced8   0x00000118   Code   RO         8955    i.decompress_data   jdcoefct.o
    0x0800cff0   0x0800cff0   0x00000164   Code   RO         8956    i.decompress_onepass  jdcoefct.o
    0x0800d154   0x0800d154   0x000004c4   Code   RO         8957    i.decompress_smooth_data  jdcoefct.o
    0x0800d618   0x0800d618   0x0000020c   Code   RO         8444    i.default_decompress_parms  jdapimin.o
    0x0800d824   0x0800d824   0x0000000c   Code   RO         1045    i.delay_init        delay.o
    0x0800d830   0x0800d830   0x00000012   Code   RO         1046    i.delay_ms          delay.o
    0x0800d842   0x0800d842   0x00000002   PAD
    0x0800d844   0x0800d844   0x00000048   Code   RO         1047    i.delay_us          delay.o
    0x0800d88c   0x0800d88c   0x000005a8   Code   RO          438    i.dino_game_run     dino_game.o
    0x0800de34   0x0800de34   0x0000007c   Code   RO         7237    i.dir_alloc         ff.o
    0x0800deb0   0x0800deb0   0x000000c2   Code   RO         7238    i.dir_clear         ff.o
    0x0800df72   0x0800df72   0x000001a8   Code   RO         7239    i.dir_find          ff.o
    0x0800e11a   0x0800e11a   0x000000e0   Code   RO         7240    i.dir_next          ff.o
    0x0800e1fa   0x0800e1fa   0x00000102   Code   RO         7241    i.dir_read          ff.o
    0x0800e2fc   0x0800e2fc   0x0000022a   Code   RO         7242    i.dir_register      ff.o
    0x0800e526   0x0800e526   0x000000aa   Code   RO         7244    i.dir_sdi           ff.o
    0x0800e5d0   0x0800e5d0   0x0000002c   Code   RO         7679    i.disk_initialize   diskio.o
    0x0800e5fc   0x0800e5fc   0x00000080   Code   RO         7680    i.disk_ioctl        diskio.o
    0x0800e67c   0x0800e67c   0x0000007e   Code   RO         7681    i.disk_read         diskio.o
    0x0800e6fa   0x0800e6fa   0x00000006   Code   RO         7682    i.disk_status       diskio.o
    0x0800e700   0x0800e700   0x0000007e   Code   RO         7683    i.disk_write        diskio.o
    0x0800e77e   0x0800e77e   0x00000002   PAD
    0x0800e780   0x0800e780   0x00000160   Code   RO          588    i.do_auto_zero      oscilloscope.o
    0x0800e8e0   0x0800e8e0   0x000000aa   Code   RO         8356    i.do_barray_io      jmemmgr.o
    0x0800e98a   0x0800e98a   0x00000002   PAD
    0x0800e98c   0x0800e98c   0x00000284   Code   RO          589    i.do_fft            oscilloscope.o
    0x0800ec10   0x0800ec10   0x000000a8   Code   RO         8357    i.do_sarray_io      jmemmgr.o
    0x0800ecb8   0x0800ecb8   0x0000004c   Code   RO          439    i.draw_cact_small   dino_game.o
    0x0800ed04   0x0800ed04   0x00000050   Code   RO          440    i.draw_cact_tall    dino_game.o
    0x0800ed54   0x0800ed54   0x00000064   Code   RO          441    i.draw_cactus       dino_game.o
    0x0800edb8   0x0800edb8   0x00000206   Code   RO          442    i.draw_dino         dino_game.o
    0x0800efbe   0x0800efbe   0x00000002   PAD
    0x0800efc0   0x0800efc0   0x000001c8   Code   RO          590    i.draw_fft_spectrum  oscilloscope.o
    0x0800f188   0x0800f188   0x000000ee   Code   RO          591    i.draw_grid         oscilloscope.o
    0x0800f276   0x0800f276   0x00000002   PAD
    0x0800f278   0x0800f278   0x0000004c   Code   RO          443    i.draw_ground       dino_game.o
    0x0800f2c4   0x0800f2c4   0x000000d8   Code   RO          592    i.draw_infobar      oscilloscope.o
    0x0800f39c   0x0800f39c   0x00000048   Code   RO          593    i.draw_keyhint      oscilloscope.o
    0x0800f3e4   0x0800f3e4   0x00000148   Code   RO          529    i.draw_menu         menu.o
    0x0800f52c   0x0800f52c   0x00000174   Code   RO          594    i.draw_readout      oscilloscope.o
    0x0800f6a0   0x0800f6a0   0x00000080   Code   RO          444    i.draw_score        dino_game.o
    0x0800f720   0x0800f720   0x00000120   Code   RO          595    i.draw_topbar       oscilloscope.o
    0x0800f840   0x0800f840   0x000000cc   Code   RO          596    i.draw_waveform     oscilloscope.o
    0x0800f90c   0x0800f90c   0x0000012c   Code   RO          597    i.draw_ylabels      oscilloscope.o
    0x0800fa38   0x0800fa38   0x00000006   Code   RO         8958    i.dummy_consume_data  jdcoefct.o
    0x0800fa3e   0x0800fa3e   0x00000032   Code   RO         8294    i.emit_message      jerror.o
    0x0800fa70   0x0800fa70   0x0000007c   Code   RO          445    i.erase             dino_game.o
    0x0800faec   0x0800faec   0x00000014   Code   RO         8295    i.error_exit        jerror.o
    0x0800fb00   0x0800fb00   0x00000040   Code   RO         6630    i.es8388_adda_cfg   es8388.o
    0x0800fb40   0x0800fb40   0x0000001c   Code   RO         6632    i.es8388_hpvol_set  es8388.o
    0x0800fb5c   0x0800fb5c   0x000000c6   Code   RO         6634    i.es8388_init       es8388.o
    0x0800fc22   0x0800fc22   0x00000026   Code   RO         6637    i.es8388_output_cfg  es8388.o
    0x0800fc48   0x0800fc48   0x00000042   Code   RO         6640    i.es8388_write_reg  es8388.o
    0x0800fc8a   0x0800fc8a   0x000001be   Code   RO         8708    i.examine_app0      jdmarker.o
    0x0800fe48   0x0800fe48   0x0000009a   Code   RO         8709    i.examine_app14     jdmarker.o
    0x0800fee2   0x0800fee2   0x0000001a   Code   RO         7759    i.exfuns_char_upper  exfuns.o
    0x0800fefc   0x0800fefc   0x000000c0   Code   RO         7761    i.exfuns_file_type  exfuns.o
    0x0800ffbc   0x0800ffbc   0x00000044   Code   RO         7766    i.exfuns_init       exfuns.o
    0x08010000   0x08010000   0x00000026   Code   RO         7245    i.f_close           ff.o
    0x08010026   0x08010026   0x00000018   Code   RO         7246    i.f_closedir        ff.o
    0x0801003e   0x0801003e   0x0000046e   Code   RO         7250    i.f_lseek           ff.o
    0x080104ac   0x080104ac   0x00000054   Code   RO         7253    i.f_mount           ff.o
    0x08010500   0x08010500   0x00000312   Code   RO         7254    i.f_open            ff.o
    0x08010812   0x08010812   0x000000b8   Code   RO         7255    i.f_opendir         ff.o
    0x080108ca   0x080108ca   0x00000228   Code   RO         7259    i.f_read            ff.o
    0x08010af2   0x08010af2   0x00000070   Code   RO         7260    i.f_readdir         ff.o
    0x08010b62   0x08010b62   0x000001a8   Code   RO         7264    i.f_sync            ff.o
    0x08010d0a   0x08010d0a   0x0000000e   Code   RO         8007    i.ff_memalloc       ffsystem.o
    0x08010d18   0x08010d18   0x0000000e   Code   RO         8008    i.ff_memfree        ffsystem.o
    0x08010d26   0x08010d26   0x00000002   PAD
    0x08010d28   0x08010d28   0x00000068   Code   RO         7727    i.ff_oem2uni        ffunicode.o
    0x08010d90   0x08010d90   0x00000074   Code   RO         7728    i.ff_uni2oem        ffunicode.o
    0x08010e04   0x08010e04   0x000000b0   Code   RO         7729    i.ff_wtoupper       ffunicode.o
    0x08010eb4   0x08010eb4   0x00000036   Code   RO         7268    i.fill_first_frag   ff.o
    0x08010eea   0x08010eea   0x00000002   PAD
    0x08010eec   0x08010eec   0x00000068   Code   RO         8087    i.fill_input_buffer  mjpeg.o
    0x08010f54   0x08010f54   0x000000be   Code   RO         9411    i.fill_inverse_cmap  jquant2.o
    0x08011012   0x08011012   0x00000044   Code   RO         7269    i.fill_last_frag    ff.o
    0x08011056   0x08011056   0x00000002   PAD
    0x08011058   0x08011058   0x00000100   Code   RO          598    i.filter_apply      oscilloscope.o
    0x08011158   0x08011158   0x00000150   Code   RO         9412    i.find_best_colors  jquant2.o
    0x080112a8   0x080112a8   0x0000002a   Code   RO         9413    i.find_biggest_color_pop  jquant2.o
    0x080112d2   0x080112d2   0x00000024   Code   RO         9414    i.find_biggest_volume  jquant2.o
    0x080112f6   0x080112f6   0x000000a4   Code   RO         7270    i.find_bitmap       ff.o
    0x0801139a   0x0801139a   0x00000002   PAD
    0x0801139c   0x0801139c   0x0000004c   Code   RO          848    i.find_char         chinese_font.o
    0x080113e8   0x080113e8   0x000001b0   Code   RO         9415    i.find_nearby_colors  jquant2.o
    0x08011598   0x08011598   0x00000078   Code   RO         7271    i.find_volume       ff.o
    0x08011610   0x08011610   0x0000001c   Code   RO         8656    i.finish_input_pass  jdinput.o
    0x0801162c   0x0801162c   0x00000020   Code   RO         8606    i.finish_output_pass  jdmaster.o
    0x0801164c   0x0801164c   0x00000002   Code   RO         8550    i.finish_pass       jdarith.o
    0x0801164e   0x0801164e   0x0000001a   Code   RO         9416    i.finish_pass1      jquant2.o
    0x08011668   0x08011668   0x00000002   Code   RO         9417    i.finish_pass2      jquant2.o
    0x0801166a   0x0801166a   0x00000002   Code   RO         9714    i.finish_pass_1_quant  jquant1.o
    0x0801166c   0x0801166c   0x00000024   Code   RO         8834    i.finish_pass_huff  jdhuff.o
    0x08011690   0x08011690   0x00000078   Code   RO         8710    i.first_marker      jdmarker.o
    0x08011708   0x08011708   0x00000090   Code   RO          530    i.flash_button      menu.o
    0x08011798   0x08011798   0x000000c4   Code   RO         7272    i.follow_path       ff.o
    0x0801185c   0x0801185c   0x000000ac   Code   RO         8296    i.format_message    jerror.o
    0x08011908   0x08011908   0x0000001c   Code   RO         1167    i.fputc             usart.o
    0x08011924   0x08011924   0x000000f6   Code   RO         8358    i.free_pool         jmemmgr.o
    0x08011a1a   0x08011a1a   0x00000006   PAD
    0x08011a20   0x08011a20   0x0000008c   Code   RO        10291    i.frexp             m_wm.l(frexp.o)
    0x08011aac   0x08011aac   0x0000014c   Code   RO         6418    i.ft5206_init       ft5206.o
    0x08011bf8   0x08011bf8   0x00000058   Code   RO         6419    i.ft5206_rd_reg     ft5206.o
    0x08011c50   0x08011c50   0x000001a4   Code   RO         6420    i.ft5206_scan       ft5206.o
    0x08011df4   0x08011df4   0x00000052   Code   RO         6421    i.ft5206_wr_reg     ft5206.o
    0x08011e46   0x08011e46   0x00000002   PAD
    0x08011e48   0x08011e48   0x0000002c   Code   RO          599    i.full_redraw       oscilloscope.o
    0x08011e74   0x08011e74   0x00000004   Code   RO         9286    i.fullsize_upsample  jdsample.o
    0x08011e78   0x08011e78   0x00000084   Code   RO          446    i.game_reset        dino_game.o
    0x08011efc   0x08011efc   0x000000d4   Code   RO         7273    i.gen_numname       ff.o
    0x08011fd0   0x08011fd0   0x00000088   Code   RO          600    i.gen_samples       oscilloscope.o
    0x08012058   0x08012058   0x00000030   Code   RO         8551    i.get_byte          jdarith.o
    0x08012088   0x08012088   0x00000148   Code   RO         8711    i.get_dac           jdmarker.o
    0x080121d0   0x080121d0   0x00000266   Code   RO         8712    i.get_dht           jdmarker.o
    0x08012436   0x08012436   0x00000002   PAD
    0x08012438   0x08012438   0x000002ec   Code   RO         8713    i.get_dqt           jdmarker.o
    0x08012724   0x08012724   0x000000b8   Code   RO         8714    i.get_dri           jdmarker.o
    0x080127dc   0x080127dc   0x00000194   Code   RO         7274    i.get_fat           ff.o
    0x08012970   0x08012970   0x00000004   Code   RO         8009    i.get_fattime       ffsystem.o
    0x08012974   0x08012974   0x0000027a   Code   RO         7275    i.get_fileinfo      ff.o
    0x08012bee   0x08012bee   0x00000108   Code   RO         8715    i.get_interesting_appn  jdmarker.o
    0x08012cf6   0x08012cf6   0x0000004e   Code   RO         7276    i.get_ldnumber      ff.o
    0x08012d44   0x08012d44   0x000003a0   Code   RO         8716    i.get_lse           jdmarker.o
    0x080130e4   0x080130e4   0x00000018   Code   RO         6856    i.get_sd_card_state  sdio_sdcard.o
    0x080130fc   0x080130fc   0x000002e2   Code   RO         8717    i.get_sof           jdmarker.o
    0x080133de   0x080133de   0x0000007a   Code   RO         8718    i.get_soi           jdmarker.o
    0x08013458   0x08013458   0x000002bc   Code   RO         8719    i.get_sos           jdmarker.o
    0x08013714   0x08013714   0x00000048   Code   RO         9332    i.gray_rgb_convert  jdcolor.o
    0x0801375c   0x0801375c   0x00000024   Code   RO         9333    i.grayscale_convert  jdcolor.o
    0x08013780   0x08013780   0x00000184   Code   RO         6477    i.gt9xxx_init       gt9xxx.o
    0x08013904   0x08013904   0x00000062   Code   RO         6478    i.gt9xxx_rd_reg     gt9xxx.o
    0x08013966   0x08013966   0x00000002   PAD
    0x08013968   0x08013968   0x000002f0   Code   RO         6479    i.gt9xxx_scan       gt9xxx.o
    0x08013c58   0x08013c58   0x0000005c   Code   RO         6480    i.gt9xxx_wr_reg     gt9xxx.o
    0x08013cb4   0x08013cb4   0x000001a6   Code   RO         9512    i.h2v1_merged_upsample  jdmerge.o
    0x08013e5a   0x08013e5a   0x00000042   Code   RO         9287    i.h2v1_upsample     jdsample.o
    0x08013e9c   0x08013e9c   0x000002d4   Code   RO         9513    i.h2v2_merged_upsample  jdmerge.o
    0x08014170   0x08014170   0x00000050   Code   RO         9288    i.h2v2_upsample     jdsample.o
    0x080141c0   0x080141c0   0x000000b8   Code   RO          601    i.handle_keys       oscilloscope.o
    0x08014278   0x08014278   0x00000108   Code   RO          602    i.handle_touch      oscilloscope.o
    0x08014380   0x08014380   0x00000028   Code   RO          531    i.hit_test          menu.o
    0x080143a8   0x080143a8   0x0000005c   Code   RO         6725    i.i2s_init          i2s.o
    0x08014404   0x08014404   0x00000018   Code   RO         6726    i.i2s_play_start    i2s.o
    0x0801441c   0x0801441c   0x00000018   Code   RO         6727    i.i2s_play_stop     i2s.o
    0x08014434   0x08014434   0x000000a8   Code   RO         6728    i.i2s_samplerate_set  i2s.o
    0x080144dc   0x080144dc   0x0000011c   Code   RO         6729    i.i2s_tx_dma_init   i2s.o
    0x080145f8   0x080145f8   0x00000054   Code   RO         6273    i.iic_ack           myiic.o
    0x0801464c   0x0801464c   0x0000000a   Code   RO         6274    i.iic_delay         myiic.o
    0x08014656   0x08014656   0x00000002   PAD
    0x08014658   0x08014658   0x00000084   Code   RO         6275    i.iic_init          myiic.o
    0x080146dc   0x080146dc   0x00000040   Code   RO         6276    i.iic_nack          myiic.o
    0x0801471c   0x0801471c   0x00000060   Code   RO         6277    i.iic_read_byte     myiic.o
    0x0801477c   0x0801477c   0x00000070   Code   RO         6278    i.iic_send_byte     myiic.o
    0x080147ec   0x080147ec   0x00000050   Code   RO         6279    i.iic_start         myiic.o
    0x0801483c   0x0801483c   0x00000040   Code   RO         6280    i.iic_stop          myiic.o
    0x0801487c   0x0801487c   0x00000068   Code   RO         6281    i.iic_wait_ack      myiic.o
    0x080148e4   0x080148e4   0x00000032   Code   RO         7277    i.init_alloc_info   ff.o
    0x08014916   0x08014916   0x00000072   Code   RO         9418    i.init_error_limit  jquant2.o
    0x08014988   0x08014988   0x00000002   Code   RO         8088    i.init_source       mjpeg.o
    0x0801498a   0x0801498a   0x00000002   PAD
    0x0801498c   0x0801498c   0x000003c0   Code   RO         8657    i.initial_setup     jdinput.o
    0x08014d4c   0x08014d4c   0x00000094   Code   RO         9289    i.int_upsample      jdsample.o
    0x08014de0   0x08014de0   0x00000014   Code   RO         8254    i.jcopy_block_row   jutils.o
    0x08014df4   0x08014df4   0x00000032   Code   RO         8255    i.jcopy_sample_rows  jutils.o
    0x08014e26   0x08014e26   0x0000000c   Code   RO         8256    i.jdiv_round_up     jutils.o
    0x08014e32   0x08014e32   0x00000002   PAD
    0x08014e34   0x08014e34   0x00000088   Code   RO         9715    i.jinit_1pass_quantizer  jquant1.o
    0x08014ebc   0x08014ebc   0x000000fc   Code   RO         9419    i.jinit_2pass_quantizer  jquant2.o
    0x08014fb8   0x08014fb8   0x0000008c   Code   RO         8552    i.jinit_arith_decoder  jdarith.o
    0x08015044   0x08015044   0x00000310   Code   RO         9334    i.jinit_color_deconverter  jdcolor.o
    0x08015354   0x08015354   0x000000f4   Code   RO         8959    i.jinit_d_coef_controller  jdcoefct.o
    0x08015448   0x08015448   0x000000bc   Code   RO         8903    i.jinit_d_main_controller  jdmainct.o
    0x08015504   0x08015504   0x0000007c   Code   RO         9011    i.jinit_d_post_controller  jdpostct.o
    0x08015580   0x08015580   0x00000098   Code   RO         8835    i.jinit_huff_decoder  jdhuff.o
    0x08015618   0x08015618   0x00000044   Code   RO         8658    i.jinit_input_controller  jdinput.o
    0x0801565c   0x0801565c   0x0000005c   Code   RO         9043    i.jinit_inverse_dct  jddctmgr.o
    0x080156b8   0x080156b8   0x0000006c   Code   RO         8720    i.jinit_marker_reader  jdmarker.o
    0x08015724   0x08015724   0x00000034   Code   RO         8607    i.jinit_master_decompress  jdmaster.o
    0x08015758   0x08015758   0x00000134   Code   RO         8359    i.jinit_memory_mgr  jmemmgr.o
    0x0801588c   0x0801588c   0x00000070   Code   RO         9514    i.jinit_merged_upsampler  jdmerge.o
    0x080158fc   0x080158fc   0x00000154   Code   RO         9290    i.jinit_upsampler   jdsample.o
    0x08015a50   0x08015a50   0x000000bc   Code   RO         8445    i.jpeg_CreateDecompress  jdapimin.o
    0x08015b0c   0x08015b0c   0x00000036   Code   RO         8210    i.jpeg_abort        jcomapi.o
    0x08015b42   0x08015b42   0x0000000c   Code   RO         8446    i.jpeg_abort_decompress  jdapimin.o
    0x08015b4e   0x08015b4e   0x0000001e   Code   RO         8211    i.jpeg_alloc_huff_table  jcomapi.o
    0x08015b6c   0x08015b6c   0x0000001c   Code   RO         8212    i.jpeg_alloc_quant_table  jcomapi.o
    0x08015b88   0x08015b88   0x00000184   Code   RO         8608    i.jpeg_calc_output_dimensions  jdmaster.o
    0x08015d0c   0x08015d0c   0x0000008c   Code   RO         8447    i.jpeg_consume_input  jdapimin.o
    0x08015d98   0x08015d98   0x000003fe   Code   RO         8659    i.jpeg_core_output_dimensions  jdinput.o
    0x08016196   0x08016196   0x00000018   Code   RO         8213    i.jpeg_destroy      jcomapi.o
    0x080161ae   0x080161ae   0x0000000c   Code   RO         8448    i.jpeg_destroy_decompress  jdapimin.o
    0x080161ba   0x080161ba   0x00000002   PAD
    0x080161bc   0x080161bc   0x00000054   Code   RO         8089    i.jpeg_filerw_src_init  mjpeg.o
    0x08016210   0x08016210   0x000000de   Code   RO         8836    i.jpeg_fill_bit_buffer  jdhuff.o
    0x080162ee   0x080162ee   0x00000090   Code   RO         8449    i.jpeg_finish_decompress  jdapimin.o
    0x0801637e   0x0801637e   0x00000002   Code   RO         9569    i.jpeg_free_large   jmemnobs.o
    0x08016380   0x08016380   0x00000002   Code   RO         9570    i.jpeg_free_small   jmemnobs.o
    0x08016382   0x08016382   0x0000000e   Code   RO         9571    i.jpeg_get_large    jmemnobs.o
    0x08016390   0x08016390   0x0000000e   Code   RO         9572    i.jpeg_get_small    jmemnobs.o
    0x0801639e   0x0801639e   0x00000002   PAD
    0x080163a0   0x080163a0   0x000000bc   Code   RO         8837    i.jpeg_huff_decode  jdhuff.o
    0x0801645c   0x0801645c   0x0000044a   Code   RO         9088    i.jpeg_idct_10x10   jidctint.o
    0x080168a6   0x080168a6   0x00000340   Code   RO         9089    i.jpeg_idct_10x5    jidctint.o
    0x08016be6   0x08016be6   0x00000002   PAD
    0x08016be8   0x08016be8   0x000005bc   Code   RO         9090    i.jpeg_idct_11x11   jidctint.o
    0x080171a4   0x080171a4   0x0000052c   Code   RO         9091    i.jpeg_idct_12x12   jidctint.o
    0x080176d0   0x080176d0   0x000003f0   Code   RO         9092    i.jpeg_idct_12x6    jidctint.o
    0x08017ac0   0x08017ac0   0x00000654   Code   RO         9093    i.jpeg_idct_13x13   jidctint.o
    0x08018114   0x08018114   0x00000602   Code   RO         9094    i.jpeg_idct_14x14   jidctint.o
    0x08018716   0x08018716   0x00000002   PAD
    0x08018718   0x08018718   0x0000051c   Code   RO         9095    i.jpeg_idct_14x7    jidctint.o
    0x08018c34   0x08018c34   0x00000624   Code   RO         9096    i.jpeg_idct_15x15   jidctint.o
    0x08019258   0x08019258   0x0000079c   Code   RO         9097    i.jpeg_idct_16x16   jidctint.o
    0x080199f4   0x080199f4   0x00000694   Code   RO         9098    i.jpeg_idct_16x8    jidctint.o
    0x0801a088   0x0801a088   0x00000036   Code   RO         9099    i.jpeg_idct_1x1     jidctint.o
    0x0801a0be   0x0801a0be   0x0000005c   Code   RO         9100    i.jpeg_idct_1x2     jidctint.o
    0x0801a11a   0x0801a11a   0x0000005e   Code   RO         9101    i.jpeg_idct_2x1     jidctint.o
    0x0801a178   0x0801a178   0x000000ba   Code   RO         9102    i.jpeg_idct_2x2     jidctint.o
    0x0801a232   0x0801a232   0x00000002   PAD
    0x0801a234   0x0801a234   0x00000110   Code   RO         9103    i.jpeg_idct_2x4     jidctint.o
    0x0801a344   0x0801a344   0x0000010a   Code   RO         9104    i.jpeg_idct_3x3     jidctint.o
    0x0801a44e   0x0801a44e   0x000001b6   Code   RO         9105    i.jpeg_idct_3x6     jidctint.o
    0x0801a604   0x0801a604   0x0000011a   Code   RO         9106    i.jpeg_idct_4x2     jidctint.o
    0x0801a71e   0x0801a71e   0x00000186   Code   RO         9107    i.jpeg_idct_4x4     jidctint.o
    0x0801a8a4   0x0801a8a4   0x00000358   Code   RO         9108    i.jpeg_idct_4x8     jidctint.o
    0x0801abfc   0x0801abfc   0x0000033a   Code   RO         9109    i.jpeg_idct_5x10    jidctint.o
    0x0801af36   0x0801af36   0x00000204   Code   RO         9110    i.jpeg_idct_5x5     jidctint.o
    0x0801b13a   0x0801b13a   0x00000002   PAD
    0x0801b13c   0x0801b13c   0x000003e0   Code   RO         9111    i.jpeg_idct_6x12    jidctint.o
    0x0801b51c   0x0801b51c   0x000001c6   Code   RO         9112    i.jpeg_idct_6x3     jidctint.o
    0x0801b6e2   0x0801b6e2   0x00000254   Code   RO         9113    i.jpeg_idct_6x6     jidctint.o
    0x0801b936   0x0801b936   0x00000002   PAD
    0x0801b938   0x0801b938   0x000004e4   Code   RO         9114    i.jpeg_idct_7x14    jidctint.o
    0x0801be1c   0x0801be1c   0x00000344   Code   RO         9115    i.jpeg_idct_7x7     jidctint.o
    0x0801c160   0x0801c160   0x000005ac   Code   RO         9116    i.jpeg_idct_8x16    jidctint.o
    0x0801c70c   0x0801c70c   0x000002c4   Code   RO         9117    i.jpeg_idct_8x4     jidctint.o
    0x0801c9d0   0x0801c9d0   0x000003dc   Code   RO         9118    i.jpeg_idct_9x9     jidctint.o
    0x0801cdac   0x0801cdac   0x0000047c   Code   RO         9076    i.jpeg_idct_float   jidctflt.o
    0x0801d228   0x0801d228   0x00000526   Code   RO         9064    i.jpeg_idct_ifast   jidctfst.o
    0x0801d74e   0x0801d74e   0x00000002   PAD
    0x0801d750   0x0801d750   0x000004cc   Code   RO         9119    i.jpeg_idct_islow   jidctint.o
    0x0801dc1c   0x0801dc1c   0x0000023c   Code   RO         8838    i.jpeg_make_d_derived_tbl  jdhuff.o
    0x0801de58   0x0801de58   0x00000016   Code   RO         9573    i.jpeg_mem_available  jmemnobs.o
    0x0801de6e   0x0801de6e   0x00000006   Code   RO         9574    i.jpeg_mem_init     jmemnobs.o
    0x0801de74   0x0801de74   0x00000002   Code   RO         9575    i.jpeg_mem_term     jmemnobs.o
    0x0801de76   0x0801de76   0x00000018   Code   RO         9576    i.jpeg_open_backing_store  jmemnobs.o
    0x0801de8e   0x0801de8e   0x00000060   Code   RO         8452    i.jpeg_read_header  jdapimin.o
    0x0801deee   0x0801deee   0x00000060   Code   RO         8505    i.jpeg_read_scanlines  jdapistd.o
    0x0801df4e   0x0801df4e   0x000000c0   Code   RO         8721    i.jpeg_resync_to_restart  jdmarker.o
    0x0801e00e   0x0801e00e   0x000000ae   Code   RO         8506    i.jpeg_start_decompress  jdapistd.o
    0x0801e0bc   0x0801e0bc   0x00000048   Code   RO         8297    i.jpeg_std_error    jerror.o
    0x0801e104   0x0801e104   0x0000010c   Code   RO         8214    i.jpeg_std_huff_table  jcomapi.o
    0x0801e210   0x0801e210   0x00000012   Code   RO         8257    i.jround_up         jutils.o
    0x0801e222   0x0801e222   0x00000002   PAD
    0x0801e224   0x0801e224   0x000000fc   Code   RO         6182    i.key_init          key.o
    0x0801e320   0x0801e320   0x000000c4   Code   RO         6183    i.key_scan          key.o
    0x0801e3e4   0x0801e3e4   0x00000016   Code   RO         9716    i.largest_input_value  jquant1.o
    0x0801e3fa   0x0801e3fa   0x00000070   Code   RO         8660    i.latch_quant_tables  jdinput.o
    0x0801e46a   0x0801e46a   0x00000002   PAD
    0x0801e46c   0x0801e46c   0x00000034   Code   RO         5922    i.lcd_clear         lcd.o
    0x0801e4a0   0x0801e4a0   0x0000016c   Code   RO         5924    i.lcd_display_dir   lcd.o
    0x0801e60c   0x0801e60c   0x000000aa   Code   RO         5927    i.lcd_draw_circle   lcd.o
    0x0801e6b6   0x0801e6b6   0x00000002   PAD
    0x0801e6b8   0x0801e6b8   0x00000038   Code   RO         5928    i.lcd_draw_hline    lcd.o
    0x0801e6f0   0x0801e6f0   0x000000ac   Code   RO         5929    i.lcd_draw_line     lcd.o
    0x0801e79c   0x0801e79c   0x00000020   Code   RO         5930    i.lcd_draw_point    lcd.o
    0x0801e7bc   0x0801e7bc   0x0000004a   Code   RO         5931    i.lcd_draw_rectangle  lcd.o
    0x0801e806   0x0801e806   0x0000022c   Code   RO         5932    i.lcd_ex_ili9341_reginit  lcd.o
    0x0801ea32   0x0801ea32   0x00000340   Code   RO         5933    i.lcd_ex_ili9806_reginit  lcd.o
    0x0801ed72   0x0801ed72   0x00000ef2   Code   RO         5934    i.lcd_ex_nt35310_reginit  lcd.o
    0x0801fc64   0x0801fc64   0x00000f6e   Code   RO         5935    i.lcd_ex_nt35510_reginit  lcd.o
    0x08020bd2   0x08020bd2   0x0000016e   Code   RO         5936    i.lcd_ex_ssd1963_reginit  lcd.o
    0x08020d40   0x08020d40   0x000001a8   Code   RO         5937    i.lcd_ex_st7789_reginit  lcd.o
    0x08020ee8   0x08020ee8   0x000001c6   Code   RO         5938    i.lcd_ex_st7796_reginit  lcd.o
    0x080210ae   0x080210ae   0x00000002   PAD
    0x080210b0   0x080210b0   0x00000054   Code   RO         5939    i.lcd_fill          lcd.o
    0x08021104   0x08021104   0x00000528   Code   RO         5941    i.lcd_init          lcd.o
    0x0802162c   0x0802162c   0x0000000c   Code   RO         5942    i.lcd_opt_delay     lcd.o
    0x08021638   0x08021638   0x00000016   Code   RO         5943    i.lcd_pow           lcd.o
    0x0802164e   0x0802164e   0x00000002   PAD
    0x08021650   0x08021650   0x00000018   Code   RO         5944    i.lcd_rd_data       lcd.o
    0x08021668   0x08021668   0x0000023c   Code   RO         5946    i.lcd_scan_dir      lcd.o
    0x080218a4   0x080218a4   0x00000120   Code   RO         5947    i.lcd_set_cursor    lcd.o
    0x080219c4   0x080219c4   0x00000170   Code   RO         5948    i.lcd_set_window    lcd.o
    0x08021b34   0x08021b34   0x00000140   Code   RO         5949    i.lcd_show_char     lcd.o
    0x08021c74   0x08021c74   0x00000090   Code   RO          849    i.lcd_show_chinese_char  chinese_font.o
    0x08021d04   0x08021d04   0x00000068   Code   RO          850    i.lcd_show_chinese_str  chinese_font.o
    0x08021d6c   0x08021d6c   0x00000098   Code   RO         5950    i.lcd_show_num      lcd.o
    0x08021e04   0x08021e04   0x0000006a   Code   RO         5951    i.lcd_show_string   lcd.o
    0x08021e6e   0x08021e6e   0x00000002   PAD
    0x08021e70   0x08021e70   0x00000060   Code   RO         5953    i.lcd_ssd_backlight_set  lcd.o
    0x08021ed0   0x08021ed0   0x00000018   Code   RO         5954    i.lcd_wr_data       lcd.o
    0x08021ee8   0x08021ee8   0x00000018   Code   RO         5955    i.lcd_wr_regno      lcd.o
    0x08021f00   0x08021f00   0x00000014   Code   RO         5956    i.lcd_write_ram_prepare  lcd.o
    0x08021f14   0x08021f14   0x00000014   Code   RO         5957    i.lcd_write_reg     lcd.o
    0x08021f28   0x08021f28   0x00000026   Code   RO         7278    i.ld_clust          ff.o
    0x08021f4e   0x08021f4e   0x00000018   Code   RO         7279    i.ld_dword          ff.o
    0x08021f66   0x08021f66   0x00000062   Code   RO         7280    i.ld_qword          ff.o
    0x08021fc8   0x08021fc8   0x0000000c   Code   RO         7281    i.ld_word           ff.o
    0x08021fd4   0x08021fd4   0x00000098   Code   RO         5897    i.led_init          led.o
    0x0802206c   0x0802206c   0x00000040   Code   RO         7282    i.load_obj_xdir     ff.o
    0x080220ac   0x080220ac   0x0000010e   Code   RO         7283    i.load_xdir         ff.o
    0x080221ba   0x080221ba   0x00000002   PAD
    0x080221bc   0x080221bc   0x00000068   Code   RO           16    i.main              main.o
    0x08022224   0x08022224   0x0000012c   Code   RO          532    i.main_menu_run     menu.o
    0x08022350   0x08022350   0x000000c8   Code   RO         8904    i.make_funny_pointers  jdmainct.o
    0x08022418   0x08022418   0x0000006c   Code   RO         9717    i.make_odither_array  jquant1.o
    0x08022484   0x08022484   0x000001ec   Code   RO         8610    i.master_selection  jdmaster.o
    0x08022670   0x08022670   0x000000f8   Code   RO         9420    i.median_cut        jquant2.o
    0x08022768   0x08022768   0x0000003a   Code   RO         9515    i.merged_1v_upsample  jdmerge.o
    0x080227a2   0x080227a2   0x00000070   Code   RO         9516    i.merged_2v_upsample  jdmerge.o
    0x08022812   0x08022812   0x00000002   PAD
    0x08022814   0x08022814   0x00000020   Code   RO         7841    i.mf_free           fattester.o
    0x08022834   0x08022834   0x00000040   Code   RO         7844    i.mf_init           fattester.o
    0x08022874   0x08022874   0x00000044   Code   RO         8090    i.mjpeg_malloc      mjpeg.o
    0x080228b8   0x080228b8   0x00000120   Code   RO         8091    i.mjpegdec_decode   mjpeg.o
    0x080229d8   0x080229d8   0x00000030   Code   RO         8092    i.mjpegdec_free     mjpeg.o
    0x08022a08   0x08022a08   0x0000006c   Code   RO         8093    i.mjpegdec_init     mjpeg.o
    0x08022a74   0x08022a74   0x0000003c   Code   RO          726    i.mon_draw_back     motor_monitor.o
    0x08022ab0   0x08022ab0   0x000000c4   Code   RO          727    i.mon_draw_full     motor_monitor.o
    0x08022b74   0x08022b74   0x000000a4   Code   RO          728    i.mon_draw_grid     motor_monitor.o
    0x08022c18   0x08022c18   0x000000d8   Code   RO          729    i.mon_draw_livevals  motor_monitor.o
    0x08022cf0   0x08022cf0   0x0000009c   Code   RO          730    i.mon_draw_params   motor_monitor.o
    0x08022d8c   0x08022d8c   0x0000012c   Code   RO          731    i.mon_draw_slider   motor_monitor.o
    0x08022eb8   0x08022eb8   0x00000094   Code   RO          732    i.mon_draw_sliders  motor_monitor.o
    0x08022f4c   0x08022f4c   0x0000006c   Code   RO          733    i.mon_draw_status   motor_monitor.o
    0x08022fb8   0x08022fb8   0x0000017c   Code   RO          734    i.mon_draw_waveform  motor_monitor.o
    0x08023134   0x08023134   0x0000019c   Code   RO          735    i.mon_draw_ylabels  motor_monitor.o
    0x080232d0   0x080232d0   0x0000011c   Code   RO          736    i.mon_handle_keys   motor_monitor.o
    0x080233ec   0x080233ec   0x0000007c   Code   RO          737    i.mon_process_uart  motor_monitor.o
    0x08023468   0x08023468   0x00000058   Code   RO          738    i.mon_push          motor_monitor.o
    0x080234c0   0x080234c0   0x00000090   Code   RO          739    i.mon_send_params   motor_monitor.o
    0x08023550   0x08023550   0x00000154   Code   RO          740    i.mon_touch         motor_monitor.o
    0x080236a4   0x080236a4   0x00000044   Code   RO          741    i.mon_uart_deinit   motor_monitor.o
    0x080236e8   0x080236e8   0x000000c8   Code   RO          742    i.mon_uart_init     motor_monitor.o
    0x080237b0   0x080237b0   0x00000160   Code   RO          743    i.motor_monitor_run  motor_monitor.o
    0x08023910   0x08023910   0x00000474   Code   RO         7284    i.mount_volume      ff.o
    0x08023d84   0x08023d84   0x00000034   Code   RO         7285    i.move_window       ff.o
    0x08023db8   0x08023db8   0x00000030   Code   RO         8094    i.my_emit_message   mjpeg.o
    0x08023de8   0x08023de8   0x00000016   Code   RO         8095    i.my_error_exit     mjpeg.o
    0x08023dfe   0x08023dfe   0x00000002   PAD
    0x08023e00   0x08023e00   0x0000006c   Code   RO         7148    i.my_mem_free       malloc.o
    0x08023e6c   0x08023e6c   0x00000030   Code   RO         7149    i.my_mem_init       malloc.o
    0x08023e9c   0x08023e9c   0x000000a8   Code   RO         7150    i.my_mem_malloc     malloc.o
    0x08023f44   0x08023f44   0x00000040   Code   RO         7151    i.my_mem_perused    malloc.o
    0x08023f84   0x08023f84   0x00000014   Code   RO         7152    i.my_mem_set        malloc.o
    0x08023f98   0x08023f98   0x00000024   Code   RO         7153    i.myfree            malloc.o
    0x08023fbc   0x08023fbc   0x00000028   Code   RO         7154    i.mymalloc          malloc.o
    0x08023fe4   0x08023fe4   0x00000014   Code   RO         9718    i.new_color_map_1_quant  jquant1.o
    0x08023ff8   0x08023ff8   0x0000000a   Code   RO         9421    i.new_color_map_2_quant  jquant2.o
    0x08024002   0x08024002   0x000000e2   Code   RO         8724    i.next_marker       jdmarker.o
    0x080240e4   0x080240e4   0x00000044   Code   RO         6918    i.norflash_erase_sector  norflash.o
    0x08024128   0x08024128   0x000000c0   Code   RO         6919    i.norflash_init     norflash.o
    0x080241e8   0x080241e8   0x00000050   Code   RO         6920    i.norflash_read     norflash.o
    0x08024238   0x08024238   0x00000050   Code   RO         6921    i.norflash_read_id  norflash.o
    0x08024288   0x08024288   0x0000005c   Code   RO         6922    i.norflash_read_sr  norflash.o
    0x080242e4   0x080242e4   0x00000034   Code   RO         6923    i.norflash_send_address  norflash.o
    0x08024318   0x08024318   0x00000014   Code   RO         6924    i.norflash_wait_busy  norflash.o
    0x0802432c   0x0802432c   0x000000b8   Code   RO         6925    i.norflash_write    norflash.o
    0x080243e4   0x080243e4   0x0000002c   Code   RO         6926    i.norflash_write_enable  norflash.o
    0x08024410   0x08024410   0x00000046   Code   RO         6927    i.norflash_write_nocheck  norflash.o
    0x08024456   0x08024456   0x00000002   PAD
    0x08024458   0x08024458   0x00000058   Code   RO         6928    i.norflash_write_page  norflash.o
    0x080244b0   0x080244b0   0x00000058   Code   RO         6929    i.norflash_write_sr  norflash.o
    0x08024508   0x08024508   0x0000006e   Code   RO         9335    i.null_convert      jdcolor.o
    0x08024576   0x08024576   0x00000002   PAD
    0x08024578   0x08024578   0x00000150   Code   RO          603    i.oscilloscope_run  oscilloscope.o
    0x080246c8   0x080246c8   0x0000001a   Code   RO         8360    i.out_of_memory     jmemmgr.o
    0x080246e2   0x080246e2   0x00000002   PAD
    0x080246e4   0x080246e4   0x00000020   Code   RO         8298    i.output_message    jerror.o
    0x08024704   0x08024704   0x00000094   Code   RO         8508    i.output_pass_setup  jdapistd.o
    0x08024798   0x08024798   0x0000001a   Code   RO         9719    i.output_value      jquant1.o
    0x080247b2   0x080247b2   0x000001e6   Code   RO         9422    i.pass2_fs_dither   jquant2.o
    0x08024998   0x08024998   0x00000090   Code   RO         9423    i.pass2_no_dither   jquant2.o
    0x08024a28   0x08024a28   0x00000128   Code   RO         8661    i.per_scan_setup    jdinput.o
    0x08024b50   0x08024b50   0x0000008c   Code   RO         7286    i.pick_lfn          ff.o
    0x08024bdc   0x08024bdc   0x00000068   Code   RO         9012    i.post_process_1pass  jdpostct.o
    0x08024c44   0x08024c44   0x00000094   Code   RO         9013    i.post_process_2pass  jdpostct.o
    0x08024cd8   0x08024cd8   0x00000092   Code   RO         9014    i.post_process_prepass  jdpostct.o
    0x08024d6a   0x08024d6a   0x0000011c   Code   RO         8611    i.prepare_for_output_pass  jdmaster.o
    0x08024e86   0x08024e86   0x00000042   Code   RO         8612    i.prepare_range_limit_table  jdmaster.o
    0x08024ec8   0x08024ec8   0x0000007a   Code   RO         9424    i.prescan_quantize  jquant2.o
    0x08024f42   0x08024f42   0x00000106   Code   RO         8905    i.process_data_context_main  jdmainct.o
    0x08025048   0x08025048   0x00000022   Code   RO         8906    i.process_data_crank_post  jdmainct.o
    0x0802506a   0x0802506a   0x0000004e   Code   RO         8907    i.process_data_simple_main  jdmainct.o
    0x080250b8   0x080250b8   0x000000ac   Code   RO         8553    i.process_restart   jdarith.o
    0x08025164   0x08025164   0x00000050   Code   RO         8839    i.process_restart   jdhuff.o
    0x080251b4   0x080251b4   0x00000144   Code   RO         7287    i.put_fat           ff.o
    0x080252f8   0x080252f8   0x00000080   Code   RO         7288    i.put_lfn           ff.o
    0x08025378   0x08025378   0x00000042   Code   RO         7289    i.put_utf           ff.o
    0x080253ba   0x080253ba   0x000000d8   Code   RO         9720    i.quantize3_ord_dither  jquant1.o
    0x08025492   0x08025492   0x00000156   Code   RO         9721    i.quantize_fs_dither  jquant1.o
    0x080255e8   0x080255e8   0x000000ba   Code   RO         9722    i.quantize_ord_dither  jquant1.o
    0x080256a2   0x080256a2   0x0000027a   Code   RO         8725    i.read_markers      jdmarker.o
    0x0802591c   0x0802591c   0x00000072   Code   RO         8726    i.read_restart_marker  jdmarker.o
    0x0802598e   0x0802598e   0x00000002   PAD
    0x08025990   0x08025990   0x00000144   Code   RO         8361    i.realize_virt_arrays  jmemmgr.o
    0x08025ad4   0x08025ad4   0x0000014a   Code   RO         7293    i.remove_chain      ff.o
    0x08025c1e   0x08025c1e   0x0000005e   Code   RO         8362    i.request_virt_barray  jmemmgr.o
    0x08025c7c   0x08025c7c   0x0000005e   Code   RO         8363    i.request_virt_sarray  jmemmgr.o
    0x08025cda   0x08025cda   0x0000000c   Code   RO         8299    i.reset_error_mgr   jerror.o
    0x08025ce6   0x08025ce6   0x00000002   PAD
    0x08025ce8   0x08025ce8   0x00000034   Code   RO         8662    i.reset_input_controller  jdinput.o
    0x08025d1c   0x08025d1c   0x0000001c   Code   RO         8727    i.reset_marker_reader  jdmarker.o
    0x08025d38   0x08025d38   0x000000b0   Code   RO         9336    i.rgb1_gray_convert  jdcolor.o
    0x08025de8   0x08025de8   0x00000074   Code   RO         9337    i.rgb1_rgb_convert  jdcolor.o
    0x08025e5c   0x08025e5c   0x00000060   Code   RO         9338    i.rgb_convert       jdcolor.o
    0x08025ebc   0x08025ebc   0x00000096   Code   RO         9339    i.rgb_gray_convert  jdcolor.o
    0x08025f52   0x08025f52   0x00000002   PAD
    0x08025f54   0x08025f54   0x00000038   Code   RO          447    i.rng               dino_game.o
    0x08025f8c   0x08025f8c   0x00000054   Code   RO         6857    i.sd_init           sdio_sdcard.o
    0x08025fe0   0x08025fe0   0x00000050   Code   RO         6858    i.sd_read_disk      sdio_sdcard.o
    0x08026030   0x08026030   0x00000050   Code   RO         6859    i.sd_write_disk     sdio_sdcard.o
    0x08026080   0x08026080   0x00000078   Code   RO         9425    i.select_colors     jquant2.o
    0x080260f8   0x080260f8   0x000000bc   Code   RO         9723    i.select_ncolors    jquant1.o
    0x080261b4   0x080261b4   0x0000002c   Code   RO         8364    i.self_destruct     jmemmgr.o
    0x080261e0   0x080261e0   0x000000d6   Code   RO         9291    i.sep_upsample      jdsample.o
    0x080262b6   0x080262b6   0x00000090   Code   RO         8908    i.set_bottom_pointers  jdmainct.o
    0x08026346   0x08026346   0x000000aa   Code   RO         8909    i.set_wraparound_pointers  jdmainct.o
    0x080263f0   0x080263f0   0x0000007c   Code   RO          448    i.show_message      dino_game.o
    0x0802646c   0x0802646c   0x00000038   Code   RO         8096    i.skip_input_data   mjpeg.o
    0x080264a4   0x080264a4   0x0000008e   Code   RO         8729    i.skip_variable     jdmarker.o
    0x08026532   0x08026532   0x000000b2   Code   RO         8960    i.smoothing_ok      jdcoefct.o
    0x080265e4   0x080265e4   0x00000070   Code   RO          449    i.spawn_cactus      dino_game.o
    0x08026654   0x08026654   0x00000080   Code   RO         7021    i.spi1_init         spi.o
    0x080266d4   0x080266d4   0x00000020   Code   RO         7022    i.spi1_read_write_byte  spi.o
    0x080266f4   0x080266f4   0x00000048   Code   RO         7023    i.spi1_set_speed    spi.o
    0x0802673c   0x0802673c   0x00000024   Code   RO         7294    i.st_clust          ff.o
    0x08026760   0x08026760   0x00000018   Code   RO         7295    i.st_dword          ff.o
    0x08026778   0x08026778   0x0000005c   Code   RO         7296    i.st_qword          ff.o
    0x080267d4   0x080267d4   0x0000000c   Code   RO         7297    i.st_word           ff.o
    0x080267e0   0x080267e0   0x00000038   Code   RO         8961    i.start_iMCU_row    jdcoefct.o
    0x08026818   0x08026818   0x00000032   Code   RO         8663    i.start_input_pass  jdinput.o
    0x0802684a   0x0802684a   0x00000010   Code   RO         8962    i.start_input_pass  jdcoefct.o
    0x0802685a   0x0802685a   0x00000002   PAD
    0x0802685c   0x0802685c   0x00000034   Code   RO         8963    i.start_output_pass  jdcoefct.o
    0x08026890   0x08026890   0x000002b0   Code   RO         8554    i.start_pass        jdarith.o
    0x08026b40   0x08026b40   0x000004a4   Code   RO         9044    i.start_pass        jddctmgr.o
    0x08026fe4   0x08026fe4   0x000000c0   Code   RO         9724    i.start_pass_1_quant  jquant1.o
    0x080270a4   0x080270a4   0x000000f0   Code   RO         9426    i.start_pass_2_quant  jquant2.o
    0x08027194   0x08027194   0x00000002   Code   RO         9340    i.start_pass_dcolor  jdcolor.o
    0x08027196   0x08027196   0x00000002   PAD
    0x08027198   0x08027198   0x0000009c   Code   RO         9015    i.start_pass_dpost  jdpostct.o
    0x08027234   0x08027234   0x000004b4   Code   RO         8840    i.start_pass_huff_decoder  jdhuff.o
    0x080276e8   0x080276e8   0x00000064   Code   RO         8910    i.start_pass_main   jdmainct.o
    0x0802774c   0x0802774c   0x00000010   Code   RO         9517    i.start_pass_merged_upsample  jdmerge.o
    0x0802775c   0x0802775c   0x00000010   Code   RO         9292    i.start_pass_upsample  jdsample.o
    0x0802776c   0x0802776c   0x00000072   Code   RO         7298    i.store_xdir        ff.o
    0x080277de   0x080277de   0x00000020   Code   RO         7299    i.sum_sfn           ff.o
    0x080277fe   0x080277fe   0x00000002   PAD
    0x08027800   0x08027800   0x0000008c   Code   RO         7300    i.sync_fs           ff.o
    0x0802788c   0x0802788c   0x0000004a   Code   RO         7301    i.sync_window       ff.o
    0x080278d6   0x080278d6   0x00000002   PAD
    0x080278d8   0x080278d8   0x000000dc   Code   RO         1094    i.sys_stm32_clock_init  sys.o
    0x080279b4   0x080279b4   0x0000004c   Code   RO         7302    i.tchar2uni         ff.o
    0x08027a00   0x08027a00   0x00000002   Code   RO         8097    i.term_source       mjpeg.o
    0x08027a02   0x08027a02   0x00000002   PAD
    0x08027a04   0x08027a04   0x0000040c   Code   RO         6523    i.tp_adjust         touch.o
    0x08027e10   0x08027e10   0x00000148   Code   RO         6524    i.tp_adjust_info_show  touch.o
    0x08027f58   0x08027f58   0x00000076   Code   RO         6526    i.tp_draw_touch_point  touch.o
    0x08027fce   0x08027fce   0x00000002   PAD
    0x08027fd0   0x08027fd0   0x00000028   Code   RO         6527    i.tp_get_adjust_data  touch.o
    0x08027ff8   0x08027ff8   0x0000024c   Code   RO         6528    i.tp_init           touch.o
    0x08028244   0x08028244   0x000000dc   Code   RO         6529    i.tp_read_ad        touch.o
    0x08028320   0x08028320   0x00000078   Code   RO         6530    i.tp_read_xoy       touch.o
    0x08028398   0x08028398   0x00000044   Code   RO         6531    i.tp_read_xy        touch.o
    0x080283dc   0x080283dc   0x000000b0   Code   RO         6532    i.tp_read_xy2       touch.o
    0x0802848c   0x0802848c   0x0000001c   Code   RO         6533    i.tp_save_adjust_data  touch.o
    0x080284a8   0x080284a8   0x0000012c   Code   RO         6534    i.tp_scan           touch.o
    0x080285d4   0x080285d4   0x00000068   Code   RO         6535    i.tp_write_byte     touch.o
    0x0802863c   0x0802863c   0x0000002c   Code   RO          604    i.trend_push        oscilloscope.o
    0x08028668   0x08028668   0x0000024e   Code   RO         9427    i.update_box        jquant2.o
    0x080288b6   0x080288b6   0x00000002   PAD
    0x080288b8   0x080288b8   0x00000038   Code   RO         1168    i.usart_init        usart.o
    0x080288f0   0x080288f0   0x000000e0   Code   RO         8613    i.use_merged_upsample  jdmaster.o
    0x080289d0   0x080289d0   0x0000003c   Code   RO         7303    i.validate          ff.o
    0x08028a0c   0x08028a0c   0x00000058   Code   RO          605    i.vdiv_decrease     oscilloscope.o
    0x08028a64   0x08028a64   0x0000005c   Code   RO          606    i.vdiv_increase     oscilloscope.o
    0x08028ac0   0x08028ac0   0x000003b4   Code   RO          889    i.video_player_run  video_player.o
    0x08028e74   0x08028e74   0x00000044   Code   RO          890    i.vp_audio_dma_cb   video_player.o
    0x08028eb8   0x08028eb8   0x00000124   Code   RO          891    i.vp_draw_controls  video_player.o
    0x08028fdc   0x08028fdc   0x000001b0   Code   RO          892    i.vp_draw_dropdown  video_player.o
    0x0802918c   0x0802918c   0x00000038   Code   RO          893    i.vp_draw_full      video_player.o
    0x080291c4   0x080291c4   0x000000d8   Code   RO          894    i.vp_draw_header    video_player.o
    0x0802929c   0x0802929c   0x00000064   Code   RO          895    i.vp_draw_seek_bar  video_player.o
    0x08029300   0x08029300   0x00000120   Code   RO          896    i.vp_draw_status    video_player.o
    0x08029420   0x08029420   0x00000064   Code   RO          897    i.vp_draw_status_idle  video_player.o
    0x08029484   0x08029484   0x00000012   Code   RO          898    i.vp_draw_video_bg  video_player.o
    0x08029496   0x08029496   0x00000028   Code   RO          899    i.vp_hit            video_player.o
    0x080294be   0x080294be   0x00000002   PAD
    0x080294c0   0x080294c0   0x00000580   Code   RO          900    i.vp_play_avi       video_player.o
    0x08029a40   0x08029a40   0x000000cc   Code   RO          901    i.vp_scan_files     video_player.o
    0x08029b0c   0x08029b0c   0x000000b0   Code   RO          902    i.vp_seek_to        video_player.o
    0x08029bbc   0x08029bbc   0x0000007c   Code   RO          903    i.vp_seekbar_touch  video_player.o
    0x08029c38   0x08029c38   0x00000010   Code   RO          904    i.vp_vol_apply      video_player.o
    0x08029c48   0x08029c48   0x00000028   Code   RO          905    i.vp_vol_down       video_player.o
    0x08029c70   0x08029c70   0x00000028   Code   RO          906    i.vp_vol_up         video_player.o
    0x08029c98   0x08029c98   0x0000003a   Code   RO         7304    i.xdir_sum          ff.o
    0x08029cd2   0x08029cd2   0x0000004c   Code   RO         7305    i.xname_sum         ff.o
    0x08029d1e   0x08029d1e   0x000000de   Code   RO         9341    i.ycc_rgb_convert   jdcolor.o
    0x08029dfc   0x08029dfc   0x00000102   Code   RO         9342    i.ycck_cmyk_convert  jdcolor.o
    0x08029efe   0x08029efe   0x00000002   PAD
    0x08029f00   0x08029f00   0x0000002c   Code   RO        10196    locale$$code        c_w.l(lc_numeric_c.o)
    0x08029f2c   0x08029f2c   0x0000002c   Code   RO        10228    locale$$code        c_w.l(lc_ctype_c.o)
    0x08029f58   0x08029f58   0x00000018   Code   RO         9936    x$fpl$basic         fz_wm.l(basic.o)
    0x08029f70   0x08029f70   0x00000062   Code   RO         9938    x$fpl$d2f           fz_wm.l(d2f.o)
    0x08029fd2   0x08029fd2   0x00000002   PAD
    0x08029fd4   0x08029fd4   0x00000010   Code   RO        10374    x$fpl$dcheck1       fz_wm.l(dcheck1.o)
    0x08029fe4   0x08029fe4   0x00000018   Code   RO        10097    x$fpl$dcmpinf       fz_wm.l(dcmpi.o)
    0x08029ffc   0x08029ffc   0x000002b0   Code   RO         9941    x$fpl$ddiv          fz_wm.l(ddiv.o)
    0x0802a2ac   0x0802a2ac   0x00000078   Code   RO        10287    x$fpl$deqf          fz_wm.l(deqf.o)
    0x0802a324   0x0802a324   0x0000005a   Code   RO         9944    x$fpl$dfixu         fz_wm.l(dfixu.o)
    0x0802a37e   0x0802a37e   0x0000002e   Code   RO         9949    x$fpl$dflt          fz_wm.l(dflt_clz.o)
    0x0802a3ac   0x0802a3ac   0x00000026   Code   RO         9948    x$fpl$dfltu         fz_wm.l(dflt_clz.o)
    0x0802a3d2   0x0802a3d2   0x00000002   PAD
    0x0802a3d4   0x0802a3d4   0x0000008a   Code   RO         9955    x$fpl$dfltull       fz_wm.l(dfltll_clz.o)
    0x0802a45e   0x0802a45e   0x00000002   PAD
    0x0802a460   0x0802a460   0x00000078   Code   RO         9958    x$fpl$dleqf         fz_wm.l(dleqf.o)
    0x0802a4d8   0x0802a4d8   0x00000154   Code   RO         9960    x$fpl$dmul          fz_wm.l(dmul.o)
    0x0802a62c   0x0802a62c   0x0000009c   Code   RO        10099    x$fpl$dnaninf       fz_wm.l(dnaninf.o)
    0x0802a6c8   0x0802a6c8   0x0000000c   Code   RO        10101    x$fpl$dretinf       fz_wm.l(dretinf.o)
    0x0802a6d4   0x0802a6d4   0x0000006c   Code   RO         9962    x$fpl$drleqf        fz_wm.l(drleqf.o)
    0x0802a740   0x0802a740   0x00000056   Code   RO         9964    x$fpl$f2d           fz_wm.l(f2d.o)
    0x0802a796   0x0802a796   0x0000008c   Code   RO        10103    x$fpl$fnaninf       fz_wm.l(fnaninf.o)
    0x0802a822   0x0802a822   0x0000000a   Code   RO        10307    x$fpl$fpinit        fz_wm.l(fpinit.o)
    0x0802a82c   0x0802a82c   0x0000000a   Code   RO        10105    x$fpl$fretinf       fz_wm.l(fretinf.o)
    0x0802a836   0x0802a836   0x00000006   Code   RO        10107    x$fpl$ieeestatus    fz_wm.l(istatus.o)
    0x0802a83c   0x0802a83c   0x00000004   Code   RO         9966    x$fpl$printf1       fz_wm.l(printf1.o)
    0x0802a840   0x0802a840   0x00000004   Code   RO         9968    x$fpl$printf2       fz_wm.l(printf2.o)
    0x0802a844   0x0802a844   0x00000064   Code   RO        10408    x$fpl$retnan        fz_wm.l(retnan.o)
    0x0802a8a8   0x0802a8a8   0x0000005c   Code   RO        10340    x$fpl$scalbn        fz_wm.l(scalbn.o)
    0x0802a904   0x0802a904   0x00000004   Code   RO         9974    x$fpl$scanf1        fz_wm.l(scanf1.o)
    0x0802a908   0x0802a908   0x00000008   Code   RO        10202    x$fpl$scanf2        fz_wm.l(scanf2.o)
    0x0802a910   0x0802a910   0x00000030   Code   RO        10410    x$fpl$trapveneer    fz_wm.l(trapv.o)
    0x0802a940   0x0802a940   0x00000000   Code   RO        10109    x$fpl$usenofp       fz_wm.l(usenofp.o)
    0x0802a940   0x0802a940   0x00000018   Data   RO          402    .constdata          system_stm32f4xx.o
    0x0802a958   0x0802a958   0x0000006b   Data   RO          451    .constdata          dino_game.o
    0x0802a9c3   0x0802a9c3   0x00000036   Data   RO          533    .constdata          menu.o
    0x0802a9f9   0x0802a9f9   0x00000003   PAD
    0x0802a9fc   0x0802a9fc   0x00000098   Data   RO          608    .constdata          oscilloscope.o
    0x0802aa94   0x0802aa94   0x0000006b   Data   RO          745    .constdata          motor_monitor.o
    0x0802aaff   0x0802aaff   0x00000001   PAD
    0x0802ab00   0x0802ab00   0x00000aa0   Data   RO          851    .constdata          chinese_font.o
    0x0802b5a0   0x0802b5a0   0x00000008   Data   RO         4369    .constdata          stm32f4xx_hal_dma.o
    0x0802b5a8   0x0802b5a8   0x00002f80   Data   RO         5959    .constdata          lcd.o
    0x0802e528   0x0802e528   0x0000000a   Data   RO         6422    .constdata          ft5206.o
    0x0802e532   0x0802e532   0x00000014   Data   RO         6481    .constdata          gt9xxx.o
    0x0802e546   0x0802e546   0x00000002   PAD
    0x0802e548   0x0802e548   0x00000004   Data   RO         6536    .constdata          touch.o
    0x0802e54c   0x0802e54c   0x0000006e   Data   RO         6731    .constdata          i2s.o
    0x0802e5ba   0x0802e5ba   0x00000002   PAD
    0x0802e5bc   0x0802e5bc   0x00000024   Data   RO         7161    .constdata          malloc.o
    0x0802e5e0   0x0802e5e0   0x00000058   Data   RO         7307    .constdata          ff.o
    0x0802e638   0x0802e638   0x0002abb6   Data   RO         7730    .constdata          ffunicode.o
    0x080591ee   0x080591ee   0x00000002   PAD
    0x080591f0   0x080591f0   0x000000c4   Data   RO         7767    .constdata          exfuns.o
    0x080592b4   0x080592b4   0x00000010   Data   RO         8047    .constdata          avi.o
    0x080592c4   0x080592c4   0x000001c8   Data   RO         8182    .constdata          jaricom.o
    0x0805948c   0x0805948c   0x000001a0   Data   RO         8215    .constdata          jcomapi.o
    0x0805962c   0x0805962c   0x000004ec   Data   RO         8258    .constdata          jutils.o
    0x08059b18   0x08059b18   0x00000200   Data   RO         8300    .constdata          jerror.o
    0x08059d18   0x08059d18   0x00000010   Data   RO         8365    .constdata          jmemmgr.o
    0x08059d28   0x08059d28   0x0000036c   Data   RO         8841    .constdata          jdhuff.o
    0x0805a094   0x0805a094   0x00000004   PAD
    0x0805a098   0x0805a098   0x000000c0   Data   RO         9045    .constdata          jddctmgr.o
    0x0805a158   0x0805a158   0x0000010c   Data   RO         9725    .constdata          jquant1.o
    0x0805a264   0x0805a264   0x00000008   Data   RO         9835    .constdata          c_w.l(_printf_wctomb.o)
    0x0805a26c   0x0805a26c   0x00000028   Data   RO         9858    .constdata          c_w.l(_printf_hex_int_ptr.o)
    0x0805a294   0x0805a294   0x00000011   Data   RO         9884    .constdata          c_w.l(__printf_flags_ss_wp.o)
    0x0805a2a5   0x0805a2a5   0x00000003   PAD
    0x0805a2a8   0x0805a2a8   0x00000040   Data   RO        10005    .constdata          m_wm.l(log10f.o)
    0x0805a2e8   0x0805a2e8   0x00000140   Data   RO        10019    .constdata          m_wm.l(powf.o)
    0x0805a428   0x0805a428   0x00000026   Data   RO        10070    .constdata          c_w.l(_printf_fp_hex.o)
    0x0805a44e   0x0805a44e   0x00000002   PAD
    0x0805a450   0x0805a450   0x00000020   Data   RO        10127    .constdata          m_wm.l(rredf.o)
    0x0805a470   0x0805a470   0x00000094   Data   RO        10167    .constdata          c_w.l(bigflt0.o)
    0x0805a504   0x0805a504   0x00000079   Data   RO         6537    .conststring        touch.o
    0x0805a57d   0x0805a57d   0x00000003   PAD
    0x0805a580   0x0805a580   0x00000054   Data   RO         7768    .conststring        exfuns.o
    0x0805a5d4   0x0805a5d4   0x0000001d   Data   RO         8048    .conststring        avi.o
    0x0805a5f1   0x0805a5f1   0x00000003   PAD
    0x0805a5f4   0x0805a5f4   0x00001311   Data   RO         8301    .conststring        jerror.o
    0x0805b905   0x0805b905   0x00000003   PAD
    0x0805b908   0x0805b908   0x00000020   Data   RO        10412    Region$$Table       anon$$obj.o
    0x0805b928   0x0805b928   0x00000008   Data   RO        10198    c$$dinf             fz_wm.l(fpconst.o)
    0x0805b930   0x0805b930   0x00000008   Data   RO        10201    c$$dmax             fz_wm.l(fpconst.o)
    0x0805b938   0x0805b938   0x0000001c   Data   RO        10195    locale$$data        c_w.l(lc_numeric_c.o)
    0x0805b954   0x0805b954   0x00000110   Data   RO        10227    locale$$data        c_w.l(lc_ctype_c.o)


    Execution Region RW_IRAM2 (Exec base: 0x10000000, Load base: 0x0805bb54, Size: 0x0000ff00, Max: 0x00010000, ABSOLUTE)

    Exec Addr    Load Addr    Size         Type   Attr      Idx    E Section Name        Object

    0x10000000        -       0x0000f000   Zero   RW         7156    .ARM.__AT_0x10000000  malloc.o
    0x1000f000        -       0x00000f00   Zero   RW         7157    .ARM.__AT_0x1000F000  malloc.o


    Execution Region RW_IRAM1 (Exec base: 0x20000000, Load base: 0x0805ba64, Size: 0x0001ec88, Max: 0x00020000, ABSOLUTE)

    Exec Addr    Load Addr    Size         Type   Attr      Idx    E Section Name        Object

    0x20000000   0x0805ba64   0x00000004   Data   RW          403    .data               system_stm32f4xx.o
    0x20000004   0x0805ba68   0x00000004   Data   RW          452    .data               dino_game.o
    0x20000008   0x0805ba6c   0x0000000a   Data   RW          746    .data               motor_monitor.o
    0x20000012   0x0805ba76   0x00000002   PAD
    0x20000014   0x0805ba78   0x00000010   Data   RW          908    .data               video_player.o
    0x20000024   0x0805ba88   0x00000004   Data   RW         1048    .data               delay.o
    0x20000028   0x0805ba8c   0x00000007   Data   RW         1170    .data               usart.o
    0x2000002f   0x0805ba93   0x00000001   PAD
    0x20000030   0x0805ba94   0x00000009   Data   RW         1265    .data               stm32f4xx_hal.o
    0x20000039   0x0805ba9d   0x00000003   PAD
    0x2000003c   0x0805baa0   0x00000008   Data   RW         5960    .data               lcd.o
    0x20000044   0x0805baa8   0x00000001   Data   RW         6184    .data               key.o
    0x20000045   0x0805baa9   0x00000001   Data   RW         6423    .data               ft5206.o
    0x20000046   0x0805baaa   0x00000002   Data   RW         6482    .data               gt9xxx.o
    0x20000048   0x0805baac   0x00000048   Data   RW         6538    .data               touch.o
    0x20000090   0x0805baf4   0x00000004   Data   RW         6732    .data               i2s.o
    0x20000094   0x0805baf8   0x00000003   Data   RW         6803    .data               btim.o
    0x20000097   0x0805bafb   0x00000001   PAD
    0x20000098   0x0805bafc   0x00000002   Data   RW         6931    .data               norflash.o
    0x2000009a   0x0805bafe   0x00000001   Data   RW         7076    .data               adc_dc.o
    0x2000009b   0x0805baff   0x00000001   PAD
    0x2000009c   0x0805bb00   0x00000024   Data   RW         7162    .data               malloc.o
    0x200000c0   0x0805bb24   0x0000000a   Data   RW         7308    .data               ff.o
    0x200000ca   0x0805bb2e   0x00000002   PAD
    0x200000cc   0x0805bb30   0x00000008   Data   RW         7769    .data               exfuns.o
    0x200000d4   0x0805bb38   0x0000001c   Data   RW         8098    .data               mjpeg.o
    0x200000f0        -       0x00000034   Zero   RW          450    .bss                dino_game.o
    0x20000124        -       0x00000b54   Zero   RW          607    .bss                oscilloscope.o
    0x20000c78        -       0x000040f4   Zero   RW          744    .bss                motor_monitor.o
    0x20004d6c        -       0x00000690   Zero   RW          907    .bss                video_player.o
    0x200053fc        -       0x0000010c   Zero   RW         1169    .bss                usart.o
    0x20005508        -       0x0000005e   Zero   RW         5958    .bss                lcd.o
    0x20005566   0x0805bb54   0x00000002   PAD
    0x20005568        -       0x000000a8   Zero   RW         6730    .bss                i2s.o
    0x20005610        -       0x00000090   Zero   RW         6802    .bss                btim.o
    0x200056a0        -       0x000000a4   Zero   RW         6860    .bss                sdio_sdcard.o
    0x20005744        -       0x00001000   Zero   RW         6930    .bss                norflash.o
    0x20006744        -       0x00000058   Zero   RW         7024    .bss                spi.o
    0x2000679c        -       0x000008c0   Zero   RW         7075    .bss                adc_dc.o
    0x2000705c   0x0805bb54   0x00000024   PAD
    0x20007080        -       0x00017600   Zero   RW         7160    .bss                malloc.o
    0x2001e680        -       0x00000180   Zero   RW         7862    .bss                fattester.o
    0x2001e800        -       0x00000028   Zero   RW         8046    .bss                avi.o
    0x2001e828        -       0x00000060   Zero   RW        10219    .bss                c_w.l(libspace.o)
    0x2001e888        -       0x00000000   Zero   RW            2    HEAP                startup_stm32f407xx.o
    0x2001e888        -       0x00000400   Zero   RW            1    STACK               startup_stm32f407xx.o



  Load Region LR$$.ARM.__AT_0x68000000 (Base: 0x68000000, Size: 0x00000000, Max: 0x000f0c00, ABSOLUTE)

    Execution Region ER$$.ARM.__AT_0x68000000 (Exec base: 0x68000000, Load base: 0x68000000, Size: 0x000f0c00, Max: 0x000f0c00, ABSOLUTE, UNINIT)

    Exec Addr    Load Addr    Size         Type   Attr      Idx    E Section Name        Object

    0x68000000        -       0x000f0c00   Zero   RW         7158    .ARM.__AT_0x68000000  malloc.o



  Load Region LR$$.ARM.__AT_0x680F0C00 (Base: 0x680f0c00, Size: 0x00000000, Max: 0x0000f0c0, ABSOLUTE)

    Execution Region ER$$.ARM.__AT_0x680F0C00 (Exec base: 0x680f0c00, Load base: 0x680f0c00, Size: 0x0000f0c0, Max: 0x0000f0c0, ABSOLUTE, UNINIT)

    Exec Addr    Load Addr    Size         Type   Attr      Idx    E Section Name        Object

    0x680f0c00        -       0x0000f0c0   Zero   RW         7159    .ARM.__AT_0x680F0C00  malloc.o


==============================================================================

Image component sizes


      Code (inc. data)   RO Data    RW Data    ZI Data      Debug   Object Name

       236          0          0          0          0       4215   24cxx.o
       616         88          0          1       2240       7015   adc_dc.o
      1262        346         45          0         40       7405   avi.o
       252         54          0          3        144       4358   btim.o
       324          4       2720          0          0       4393   chinese_font.o
       774         78          0          0          0       6746   ctiic.o
       114         10          0          4          0       3099   delay.o
      3198        134        107          4         52      12796   dino_game.o
       430          4          0          0          0       6190   diskio.o
       394          0          0          0          0       3794   es8388.o
       286         10        280          8          0       3788   exfuns.o
        96         12          0          0        384       2316   fattester.o
     12752        110         88         10          0      86574   ff.o
        32          0          0          0          0       2045   ffsystem.o
       396         28     175030          0          0       6460   ffunicode.o
       922         42         10          1          0       4685   ft5206.o
      1330         78         20          2          0       4847   gt9xxx.o
      1088         90        110          4        168       6623   i2s.o
         0          0        456          0          0       3238   jaricom.o
       404         34        416          0          0      19000   jcomapi.o
      1116         22          0          0          0       6703   jdapimin.o
       418          0          0          0          0       2738   jdapistd.o
      3218         38          0          0          0      13230   jdarith.o
      2696         36          0          0          0      13790   jdcoefct.o
      2638         92          0          0          0      15998   jdcolor.o
      1280        158        192          0          0       4348   jddctmgr.o
      6166        106        876          0          0      23053   jdhuff.o
      2760         56          0          0          0       8543   jdinput.o
      1314         20          0          0          0       8902   jdmainct.o
      6790        122          0          0          0      23879   jdmarker.o
      1538         10          0          0          0       7000   jdmaster.o
      1788         52          0          0          0       9333   jdmerge.o
       678         20          0          0          0       5682   jdpostct.o
       868         26          0          0          0       7570   jdsample.o
       358         28       5393          0          0      16654   jerror.o
      1148         20          0          0          0       2446   jidctflt.o
      1318          0          0          0          0       3242   jidctfst.o
     28178        190          0          0          0      56808   jidctint.o
      2760         96         16          0          0      32624   jmemmgr.o
        86          0          0          0          0      23298   jmemnobs.o
      2282         42        268          0          0      17844   jquant1.o
      3648         30          0          0          0      21200   jquant2.o
       100          0       1260          0          0      18025   jutils.o
       448         24          0          1          0       2166   key.o
     14944        196      12160          8         94      35578   lcd.o
       152         10          0          0          0       1183   led.o
       104         12          0          0          0     759375   main.o
       484         54         36         36    1208768       7847   malloc.o
       812         66         54          0          0       4656   menu.o
       830        162          0         28          0      19055   mjpeg.o
      4048        486        107         10      16628      19564   motor_monitor.o
       746         40          0          0          0       6610   myiic.o
      1058         56          0          2       4096      10292   norflash.o
      4614        508        152          0       2900      20899   oscilloscope.o
       628         46          0          0        164       5367   sdio_sdcard.o
       420         36          0          0         88       3691   spi.o
        76         28        392          0       1024       1068   startup_stm32f407xx.o
       174         34          0          9          0      10954   stm32f4xx_hal.o
      1588         66          0          0          0       9687   stm32f4xx_hal_adc.o
       372         28          0          0          0      36249   stm32f4xx_hal_cortex.o
      1546         16          8          0          0       9075   stm32f4xx_hal_dma.o
       156          0          0          0          0       2453   stm32f4xx_hal_dma_ex.o
       920         86          0          0          0       5098   stm32f4xx_hal_gpio.o
       790         18          0          0          0       6289   stm32f4xx_hal_i2s.o
       912         26          0          0          0       5547   stm32f4xx_hal_i2s_ex.o
      1820         84          0          0          0       6524   stm32f4xx_hal_rcc.o
       560         38          0          0          0       2589   stm32f4xx_hal_rcc_ex.o
      3226         34          0          0          0      15440   stm32f4xx_hal_sd.o
      1268         14          0          0          0       5469   stm32f4xx_hal_spi.o
        88          0          0          0          0       1468   stm32f4xx_hal_sram.o
      1106        106          0          0          0       8688   stm32f4xx_hal_tim.o
       184         30          0          0          0       3013   stm32f4xx_hal_tim_ex.o
      2176         16          0          0          0      15311   stm32f4xx_hal_uart.o
        32          0          0          0          0       5310   stm32f4xx_it.o
       232         10          0          0          0       3239   stm32f4xx_ll_fsmc.o
      2110         46          0          0          0      28623   stm32f4xx_ll_sdmmc.o
       220         12          0          0          0       1595   sys.o
        20          6         24          4          0       1723   system_stm32f4xx.o
      3126        194        125         72          0      14724   touch.o
       464         60          0          7        268       6601   usart.o
      4566        484          0         16       1680      23887   video_player.o

    ----------------------------------------------------------------------
    155226       5418     200400        240    1238776    1669404   Object Totals
         0          0         32          0          0          0   (incl. Generated)
       154          0         23         10         38          0   (incl. Padding)

    ----------------------------------------------------------------------

      Code (inc. data)   RO Data    RW Data    ZI Data      Debug   Library Member Name

        60          8          0          0          0         84   __0sscanf.o
        24          4          0          0          0         84   __2printf.o
        56          6          0          0          0         88   __2snprintf.o
        44          6          0          0          0         84   __2sprintf.o
         8          0          0          0          0         68   __main.o
       392          4         17          0          0         92   __printf_flags_ss_wp.o
        14          0          0          0          0         68   __printf_wp.o
         0          0          0          0          0          0   __rtentry.o
        12          0          0          0          0          0   __rtentry2.o
         6          0          0          0          0          0   __rtentry4.o
        52          8          0          0          0          0   __scatter.o
        26          0          0          0          0          0   __scatter_copy.o
        28          0          0          0          0          0   __scatter_zi.o
        28          0          0          0          0         68   _chval.o
         6          0          0          0          0          0   _printf_a.o
         6          0          0          0          0          0   _printf_c.o
        44          0          0          0          0        108   _printf_char.o
        48          6          0          0          0         96   _printf_char_common.o
        36          4          0          0          0         80   _printf_char_file.o
        40          0          0          0          0         68   _printf_charcount.o
         6          0          0          0          0          0   _printf_d.o
       120         16          0          0          0         92   _printf_dec.o
         6          0          0          0          0          0   _printf_e.o
         6          0          0          0          0          0   _printf_f.o
      1054          0          0          0          0        216   _printf_fp_dec.o
       764          8         38          0          0        100   _printf_fp_hex.o
       128         16          0          0          0         84   _printf_fp_infnan.o
         6          0          0          0          0          0   _printf_g.o
       124          4         40          0          0        144   _printf_hex_int_ptr.o
         6          0          0          0          0          0   _printf_i.o
       178          0          0          0          0         88   _printf_intcommon.o
        10          0          0          0          0          0   _printf_l.o
         6          0          0          0          0          0   _printf_lc.o
         6          0          0          0          0          0   _printf_n.o
         6          0          0          0          0          0   _printf_o.o
        80          8          0          0          0         88   _printf_oct_int.o
         6          0          0          0          0          0   _printf_p.o
        78          0          0          0          0        108   _printf_pad.o
         0          0          0          0          0          0   _printf_percent.o
         4          0          0          0          0          0   _printf_percent_end.o
         6          0          0          0          0          0   _printf_s.o
        82          0          0          0          0         80   _printf_str.o
        36          0          0          0          0         84   _printf_truncate.o
         6          0          0          0          0          0   _printf_u.o
        44          0          0          0          0        108   _printf_wchar.o
       188          6          8          0          0         92   _printf_wctomb.o
         6          0          0          0          0          0   _printf_x.o
        22          0          0          0          0        100   _rserrno.o
       884          6          0          0          0        100   _scanf.o
       332          0          0          0          0         96   _scanf_int.o
       224          0          0          0          0         96   _scanf_str.o
        64          0          0          0          0         84   _sgetc.o
        16          0          0          0          0         68   _snputc.o
        10          0          0          0          0         68   _sputc.o
        64          0          0          0          0         92   _wcrtomb.o
        16          0          0          0          0         68   aeabi_memset.o
       228          4        148          0          0         96   bigflt0.o
      2152        136          0          0          0        960   btod.o
        18          0          0          0          0         80   exit.o
         8          0          0          0          0         68   ferror.o
         6          0          0          0          0        152   heapauxi.o
        18          0          0          0          0         76   isspace.o
        44         10        272          0          0         76   lc_ctype_c.o
        44         10         28          0          0         76   lc_numeric_c.o
         2          0          0          0          0          0   libinit.o
        34          0          0          0          0          0   libinit2.o
         2          0          0          0          0          0   libshutdown.o
         2          0          0          0          0          0   libshutdown2.o
         8          4          0          0         96         68   libspace.o
        38          0          0          0          0         68   llshl.o
       138          0          0          0          0         80   lludiv10.o
       238          0          0          0          0        100   lludivv7m.o
        88          0          0          0          0         76   memcmp.o
        16          4          0          0          0         76   rt_ctype_table.o
         8          4          0          0          0         68   rt_errno_addr_intlibspace.o
         8          4          0          0          0         68   rt_locale_intlibspace.o
        68          0          0          0          0         68   rt_memclr.o
        78          0          0          0          0         80   rt_memclr_w.o
       138          0          0          0          0         68   rt_memcpy_v6.o
       100          0          0          0          0         80   rt_memcpy_w.o
         2          0          0          0          0          0   rtexit.o
        10          0          0          0          0          0   rtexit2.o
        44          8          0          0          0         84   scanf_char.o
      1272         16          0          0          0        168   scanf_fp.o
       800         14          0          0          0        100   scanf_hexfp.o
       308         16          0          0          0        100   scanf_infnan.o
        20          0          0          0          0         68   strchr.o
       128          0          0          0          0         68   strcmpv7m.o
        72          0          0          0          0         80   strcpy.o
        62          0          0          0          0         76   strlen.o
        86          0          0          0          0         76   strncpy.o
        74          0          0          0          0         80   sys_stackheap_outer.o
         2          0          0          0          0         68   use_no_semi.o
         2          0          0          0          0         68   use_no_semi_2.o
        24          0          0          0          0        164   basic.o
        98          4          0          0          0        140   d2f.o
        16          4          0          0          0        116   dcheck1.o
        24          0          0          0          0        116   dcmpi.o
       688        140          0          0          0        256   ddiv.o
       120          4          0          0          0        140   deqf.o
        90          4          0          0          0        140   dfixu.o
        84          0          0          0          0        232   dflt_clz.o
       138          0          0          0          0        132   dfltll_clz.o
       120          4          0          0          0        140   dleqf.o
       340         12          0          0          0        152   dmul.o
       156          4          0          0          0        140   dnaninf.o
        12          0          0          0          0        116   dretinf.o
       108          0          0          0          0        128   drleqf.o
        86          4          0          0          0        132   f2d.o
       140          4          0          0          0        132   fnaninf.o
         0          0         16          0          0          0   fpconst.o
        10          0          0          0          0        116   fpinit.o
        10          0          0          0          0        116   fretinf.o
         6          0          0          0          0        116   istatus.o
         4          0          0          0          0        116   printf1.o
         4          0          0          0          0        116   printf2.o
       100          0          0          0          0        116   retnan.o
        92          0          0          0          0        116   scalbn.o
         4          0          0          0          0        116   scanf1.o
         8          0          0          0          0        132   scanf2.o
        98          0          0          0          0        144   setjmp.o
        48          0          0          0          0        116   trapv.o
         0          0          0          0          0          0   usenofp.o
       108         10          0          0          0        116   ceilf.o
       336         56          0          0          0        136   cosf.o
        64         16          0          0          0        248   dunder.o
       112         14          0          0          0        116   floorf.o
        48          0          0          0          0        124   fpclassify.o
        38          0          0          0          0        116   fpclassifyf.o
       140         22          0          0          0        132   frexp.o
        80         24          0          0          0        696   funder.o
       228          8          0          0          0        308   ldexp.o
       384         52         64          0          0        140   log10f.o
       266         16          0          0          0        308   narrow.o
      1636        110        320          0          0        372   powf.o
       340         24         32          0          0        160   rredf.o
       400         56          0          0          0        212   sinf.o
        58          0          0          0          0        136   sqrtf.o

    ----------------------------------------------------------------------
     18782        936        988          0         96      13580   Library Totals
        26          4          5          0          0          0   (incl. Padding)

    ----------------------------------------------------------------------

      Code (inc. data)   RO Data    RW Data    ZI Data      Debug   Library Name

     11890        340        551          0         96       6564   c_w.l
      2628        184         16          0          0       3696   fz_wm.l
      4238        408        416          0          0       3320   m_wm.l

    ----------------------------------------------------------------------
     18782        936        988          0         96      13580   Library Totals

    ----------------------------------------------------------------------

==============================================================================


      Code (inc. data)   RO Data    RW Data    ZI Data      Debug   

    174008       6354     201388        240    1238872    1605140   Grand Totals
    174008       6354     201388        240    1238872    1605140   ELF Image Totals
    174008       6354     201388        240          0          0   ROM Totals

==============================================================================

    Total RO  Size (Code + RO Data)               375396 ( 366.60kB)
    Total RW  Size (RW Data + ZI Data)           1239112 (1210.07kB)
    Total ROM Size (Code + RO Data + RW Data)     375636 ( 366.83kB)

==============================================================================

