Component: ARM Compiler 5.06 update 6 (build 750) Tool: armlink [4d35ed]

==============================================================================

Section Cross References

    startup_stm32f407xx.o(STACK) refers (Special) to heapauxi.o(.text) for __use_two_region_memory
    startup_stm32f407xx.o(HEAP) refers (Special) to heapauxi.o(.text) for __use_two_region_memory
    startup_stm32f407xx.o(RESET) refers (Special) to heapauxi.o(.text) for __use_two_region_memory
    startup_stm32f407xx.o(RESET) refers to startup_stm32f407xx.o(STACK) for __initial_sp
    startup_stm32f407xx.o(RESET) refers to startup_stm32f407xx.o(.text) for Reset_Handler
    startup_stm32f407xx.o(RESET) refers to stm32f4xx_it.o(i.NMI_Handler) for NMI_Handler
    startup_stm32f407xx.o(RESET) refers to stm32f4xx_it.o(i.HardFault_Handler) for HardFault_Handler
    startup_stm32f407xx.o(RESET) refers to stm32f4xx_it.o(i.MemManage_Handler) for MemManage_Handler
    startup_stm32f407xx.o(RESET) refers to stm32f4xx_it.o(i.BusFault_Handler) for BusFault_Handler
    startup_stm32f407xx.o(RESET) refers to stm32f4xx_it.o(i.UsageFault_Handler) for UsageFault_Handler
    startup_stm32f407xx.o(RESET) refers to stm32f4xx_it.o(i.SVC_Handler) for SVC_Handler
    startup_stm32f407xx.o(RESET) refers to stm32f4xx_it.o(i.DebugMon_Handler) for DebugMon_Handler
    startup_stm32f407xx.o(RESET) refers to stm32f4xx_it.o(i.PendSV_Handler) for PendSV_Handler
    startup_stm32f407xx.o(RESET) refers to stm32f4xx_it.o(i.SysTick_Handler) for SysTick_Handler
    startup_stm32f407xx.o(RESET) refers to usart.o(i.USART1_IRQHandler) for USART1_IRQHandler
    startup_stm32f407xx.o(RESET) refers to motor_monitor.o(i.USART3_IRQHandler) for USART3_IRQHandler
    startup_stm32f407xx.o(.text) refers (Special) to heapauxi.o(.text) for __use_two_region_memory
    startup_stm32f407xx.o(.text) refers to system_stm32f4xx.o(i.SystemInit) for SystemInit
    startup_stm32f407xx.o(.text) refers to __main.o(!!!main) for __main
    startup_stm32f407xx.o(.text) refers to startup_stm32f407xx.o(HEAP) for Heap_Mem
    startup_stm32f407xx.o(.text) refers to startup_stm32f407xx.o(STACK) for Stack_Mem
    main.o(i.ctp_test) refers to main.o(i.lcd_draw_bline) for lcd_draw_bline
    main.o(i.ctp_test) refers to main.o(i.load_draw_dialog) for load_draw_dialog
    main.o(i.ctp_test) refers to delay.o(i.delay_ms) for delay_ms
    main.o(i.ctp_test) refers to stm32f4xx_hal_gpio.o(i.HAL_GPIO_TogglePin) for HAL_GPIO_TogglePin
    main.o(i.ctp_test) refers to lcd.o(.bss) for lcddev
    main.o(i.ctp_test) refers to touch.o(.data) for tp_dev
    main.o(i.ctp_test) refers to main.o(.constdata) for POINT_COLOR_TBL
    main.o(i.lcd_draw_bline) refers to lcd.o(i.lcd_fill_circle) for lcd_fill_circle
    main.o(i.load_draw_dialog) refers to lcd.o(i.lcd_clear) for lcd_clear
    main.o(i.load_draw_dialog) refers to chinese_font.o(i.lcd_show_chinese_str) for lcd_show_chinese_str
    main.o(i.load_draw_dialog) refers to lcd.o(.bss) for lcddev
    main.o(i.load_draw_dialog) refers to main.o(.constdata) for STR_CLEAR
    main.o(i.main) refers to stm32f4xx_hal.o(i.HAL_Init) for HAL_Init
    main.o(i.main) refers to sys.o(i.sys_stm32_clock_init) for sys_stm32_clock_init
    main.o(i.main) refers to delay.o(i.delay_init) for delay_init
    main.o(i.main) refers to usart.o(i.usart_init) for usart_init
    main.o(i.main) refers to led.o(i.led_init) for led_init
    main.o(i.main) refers to lcd.o(i.lcd_init) for lcd_init
    main.o(i.main) refers to key.o(i.key_init) for key_init
    main.o(i.main) refers to menu.o(i.main_menu_run) for main_menu_run
    main.o(i.main) refers to touch.o(.data) for tp_dev
    main.o(i.rtp_test) refers to key.o(i.key_scan) for key_scan
    main.o(i.rtp_test) refers to main.o(i.load_draw_dialog) for load_draw_dialog
    main.o(i.rtp_test) refers to touch.o(i.tp_draw_big_point) for tp_draw_big_point
    main.o(i.rtp_test) refers to delay.o(i.delay_ms) for delay_ms
    main.o(i.rtp_test) refers to lcd.o(i.lcd_clear) for lcd_clear
    main.o(i.rtp_test) refers to touch.o(i.tp_adjust) for tp_adjust
    main.o(i.rtp_test) refers to touch.o(i.tp_save_adjust_data) for tp_save_adjust_data
    main.o(i.rtp_test) refers to stm32f4xx_hal_gpio.o(i.HAL_GPIO_TogglePin) for HAL_GPIO_TogglePin
    main.o(i.rtp_test) refers to touch.o(.data) for tp_dev
    main.o(i.rtp_test) refers to lcd.o(.bss) for lcddev
    stm32f4xx_it.o(i.SysTick_Handler) refers to stm32f4xx_hal.o(i.HAL_IncTick) for HAL_IncTick
    system_stm32f4xx.o(i.SystemCoreClockUpdate) refers to system_stm32f4xx.o(.data) for SystemCoreClock
    system_stm32f4xx.o(i.SystemCoreClockUpdate) refers to system_stm32f4xx.o(.constdata) for AHBPrescTable
    dino_game.o(i.collide) refers to dino_game.o(.bss) for G
    dino_game.o(i.collide) refers to dino_game.o(.constdata) for CD
    dino_game.o(i.dino_game_run) refers to lcd.o(i.lcd_clear) for lcd_clear
    dino_game.o(i.dino_game_run) refers to dino_game.o(i.draw_ground) for draw_ground
[...]
    TIM5_IRQHandler                          0x08000295   Thumb Code     0  startup_stm32f407xx.o(.text)
    TIM6_DAC_IRQHandler                      0x08000295   Thumb Code     0  startup_stm32f407xx.o(.text)
    TIM7_IRQHandler                          0x08000295   Thumb Code     0  startup_stm32f407xx.o(.text)
    TIM8_BRK_TIM12_IRQHandler                0x08000295   Thumb Code     0  startup_stm32f407xx.o(.text)
    TIM8_CC_IRQHandler                       0x08000295   Thumb Code     0  startup_stm32f407xx.o(.text)
    TIM8_TRG_COM_TIM14_IRQHandler            0x08000295   Thumb Code     0  startup_stm32f407xx.o(.text)
    TIM8_UP_TIM13_IRQHandler                 0x08000295   Thumb Code     0  startup_stm32f407xx.o(.text)
    UART4_IRQHandler                         0x08000295   Thumb Code     0  startup_stm32f407xx.o(.text)
    UART5_IRQHandler                         0x08000295   Thumb Code     0  startup_stm32f407xx.o(.text)
    USART2_IRQHandler                        0x08000295   Thumb Code     0  startup_stm32f407xx.o(.text)
    USART6_IRQHandler                        0x08000295   Thumb Code     0  startup_stm32f407xx.o(.text)
    WWDG_IRQHandler                          0x08000295   Thumb Code     0  startup_stm32f407xx.o(.text)
    __user_initial_stackheap                 0x08000299   Thumb Code     0  startup_stm32f407xx.o(.text)
    __use_no_semihosting                     0x080002bd   Thumb Code     2  use_no_semi_2.o(.text)
    __aeabi_uldivmod                         0x080002bf   Thumb Code     0  lludivv7m.o(.text)
    _ll_udiv                                 0x080002bf   Thumb Code   238  lludivv7m.o(.text)
    __2printf                                0x080003ad   Thumb Code    20  __2printf.o(.text)
    __2sprintf                               0x080003c5   Thumb Code    38  __2sprintf.o(.text)
    __2snprintf                              0x080003f1   Thumb Code    50  __2snprintf.o(.text)
    _printf_pre_padding                      0x08000429   Thumb Code    44  _printf_pad.o(.text)
    _printf_post_padding                     0x08000455   Thumb Code    34  _printf_pad.o(.text)
    _printf_str                              0x08000477   Thumb Code    82  _printf_str.o(.text)
    _printf_int_dec                          0x080004c9   Thumb Code   104  _printf_dec.o(.text)
    _printf_int_hex                          0x08000541   Thumb Code    84  _printf_hex_int.o(.text)
    _printf_longlong_hex                     0x08000541   Thumb Code     0  _printf_hex_int.o(.text)
    __printf                                 0x08000599   Thumb Code   388  __printf_flags_ss_wp.o(.text)
    __0sscanf                                0x08000721   Thumb Code    52  __0sscanf.o(.text)
    strlen                                   0x0800075d   Thumb Code    62  strlen.o(.text)
    __aeabi_memcpy4                          0x0800079b   Thumb Code     0  rt_memcpy_w.o(.text)
    __aeabi_memcpy8                          0x0800079b   Thumb Code     0  rt_memcpy_w.o(.text)
    __rt_memcpy_w                            0x0800079b   Thumb Code   100  rt_memcpy_w.o(.text)
    _memcpy_lastbytes_aligned                0x080007e3   Thumb Code     0  rt_memcpy_w.o(.text)
    __aeabi_memclr4                          0x080007ff   Thumb Code     0  rt_memclr_w.o(.text)
    __aeabi_memclr8                          0x080007ff   Thumb Code     0  rt_memclr_w.o(.text)
    __rt_memclr_w                            0x080007ff   Thumb Code    78  rt_memclr_w.o(.text)
    _memset_w                                0x08000803   Thumb Code     0  rt_memclr_w.o(.text)
    strcmp                                   0x0800084d   Thumb Code   128  strcmpv7m.o(.text)
    __use_two_region_memory                  0x080008cd   Thumb Code     2  heapauxi.o(.text)
    __rt_heap_escrow$2region                 0x080008cf   Thumb Code     2  heapauxi.o(.text)
    __rt_heap_expand$2region                 0x080008d1   Thumb Code     2  heapauxi.o(.text)
    __semihosting$guard                      0x080008d3   Thumb Code     0  use_no_semi.o(.text)
    __use_no_semihosting_swi                 0x080008d3   Thumb Code     2  use_no_semi.o(.text)
    __read_errno                             0x080008d5   Thumb Code    10  _rserrno.o(.text)
    __set_errno                              0x080008df   Thumb Code    12  _rserrno.o(.text)
    _printf_int_common                       0x080008eb   Thumb Code   178  _printf_intcommon.o(.text)
    __lib_sel_fp_printf                      0x0800099d   Thumb Code     2  _printf_fp_dec.o(.text)
    _printf_fp_dec_real                      0x08000b4f   Thumb Code   620  _printf_fp_dec.o(.text)
    _printf_fp_hex_real                      0x08000dbd   Thumb Code   756  _printf_fp_hex.o(.text)
    _printf_char_common                      0x080010c3   Thumb Code    32  _printf_char_common.o(.text)
    _sputc                                   0x080010e9   Thumb Code    10  _sputc.o(.text)
    _snputc                                  0x080010f3   Thumb Code    16  _snputc.o(.text)
    _printf_cs_common                        0x08001103   Thumb Code    20  _printf_char.o(.text)
    _printf_char                             0x08001117   Thumb Code    16  _printf_char.o(.text)
    _printf_string                           0x08001127   Thumb Code     8  _printf_char.o(.text)
    _printf_char_file                        0x08001131   Thumb Code    32  _printf_char_file.o(.text)
    _scanf_really_real                       0x080013a1   Thumb Code   684  scanf_fp.o(.text)
    __vfscanf_char                           0x08001659   Thumb Code    24  scanf_char.o(.text)
    _sgetc                                   0x08001679   Thumb Code    30  _sgetc.o(.text)
    _sbackspace                              0x08001697   Thumb Code    34  _sgetc.o(.text)
    __rt_locale                              0x080016b9   Thumb Code     8  rt_locale_intlibspace.o(.text)
    __aeabi_errno_addr                       0x080016c1   Thumb Code     8  rt_errno_addr_intlibspace.o(.text)
    __errno$intlibspace                      0x080016c1   Thumb Code     0  rt_errno_addr_intlibspace.o(.text)
    __rt_errno_addr$intlibspace              0x080016c1   Thumb Code     0  rt_errno_addr_intlibspace.o(.text)
    _ll_udiv10                               0x080016c9   Thumb Code   138  lludiv10.o(.text)
    isspace                                  0x08001753   Thumb Code    18  isspace.o(.text)
    _printf_fp_infnan                        0x08001765   Thumb Code   112  _printf_fp_infnan.o(.text)
    __vfscanf                                0x080017e5   Thumb Code   878  _scanf.o(.text)
    _btod_etento                             0x08001b59   Thumb Code   224  bigflt0.o(.text)
    ferror                                   0x08001c3d   Thumb Code     8  ferror.o(.text)
    __user_libspace                          0x08001c45   Thumb Code     8  libspace.o(.text)
    __user_perproc_libspace                  0x08001c45   Thumb Code     0  libspace.o(.text)
    __user_perthread_libspace                0x08001c45   Thumb Code     0  libspace.o(.text)
    __user_setup_stackheap                   0x08001c4d   Thumb Code    74  sys_stackheap_outer.o(.text)
    __rt_ctype_table                         0x08001c99   Thumb Code    16  rt_ctype_table.o(.text)
    _scanf_really_hex_real                   0x08001ca9   Thumb Code   786  scanf_hexfp.o(.text)
    _scanf_really_infnan                     0x08001fc9   Thumb Code   292  scanf_infnan.o(.text)
    exit                                     0x080020fd   Thumb Code    18  exit.o(.text)
    __aeabi_llsl                             0x0800210f   Thumb Code     0  llshl.o(.text)
    _ll_shift_l                              0x0800210f   Thumb Code    38  llshl.o(.text)
    _chval                                   0x08002135   Thumb Code    28  _chval.o(.text)
    _btod_d2e                                0x08002151   Thumb Code    62  btod.o(CL$$btod_d2e)
    _d2e_denorm_low                          0x0800218f   Thumb Code    70  btod.o(CL$$btod_d2e_denorm_low)
    _d2e_norm_op1                            0x080021d5   Thumb Code    96  btod.o(CL$$btod_d2e_norm_op1)
    __btod_div_common                        0x08002235   Thumb Code   696  btod.o(CL$$btod_div_common)
    _e2d                                     0x0800256d   Thumb Code   122  btod.o(CL$$btod_e2d)
    _e2e                                     0x080025f1   Thumb Code   220  btod.o(CL$$btod_e2e)
    _btod_ediv                               0x080026cd   Thumb Code    42  btod.o(CL$$btod_ediv)
    _btod_edivd                              0x080026f7   Thumb Code    42  btod.o(CL$$btod_edivd)
    _btod_emul                               0x08002721   Thumb Code    42  btod.o(CL$$btod_emul)
    _btod_emuld                              0x0800274b   Thumb Code    42  btod.o(CL$$btod_emuld)
    __btod_mult_common                       0x08002775   Thumb Code   580  btod.o(CL$$btod_mult_common)
    BusFault_Handler                         0x080029b9   Thumb Code     4  stm32f4xx_it.o(i.BusFault_Handler)
    DebugMon_Handler                         0x080029bd   Thumb Code     2  stm32f4xx_it.o(i.DebugMon_Handler)
    FSMC_NORSRAM_Extended_Timing_Init        0x080029c1   Thumb Code    66  stm32f4xx_ll_fsmc.o(i.FSMC_NORSRAM_Extended_Timing_Init)
    FSMC_NORSRAM_Init                        0x08002a09   Thumb Code    88  stm32f4xx_ll_fsmc.o(i.FSMC_NORSRAM_Init)
    FSMC_NORSRAM_Timing_Init                 0x08002a65   Thumb Code    68  stm32f4xx_ll_fsmc.o(i.FSMC_NORSRAM_Timing_Init)
    HAL_DMA_Abort                            0x08002aa9   Thumb Code   170  stm32f4xx_hal_dma.o(i.HAL_DMA_Abort)
    HAL_DMA_Abort_IT                         0x08002b53   Thumb Code    40  stm32f4xx_hal_dma.o(i.HAL_DMA_Abort_IT)
    HAL_GPIO_DeInit                          0x08002b7d   Thumb Code   316  stm32f4xx_hal_gpio.o(i.HAL_GPIO_DeInit)
    HAL_GPIO_Init                            0x08002ce1   Thumb Code   470  stm32f4xx_hal_gpio.o(i.HAL_GPIO_Init)
    HAL_GPIO_ReadPin                         0x08002ee5   Thumb Code    16  stm32f4xx_hal_gpio.o(i.HAL_GPIO_ReadPin)
    HAL_GPIO_TogglePin                       0x08002ef5   Thumb Code    20  stm32f4xx_hal_gpio.o(i.HAL_GPIO_TogglePin)
    HAL_GPIO_WritePin                        0x08002f09   Thumb Code    12  stm32f4xx_hal_gpio.o(i.HAL_GPIO_WritePin)
    HAL_GetREVID                             0x08002f15   Thumb Code     8  stm32f4xx_hal.o(i.HAL_GetREVID)
    HAL_GetTick                              0x08002f21   Thumb Code     6  stm32f4xx_hal.o(i.HAL_GetTick)
    HAL_IncTick                              0x08002f2d   Thumb Code    16  stm32f4xx_hal.o(i.HAL_IncTick)
    HAL_Init                                 0x08002f45   Thumb Code    44  stm32f4xx_hal.o(i.HAL_Init)
    HAL_InitTick                             0x08002f75   Thumb Code    64  stm32f4xx_hal.o(i.HAL_InitTick)
    HAL_MspInit                              0x08002fc1   Thumb Code     2  stm32f4xx_hal.o(i.HAL_MspInit)
    HAL_NVIC_DisableIRQ                      0x08002fc5   Thumb Code    62  stm32f4xx_hal_cortex.o(i.HAL_NVIC_DisableIRQ)
    HAL_NVIC_EnableIRQ                       0x08003009   Thumb Code    32  stm32f4xx_hal_cortex.o(i.HAL_NVIC_EnableIRQ)
    HAL_NVIC_SetPriority                     0x08003029   Thumb Code   124  stm32f4xx_hal_cortex.o(i.HAL_NVIC_SetPriority)
    HAL_NVIC_SetPriorityGrouping             0x080030a5   Thumb Code    32  stm32f4xx_hal_cortex.o(i.HAL_NVIC_SetPriorityGrouping)
    HAL_RCC_ClockConfig                      0x080030cd   Thumb Code   368  stm32f4xx_hal_rcc.o(i.HAL_RCC_ClockConfig)
    HAL_RCC_GetHCLKFreq                      0x08003251   Thumb Code     6  stm32f4xx_hal_rcc.o(i.HAL_RCC_GetHCLKFreq)
    HAL_RCC_GetPCLK1Freq                     0x0800325d   Thumb Code    22  stm32f4xx_hal_rcc.o(i.HAL_RCC_GetPCLK1Freq)
    HAL_RCC_GetPCLK2Freq                     0x0800327d   Thumb Code    22  stm32f4xx_hal_rcc.o(i.HAL_RCC_GetPCLK2Freq)
    HAL_RCC_GetSysClockFreq                  0x0800329d   Thumb Code   162  stm32f4xx_hal_rcc.o(i.HAL_RCC_GetSysClockFreq)
    HAL_RCC_OscConfig                        0x0800334d   Thumb Code  1172  stm32f4xx_hal_rcc.o(i.HAL_RCC_OscConfig)
    HAL_SRAM_Init                            0x080037e9   Thumb Code    88  stm32f4xx_hal_sram.o(i.HAL_SRAM_Init)
    HAL_SRAM_MspInit                         0x08003841   Thumb Code   152  lcd.o(i.HAL_SRAM_MspInit)
    HAL_SYSTICK_Config                       0x080038e5   Thumb Code    52  stm32f4xx_hal_cortex.o(i.HAL_SYSTICK_Config)
    HAL_UARTEx_RxEventCallback               0x08003919   Thumb Code     2  stm32f4xx_hal_uart.o(i.HAL_UARTEx_RxEventCallback)
    HAL_UART_DeInit                          0x0800391b   Thumb Code    60  stm32f4xx_hal_uart.o(i.HAL_UART_DeInit)
    HAL_UART_ErrorCallback                   0x08003957   Thumb Code     2  stm32f4xx_hal_uart.o(i.HAL_UART_ErrorCallback)
    HAL_UART_IRQHandler                      0x08003959   Thumb Code   586  stm32f4xx_hal_uart.o(i.HAL_UART_IRQHandler)
    HAL_UART_Init                            0x08003ba9   Thumb Code   114  stm32f4xx_hal_uart.o(i.HAL_UART_Init)
    HAL_UART_MspDeInit                       0x08003c1b   Thumb Code     2  stm32f4xx_hal_uart.o(i.HAL_UART_MspDeInit)
    HAL_UART_MspInit                         0x08003c1d   Thumb Code   190  usart.o(i.HAL_UART_MspInit)
    HAL_UART_Receive_IT                      0x08003ce9   Thumb Code    66  stm32f4xx_hal_uart.o(i.HAL_UART_Receive_IT)
    HAL_UART_RxCpltCallback                  0x08003d2d   Thumb Code   134  usart.o(i.HAL_UART_RxCpltCallback)
    HAL_UART_Transmit                        0x08003dc9   Thumb Code   210  stm32f4xx_hal_uart.o(i.HAL_UART_Transmit)
    HAL_UART_TxCpltCallback                  0x08003e9b   Thumb Code     2  stm32f4xx_hal_uart.o(i.HAL_UART_TxCpltCallback)
    HardFault_Handler                        0x08003e9d   Thumb Code     4  stm32f4xx_it.o(i.HardFault_Handler)
    MemManage_Handler                        0x08003ea1   Thumb Code     4  stm32f4xx_it.o(i.MemManage_Handler)
    NMI_Handler                              0x08003ea5   Thumb Code     2  stm32f4xx_it.o(i.NMI_Handler)
    PendSV_Handler                           0x08003ea7   Thumb Code     2  stm32f4xx_it.o(i.PendSV_Handler)
    SVC_Handler                              0x08003ea9   Thumb Code     2  stm32f4xx_it.o(i.SVC_Handler)
    SysTick_Handler                          0x08003eab   Thumb Code     8  stm32f4xx_it.o(i.SysTick_Handler)
    SystemInit                               0x08003eb5   Thumb Code    14  system_stm32f4xx.o(i.SystemInit)
    UART_Start_Receive_IT                    0x0800421d   Thumb Code    70  stm32f4xx_hal_uart.o(i.UART_Start_Receive_IT)
    USART1_IRQHandler                        0x08004331   Thumb Code    10  usart.o(i.USART1_IRQHandler)
    USART3_IRQHandler                        0x08004341   Thumb Code   132  motor_monitor.o(i.USART3_IRQHandler)
    UsageFault_Handler                       0x080043d9   Thumb Code     4  stm32f4xx_it.o(i.UsageFault_Handler)
    __ARM_fpclassify                         0x080043dd   Thumb Code    48  fpclassify.o(i.__ARM_fpclassify)
    __ARM_fpclassifyf                        0x0800440d   Thumb Code    38  fpclassifyf.o(i.__ARM_fpclassifyf)
    __hardfp___mathlib_tofloat               0x08004471   Thumb Code   232  narrow.o(i.__hardfp___mathlib_tofloat)
    __hardfp_ceilf                           0x08004569   Thumb Code    98  ceilf.o(i.__hardfp_ceilf)
    __mathlib_ceilf                          0x08004569   Thumb Code     0  ceilf.o(i.__hardfp_ceilf)
    __hardfp_cosf                            0x080045d5   Thumb Code   280  cosf.o(i.__hardfp_cosf)
    __hardfp_floorf                          0x08004725   Thumb Code    98  floorf.o(i.__hardfp_floorf)
    __hardfp_ldexp                           0x08004799   Thumb Code   200  ldexp.o(i.__hardfp_ldexp)
    __hardfp_log10f                          0x08004869   Thumb Code   332  log10f.o(i.__hardfp_log10f)
    __hardfp_logf                            0x080049e9   Thumb Code   320  logf.o(i.__hardfp_logf)
    __mathlib_logf                           0x080049e9   Thumb Code     0  logf.o(i.__hardfp_logf)
    __hardfp_powf                            0x08004b55   Thumb Code  1606  powf.o(i.__hardfp_powf)
    __mathlib_powf                           0x08004b55   Thumb Code     0  powf.o(i.__hardfp_powf)
    __hardfp_sinf                            0x080051b9   Thumb Code   344  sinf.o(i.__hardfp_sinf)
    __hardfp_sqrtf                           0x08005349   Thumb Code    58  sqrtf.o(i.__hardfp_sqrtf)
    __mathlib_dbl_overflow                   0x08005389   Thumb Code    24  dunder.o(i.__mathlib_dbl_overflow)
    __mathlib_dbl_underflow                  0x080053a9   Thumb Code    24  dunder.o(i.__mathlib_dbl_underflow)
    __mathlib_flt_divzero                    0x080053c9   Thumb Code    14  funder.o(i.__mathlib_flt_divzero)
    __mathlib_flt_infnan                     0x080053dd   Thumb Code     6  funder.o(i.__mathlib_flt_infnan)
    __mathlib_flt_infnan2                    0x080053e3   Thumb Code     6  funder.o(i.__mathlib_flt_infnan2)
    __mathlib_flt_invalid                    0x080053e9   Thumb Code    10  funder.o(i.__mathlib_flt_invalid)
    __mathlib_flt_overflow                   0x080053f9   Thumb Code    10  funder.o(i.__mathlib_flt_overflow)
    __mathlib_flt_underflow                  0x08005409   Thumb Code    10  funder.o(i.__mathlib_flt_underflow)
    __mathlib_narrow                         0x08005419   Thumb Code    18  narrow.o(i.__mathlib_narrow)
    __mathlib_rredf2                         0x0800542d   Thumb Code   316  rredf.o(i.__mathlib_rredf2)
    __support_ldexp                          0x08005581   Thumb Code    20  ldexp.o(i.__support_ldexp)
    _is_digit                                0x08005595   Thumb Code    14  __printf_wp.o(i._is_digit)
    _sys_exit                                0x080055a3   Thumb Code     4  usart.o(i._sys_exit)
    at24cxx_init                             0x080055a7   Thumb Code     8  24cxx.o(i.at24cxx_init)
    at24cxx_read                             0x080055af   Thumb Code    36  24cxx.o(i.at24cxx_read)
    at24cxx_read_one_byte                    0x080055d3   Thumb Code    82  24cxx.o(i.at24cxx_read_one_byte)
    at24cxx_write                            0x08005625   Thumb Code    36  24cxx.o(i.at24cxx_write)
    at24cxx_write_one_byte                   0x08005649   Thumb Code    74  24cxx.o(i.at24cxx_write_one_byte)
    ct_iic_ack                               0x08005839   Thumb Code    78  ctiic.o(i.ct_iic_ack)
    ct_iic_init                              0x0800589d   Thumb Code   120  ctiic.o(i.ct_iic_init)
    ct_iic_nack                              0x08005921   Thumb Code    58  ctiic.o(i.ct_iic_nack)
    ct_iic_read_byte                         0x08005965   Thumb Code    90  ctiic.o(i.ct_iic_read_byte)
    ct_iic_send_byte                         0x080059c9   Thumb Code   104  ctiic.o(i.ct_iic_send_byte)
    ct_iic_start                             0x08005a39   Thumb Code    74  ctiic.o(i.ct_iic_start)
    ct_iic_stop                              0x08005a8d   Thumb Code    60  ctiic.o(i.ct_iic_stop)
    ct_iic_wait_ack                          0x08005ad1   Thumb Code   102  ctiic.o(i.ct_iic_wait_ack)
    delay_init                               0x08005b41   Thumb Code     6  delay.o(i.delay_init)
    delay_ms                                 0x08005b4d   Thumb Code    18  delay.o(i.delay_ms)
    delay_us                                 0x08005b61   Thumb Code    68  delay.o(i.delay_us)
    dino_game_run                            0x08005ba9   Thumb Code  1434  dino_game.o(i.dino_game_run)
    fputc                                    0x08007539   Thumb Code    22  usart.o(i.fputc)
    frexp                                    0x08007559   Thumb Code   118  frexp.o(i.frexp)
    ft5206_init                              0x080075e5   Thumb Code   306  ft5206.o(i.ft5206_init)
    ft5206_rd_reg                            0x08007731   Thumb Code    88  ft5206.o(i.ft5206_rd_reg)
    ft5206_scan                              0x08007789   Thumb Code   404  ft5206.o(i.ft5206_scan)
    ft5206_wr_reg                            0x0800792d   Thumb Code    82  ft5206.o(i.ft5206_wr_reg)
    gt9xxx_init                              0x08007a95   Thumb Code   330  gt9xxx.o(i.gt9xxx_init)
    gt9xxx_rd_reg                            0x08007c19   Thumb Code    98  gt9xxx.o(i.gt9xxx_rd_reg)
    gt9xxx_scan                              0x08007c7d   Thumb Code   732  gt9xxx.o(i.gt9xxx_scan)
    gt9xxx_wr_reg                            0x08007f6d   Thumb Code    92  gt9xxx.o(i.gt9xxx_wr_reg)
    iic_ack                                  0x080082b1   Thumb Code    80  myiic.o(i.iic_ack)
    iic_init                                 0x08008311   Thumb Code   122  myiic.o(i.iic_init)
    iic_nack                                 0x08008395   Thumb Code    60  myiic.o(i.iic_nack)
    iic_read_byte                            0x080083d5   Thumb Code    92  myiic.o(i.iic_read_byte)
    iic_send_byte                            0x08008435   Thumb Code   106  myiic.o(i.iic_send_byte)
    iic_start                                0x080084a5   Thumb Code    76  myiic.o(i.iic_start)
    iic_stop                                 0x080084f5   Thumb Code    60  myiic.o(i.iic_stop)
    iic_wait_ack                             0x08008535   Thumb Code   100  myiic.o(i.iic_wait_ack)
    key_init                                 0x0800859d   Thumb Code   240  key.o(i.key_init)
    key_scan                                 0x08008699   Thumb Code   184  key.o(i.key_scan)
    lcd_clear                                0x0800875d   Thumb Code    42  lcd.o(i.lcd_clear)
    lcd_display_dir                          0x08008791   Thumb Code   360  lcd.o(i.lcd_display_dir)
    lcd_draw_circle                          0x080088fd   Thumb Code   170  lcd.o(i.lcd_draw_circle)
    lcd_draw_hline                           0x080089a9   Thumb Code    52  lcd.o(i.lcd_draw_hline)
    lcd_draw_line                            0x080089e1   Thumb Code   172  lcd.o(i.lcd_draw_line)
    lcd_draw_point                           0x08008a8d   Thumb Code    26  lcd.o(i.lcd_draw_point)
    lcd_draw_rectangle                       0x08008aad   Thumb Code    74  lcd.o(i.lcd_draw_rectangle)
    lcd_ex_ili9341_reginit                   0x08008af7   Thumb Code   556  lcd.o(i.lcd_ex_ili9341_reginit)
    lcd_ex_ili9806_reginit                   0x08008d23   Thumb Code   832  lcd.o(i.lcd_ex_ili9806_reginit)
    lcd_ex_nt35310_reginit                   0x08009063   Thumb Code  3826  lcd.o(i.lcd_ex_nt35310_reginit)
    lcd_ex_nt35510_reginit                   0x08009f55   Thumb Code  3950  lcd.o(i.lcd_ex_nt35510_reginit)
    lcd_ex_ssd1963_reginit                   0x0800aec3   Thumb Code   366  lcd.o(i.lcd_ex_ssd1963_reginit)
    lcd_ex_st7789_reginit                    0x0800b031   Thumb Code   424  lcd.o(i.lcd_ex_st7789_reginit)
    lcd_ex_st7796_reginit                    0x0800b1d9   Thumb Code   454  lcd.o(i.lcd_ex_st7796_reginit)
    lcd_fill                                 0x0800b3a1   Thumb Code    80  lcd.o(i.lcd_fill)
    lcd_init                                 0x0800b3f5   Thumb Code  1308  lcd.o(i.lcd_init)
    lcd_scan_dir                             0x0800b959   Thumb Code   568  lcd.o(i.lcd_scan_dir)
    lcd_set_cursor                           0x0800bb95   Thumb Code   282  lcd.o(i.lcd_set_cursor)
    lcd_show_char                            0x0800bcb5   Thumb Code   294  lcd.o(i.lcd_show_char)
    lcd_show_chinese_char                    0x0800bdf5   Thumb Code   144  chinese_font.o(i.lcd_show_chinese_char)
    lcd_show_chinese_str                     0x0800be85   Thumb Code   104  chinese_font.o(i.lcd_show_chinese_str)
    lcd_show_num                             0x0800beed   Thumb Code   152  lcd.o(i.lcd_show_num)
    lcd_show_string                          0x0800bf85   Thumb Code   106  lcd.o(i.lcd_show_string)
    lcd_ssd_backlight_set                    0x0800bff1   Thumb Code    88  lcd.o(i.lcd_ssd_backlight_set)
    lcd_wr_data                              0x0800c051   Thumb Code    18  lcd.o(i.lcd_wr_data)
    lcd_wr_regno                             0x0800c069   Thumb Code    18  lcd.o(i.lcd_wr_regno)
    lcd_write_ram_prepare                    0x0800c081   Thumb Code    10  lcd.o(i.lcd_write_ram_prepare)
    lcd_write_reg                            0x0800c095   Thumb Code    14  lcd.o(i.lcd_write_reg)
    led_init                                 0x0800c0a9   Thumb Code   142  led.o(i.led_init)
    main                                     0x0800c141   Thumb Code    60  main.o(i.main)
    main_menu_run                            0x0800c181   Thumb Code   194  menu.o(i.main_menu_run)
    motor_monitor_run                        0x0800cf91   Thumb Code   314  motor_monitor.o(i.motor_monitor_run)
    oscilloscope_run                         0x0800d0f1   Thumb Code   298  oscilloscope.o(i.oscilloscope_run)
    sys_stm32_clock_init                     0x0800d4d5   Thumb Code   208  sys.o(i.sys_stm32_clock_init)
    tp_adjust                                0x0800d5b1   Thumb Code   976  touch.o(i.tp_adjust)
    tp_get_adjust_data                       0x0800db7d   Thumb Code    36  touch.o(i.tp_get_adjust_data)
    tp_init                                  0x0800dba5   Thumb Code   554  touch.o(i.tp_init)
    tp_save_adjust_data                      0x0800e039   Thumb Code    24  touch.o(i.tp_save_adjust_data)
    usart_init                               0x0800e1e9   Thumb Code    44  usart.o(i.usart_init)
    _get_lc_numeric                          0x0800e221   Thumb Code    44  lc_numeric_c.o(locale$$code)
    _get_lc_ctype                            0x0800e24d   Thumb Code    44  lc_ctype_c.o(locale$$code)
    __aeabi_dneg                             0x0800e279   Thumb Code     0  basic.o(x$fpl$basic)
    _dneg                                    0x0800e279   Thumb Code     6  basic.o(x$fpl$basic)
    __aeabi_fneg                             0x0800e27f   Thumb Code     0  basic.o(x$fpl$basic)
    _fneg                                    0x0800e27f   Thumb Code     6  basic.o(x$fpl$basic)
    _dabs                                    0x0800e285   Thumb Code     6  basic.o(x$fpl$basic)
    _fabs                                    0x0800e28b   Thumb Code     6  basic.o(x$fpl$basic)
    __aeabi_d2f                              0x0800e291   Thumb Code     0  d2f.o(x$fpl$d2f)
    _d2f                                     0x0800e291   Thumb Code    98  d2f.o(x$fpl$d2f)
    __fpl_dcheck_NaN1                        0x0800e2f5   Thumb Code    10  dcheck1.o(x$fpl$dcheck1)
    __fpl_dcmp_Inf                           0x0800e305   Thumb Code    24  dcmpi.o(x$fpl$dcmpinf)
    __aeabi_ddiv                             0x0800e31d   Thumb Code     0  ddiv.o(x$fpl$ddiv)
    _ddiv                                    0x0800e31d   Thumb Code   552  ddiv.o(x$fpl$ddiv)
    __aeabi_cdcmpeq                          0x0800e5cd   Thumb Code     0  deqf.o(x$fpl$deqf)
    _dcmpeq                                  0x0800e5cd   Thumb Code   120  deqf.o(x$fpl$deqf)
    __aeabi_d2uiz                            0x0800e645   Thumb Code     0  dfixu.o(x$fpl$dfixu)
    _dfixu                                   0x0800e645   Thumb Code    90  dfixu.o(x$fpl$dfixu)
    __aeabi_i2d                              0x0800e69f   Thumb Code     0  dflt_clz.o(x$fpl$dflt)
    _dflt                                    0x0800e69f   Thumb Code    46  dflt_clz.o(x$fpl$dflt)
    __aeabi_ui2d                             0x0800e6cd   Thumb Code     0  dflt_clz.o(x$fpl$dfltu)
    _dfltu                                   0x0800e6cd   Thumb Code    38  dflt_clz.o(x$fpl$dfltu)
    __aeabi_cdcmple                          0x0800e6f5   Thumb Code     0  dleqf.o(x$fpl$dleqf)
    _dcmple                                  0x0800e6f5   Thumb Code   120  dleqf.o(x$fpl$dleqf)
    __fpl_dcmple_InfNaN                      0x0800e757   Thumb Code     0  dleqf.o(x$fpl$dleqf)
    __aeabi_dmul                             0x0800e76d   Thumb Code     0  dmul.o(x$fpl$dmul)
    _dmul                                    0x0800e76d   Thumb Code   332  dmul.o(x$fpl$dmul)
    __fpl_dnaninf                            0x0800e8c1   Thumb Code   156  dnaninf.o(x$fpl$dnaninf)
    __fpl_dretinf                            0x0800e95d   Thumb Code    12  dretinf.o(x$fpl$dretinf)
    __aeabi_cdrcmple                         0x0800e969   Thumb Code     0  drleqf.o(x$fpl$drleqf)
    _drcmple                                 0x0800e969   Thumb Code   108  drleqf.o(x$fpl$drleqf)
    __aeabi_f2d                              0x0800e9d5   Thumb Code     0  f2d.o(x$fpl$f2d)
    _f2d                                     0x0800e9d5   Thumb Code    86  f2d.o(x$fpl$f2d)
    __fpl_fnaninf                            0x0800ea2b   Thumb Code   140  fnaninf.o(x$fpl$fnaninf)
    _fp_init                                 0x0800eab7   Thumb Code    10  fpinit.o(x$fpl$fpinit)
    __fplib_config_fpu_vfp                   0x0800eabf   Thumb Code     0  fpinit.o(x$fpl$fpinit)
    __fplib_config_pureend_doubles           0x0800eabf   Thumb Code     0  fpinit.o(x$fpl$fpinit)
    __fpl_fretinf                            0x0800eac1   Thumb Code    10  fretinf.o(x$fpl$fretinf)
    __ieee_status                            0x0800eacb   Thumb Code     6  istatus.o(x$fpl$ieeestatus)
    _printf_fp_dec                           0x0800ead1   Thumb Code     4  printf1.o(x$fpl$printf1)
    _printf_fp_hex                           0x0800ead5   Thumb Code     4  printf2.o(x$fpl$printf2)
    __fpl_return_NaN                         0x0800ead9   Thumb Code   100  retnan.o(x$fpl$retnan)
    __ARM_scalbn                             0x0800eb3d   Thumb Code    92  scalbn.o(x$fpl$scalbn)
    _scanf_real                              0x0800eb99   Thumb Code     4  scanf1.o(x$fpl$scanf1)
    _scanf_hex_real                          0x0800eb9d   Thumb Code     4  scanf2.o(x$fpl$scanf2)
    _scanf_infnan                            0x0800eba1   Thumb Code     4  scanf2.o(x$fpl$scanf2)
    __fpl_cmpreturn                          0x0800eba5   Thumb Code    48  trapv.o(x$fpl$trapveneer)
    AHBPrescTable                            0x0800ebd4   Data          16  system_stm32f4xx.o(.constdata)
    __I$use$fp                               0x0800ebd4   Number         0  usenofp.o(x$fpl$usenofp)
    APBPrescTable                            0x0800ebe4   Data           8  system_stm32f4xx.o(.constdata)
    g_chinese_chars                          0x0800ed80   Data        2720  chinese_font.o(.constdata)
    asc2_1206                                0x0800f820   Data        1140  lcd.o(.constdata)
    asc2_1608                                0x0800fc94   Data        1520  lcd.o(.constdata)
    asc2_2412                                0x08010284   Data        3420  lcd.o(.constdata)
    asc2_3216                                0x08010fe0   Data        6080  lcd.o(.constdata)
    FT5206_TPX_TBL                           0x080127a0   Data          10  ft5206.o(.constdata)
    GT9XXX_TPX_TBL                           0x080127aa   Data          20  gt9xxx.o(.constdata)
    TP_REMIND_MSG_TBL                        0x080127c0   Data           4  touch.o(.constdata)
    Region$$Table$$Base                      0x08012b18   Number         0  anon$$obj.o(Region$$Table)
    Region$$Table$$Limit                     0x08012b38   Number         0  anon$$obj.o(Region$$Table)
    __aeabi_HUGE_VAL                         0x08012b38   Data           0  fpconst.o(c$$dinf)
    __aeabi_HUGE_VALL                        0x08012b38   Data           0  fpconst.o(c$$dinf)
    __aeabi_INFINITY                         0x08012b38   Data           0  fpconst.o(c$$dinf)
    __dInf                                   0x08012b38   Data           0  fpconst.o(c$$dinf)
    __huge_val                               0x08012b38   Data           0  fpconst.o(c$$dinf)
    __dbl_max                                0x08012b40   Data           0  fpconst.o(c$$dmax)
    __ctype                                  0x08012b71   Data           0  lc_ctype_c.o(locale$$data)
    SystemCoreClock                          0x20000000   Data           4  system_stm32f4xx.o(.data)
    __stdout                                 0x2000001c   Data           4  usart.o(.data)
    g_usart_rx_sta                           0x20000020   Data           2  usart.o(.data)
    g_rx_buffer                              0x20000022   Data           1  usart.o(.data)
    uwTick                                   0x20000024   Data           4  stm32f4xx_hal.o(.data)
    uwTickPrio                               0x20000028   Data           4  stm32f4xx_hal.o(.data)
    uwTickFreq                               0x2000002c   Data           1  stm32f4xx_hal.o(.data)
    g_point_color                            0x20000030   Data           4  lcd.o(.data)
    g_back_color                             0x20000034   Data           4  lcd.o(.data)
    g_gt_tnum                                0x2000003a   Data           1  gt9xxx.o(.data)
    tp_dev                                   0x2000003c   Data          72  touch.o(.data)
    g_usart_rx_buf                           0x20004cec   Data         200  usart.o(.bss)
    g_uart1_handle                           0x20004db4   Data          68  usart.o(.bss)
    g_sram_handle                            0x20004df8   Data          80  lcd.o(.bss)
    lcddev                                   0x20004e48   Data          14  lcd.o(.bss)
    __libspace_start                         0x20004e58   Data          96  libspace.o(.bss)
    __temporary_stack_top$libspace           0x20004eb8   Data           0  libspace.o(.bss)



==============================================================================

Memory Map of the image

  Image Entry point : 0x08000189

  Load Region LR_IROM1 (Base: 0x08000000, Size: 0x00012cf8, Max: 0x00100000, ABSOLUTE)

    Execution Region ER_IROM1 (Exec base: 0x08000000, Load base: 0x08000000, Size: 0x00012c74, Max: 0x00100000, ABSOLUTE)

    Exec Addr    Load Addr    Size         Type   Attr      Idx    E Section Name        Object

    0x08000000   0x08000000   0x00000188   Data   RO            3    RESET               startup_stm32f407xx.o
    0x08000188   0x08000188   0x00000008   Code   RO         5097  * !!!main             c_w.l(__main.o)
    0x08000190   0x08000190   0x00000034   Code   RO         5579    !!!scatter          c_w.l(__scatter.o)
    0x080001c4   0x080001c4   0x0000001a   Code   RO         5581    !!handler_copy      c_w.l(__scatter_copy.o)
    0x080001de   0x080001de   0x00000002   PAD
    0x080001e0   0x080001e0   0x0000001c   Code   RO         5583    !!handler_zi        c_w.l(__scatter_zi.o)
    0x080001fc   0x080001fc   0x00000000   Code   RO         5084    .ARM.Collect$$_printf_percent$$00000000  c_w.l(_printf_percent.o)
    0x080001fc   0x080001fc   0x00000006   Code   RO         5080    .ARM.Collect$$_printf_percent$$00000003  c_w.l(_printf_f.o)
    0x08000202   0x08000202   0x00000006   Code   RO         5081    .ARM.Collect$$_printf_percent$$00000004  c_w.l(_printf_e.o)
    0x08000208   0x08000208   0x00000006   Code   RO         5082    .ARM.Collect$$_printf_percent$$00000005  c_w.l(_printf_g.o)
    0x0800020e   0x0800020e   0x00000006   Code   RO         5083    .ARM.Collect$$_printf_percent$$00000006  c_w.l(_printf_a.o)
    0x08000214   0x08000214   0x00000006   Code   RO         5079    .ARM.Collect$$_printf_percent$$00000009  c_w.l(_printf_d.o)
    0x0800021a   0x0800021a   0x00000006   Code   RO         5078    .ARM.Collect$$_printf_percent$$0000000C  c_w.l(_printf_x.o)
    0x08000220   0x08000220   0x00000006   Code   RO         5077    .ARM.Collect$$_printf_percent$$00000014  c_w.l(_printf_s.o)
    0x08000226   0x08000226   0x00000004   Code   RO         5249    .ARM.Collect$$_printf_percent$$00000017  c_w.l(_printf_percent_end.o)
    0x0800022a   0x0800022a   0x00000002   Code   RO         5397    .ARM.Collect$$libinit$$00000000  c_w.l(libinit.o)
    0x0800022c   0x0800022c   0x00000004   Code   RO         5398    .ARM.Collect$$libinit$$00000001  c_w.l(libinit2.o)
    0x08000230   0x08000230   0x00000000   Code   RO         5401    .ARM.Collect$$libinit$$00000004  c_w.l(libinit2.o)
    0x08000230   0x08000230   0x00000000   Code   RO         5404    .ARM.Collect$$libinit$$0000000A  c_w.l(libinit2.o)
    0x08000230   0x08000230   0x00000000   Code   RO         5406    .ARM.Collect$$libinit$$0000000C  c_w.l(libinit2.o)
    0x08000230   0x08000230   0x00000000   Code   RO         5408    .ARM.Collect$$libinit$$0000000E  c_w.l(libinit2.o)
    0x08000230   0x08000230   0x00000006   Code   RO         5409    .ARM.Collect$$libinit$$0000000F  c_w.l(libinit2.o)
    0x08000236   0x08000236   0x00000000   Code   RO         5411    .ARM.Collect$$libinit$$00000011  c_w.l(libinit2.o)
    0x08000236   0x08000236   0x0000000c   Code   RO         5412    .ARM.Collect$$libinit$$00000012  c_w.l(libinit2.o)
    0x08000242   0x08000242   0x00000000   Code   RO         5413    .ARM.Collect$$libinit$$00000013  c_w.l(libinit2.o)
    0x08000242   0x08000242   0x00000000   Code   RO         5415    .ARM.Collect$$libinit$$00000015  c_w.l(libinit2.o)
    0x08000242   0x08000242   0x0000000a   Code   RO         5416    .ARM.Collect$$libinit$$00000016  c_w.l(libinit2.o)
    0x0800024c   0x0800024c   0x00000000   Code   RO         5417    .ARM.Collect$$libinit$$00000017  c_w.l(libinit2.o)
    0x0800024c   0x0800024c   0x00000000   Code   RO         5419    .ARM.Collect$$libinit$$00000019  c_w.l(libinit2.o)
    0x0800024c   0x0800024c   0x00000000   Code   RO         5421    .ARM.Collect$$libinit$$0000001B  c_w.l(libinit2.o)
    0x0800024c   0x0800024c   0x00000000   Code   RO         5423    .ARM.Collect$$libinit$$0000001D  c_w.l(libinit2.o)
    0x0800024c   0x0800024c   0x00000000   Code   RO         5425    .ARM.Collect$$libinit$$0000001F  c_w.l(libinit2.o)
    0x0800024c   0x0800024c   0x00000000   Code   RO         5427    .ARM.Collect$$libinit$$00000021  c_w.l(libinit2.o)
    0x0800024c   0x0800024c   0x00000000   Code   RO         5429    .ARM.Collect$$libinit$$00000023  c_w.l(libinit2.o)
    0x0800024c   0x0800024c   0x00000000   Code   RO         5431    .ARM.Collect$$libinit$$00000025  c_w.l(libinit2.o)
    0x0800024c   0x0800024c   0x00000000   Code   RO         5435    .ARM.Collect$$libinit$$0000002C  c_w.l(libinit2.o)
    0x0800024c   0x0800024c   0x00000000   Code   RO         5437    .ARM.Collect$$libinit$$0000002E  c_w.l(libinit2.o)
    0x0800024c   0x0800024c   0x00000000   Code   RO         5439    .ARM.Collect$$libinit$$00000030  c_w.l(libinit2.o)
    0x0800024c   0x0800024c   0x00000000   Code   RO         5441    .ARM.Collect$$libinit$$00000032  c_w.l(libinit2.o)
    0x0800024c   0x0800024c   0x00000002   Code   RO         5442    .ARM.Collect$$libinit$$00000033  c_w.l(libinit2.o)
    0x0800024e   0x0800024e   0x00000002   Code   RO         5532    .ARM.Collect$$libshutdown$$00000000  c_w.l(libshutdown.o)
    0x08000250   0x08000250   0x00000000   Code   RO         5558    .ARM.Collect$$libshutdown$$00000002  c_w.l(libshutdown2.o)
    0x08000250   0x08000250   0x00000000   Code   RO         5560    .ARM.Collect$$libshutdown$$00000004  c_w.l(libshutdown2.o)
    0x08000250   0x08000250   0x00000000   Code   RO         5563    .ARM.Collect$$libshutdown$$00000007  c_w.l(libshutdown2.o)
    0x08000250   0x08000250   0x00000000   Code   RO         5566    .ARM.Collect$$libshutdown$$0000000A  c_w.l(libshutdown2.o)
    0x08000250   0x08000250   0x00000000   Code   RO         5568    .ARM.Collect$$libshutdown$$0000000C  c_w.l(libshutdown2.o)
    0x08000250   0x08000250   0x00000000   Code   RO         5571    .ARM.Collect$$libshutdown$$0000000F  c_w.l(libshutdown2.o)
    0x08000250   0x08000250   0x00000002   Code   RO         5572    .ARM.Collect$$libshutdown$$00000010  c_w.l(libshutdown2.o)
    0x08000252   0x08000252   0x00000000   Code   RO         5225    .ARM.Collect$$rtentry$$00000000  c_w.l(__rtentry.o)
    0x08000252   0x08000252   0x00000000   Code   RO         5287    .ARM.Collect$$rtentry$$00000002  c_w.l(__rtentry2.o)
    0x08000252   0x08000252   0x00000006   Code   RO         5299    .ARM.Collect$$rtentry$$00000004  c_w.l(__rtentry4.o)
    0x08000258   0x08000258   0x00000000   Code   RO         5289    .ARM.Collect$$rtentry$$00000009  c_w.l(__rtentry2.o)
    0x08000258   0x08000258   0x00000004   Code   RO         5290    .ARM.Collect$$rtentry$$0000000A  c_w.l(__rtentry2.o)
    0x0800025c   0x0800025c   0x00000000   Code   RO         5292    .ARM.Collect$$rtentry$$0000000C  c_w.l(__rtentry2.o)
    0x0800025c   0x0800025c   0x00000008   Code   RO         5293    .ARM.Collect$$rtentry$$0000000D  c_w.l(__rtentry2.o)
    0x08000264   0x08000264   0x00000002   Code   RO         5453    .ARM.Collect$$rtexit$$00000000  c_w.l(rtexit.o)
    0x08000266   0x08000266   0x00000000   Code   RO         5491    .ARM.Collect$$rtexit$$00000002  c_w.l(rtexit2.o)
    0x08000266   0x08000266   0x00000004   Code   RO         5492    .ARM.Collect$$rtexit$$00000003  c_w.l(rtexit2.o)
    0x0800026a   0x0800026a   0x00000006   Code   RO         5493    .ARM.Collect$$rtexit$$00000004  c_w.l(rtexit2.o)
    0x08000270   0x08000270   0x0000004c   Code   RO            4    .text               startup_stm32f407xx.o
    0x080002bc   0x080002bc   0x00000002   Code   RO         5012    .text               c_w.l(use_no_semi_2.o)
    0x080002be   0x080002be   0x000000ee   Code   RO         5014    .text               c_w.l(lludivv7m.o)
    0x080003ac   0x080003ac   0x00000018   Code   RO         5016    .text               c_w.l(__2printf.o)
    0x080003c4   0x080003c4   0x0000002c   Code   RO         5018    .text               c_w.l(__2sprintf.o)
    0x080003f0   0x080003f0   0x00000038   Code   RO         5020    .text               c_w.l(__2snprintf.o)
    0x08000428   0x08000428   0x0000004e   Code   RO         5030    .text               c_w.l(_printf_pad.o)
    0x08000476   0x08000476   0x00000052   Code   RO         5032    .text               c_w.l(_printf_str.o)
    0x080004c8   0x080004c8   0x00000078   Code   RO         5034    .text               c_w.l(_printf_dec.o)
    0x08000540   0x08000540   0x00000058   Code   RO         5039    .text               c_w.l(_printf_hex_int.o)
    0x08000598   0x08000598   0x00000188   Code   RO         5074    .text               c_w.l(__printf_flags_ss_wp.o)
    0x08000720   0x08000720   0x0000003c   Code   RO         5085    .text               c_w.l(__0sscanf.o)
    0x0800075c   0x0800075c   0x0000003e   Code   RO         5087    .text               c_w.l(strlen.o)
    0x0800079a   0x0800079a   0x00000064   Code   RO         5089    .text               c_w.l(rt_memcpy_w.o)
    0x080007fe   0x080007fe   0x0000004e   Code   RO         5091    .text               c_w.l(rt_memclr_w.o)
    0x0800084c   0x0800084c   0x00000080   Code   RO         5093    .text               c_w.l(strcmpv7m.o)
    0x080008cc   0x080008cc   0x00000006   Code   RO         5095    .text               c_w.l(heapauxi.o)
    0x080008d2   0x080008d2   0x00000002   Code   RO         5223    .text               c_w.l(use_no_semi.o)
    0x080008d4   0x080008d4   0x00000016   Code   RO         5230    .text               c_w.l(_rserrno.o)
    0x080008ea   0x080008ea   0x000000b2   Code   RO         5232    .text               c_w.l(_printf_intcommon.o)
    0x0800099c   0x0800099c   0x0000041e   Code   RO         5234    .text               c_w.l(_printf_fp_dec.o)
    0x08000dba   0x08000dba   0x00000002   PAD
    0x08000dbc   0x08000dbc   0x000002fc   Code   RO         5236    .text               c_w.l(_printf_fp_hex.o)
    0x080010b8   0x080010b8   0x00000030   Code   RO         5239    .text               c_w.l(_printf_char_common.o)
    0x080010e8   0x080010e8   0x0000000a   Code   RO         5241    .text               c_w.l(_sputc.o)
    0x080010f2   0x080010f2   0x00000010   Code   RO         5243    .text               c_w.l(_snputc.o)
    0x08001102   0x08001102   0x0000002c   Code   RO         5245    .text               c_w.l(_printf_char.o)
    0x0800112e   0x0800112e   0x00000002   PAD
    0x08001130   0x08001130   0x00000024   Code   RO         5247    .text               c_w.l(_printf_char_file.o)
    0x08001154   0x08001154   0x000004f8   Code   RO         5250    .text               c_w.l(scanf_fp.o)
    0x0800164c   0x0800164c   0x0000002c   Code   RO         5252    .text               c_w.l(scanf_char.o)
    0x08001678   0x08001678   0x00000040   Code   RO         5254    .text               c_w.l(_sgetc.o)
    0x080016b8   0x080016b8   0x00000008   Code   RO         5306    .text               c_w.l(rt_locale_intlibspace.o)
    0x080016c0   0x080016c0   0x00000008   Code   RO         5311    .text               c_w.l(rt_errno_addr_intlibspace.o)
    0x080016c8   0x080016c8   0x0000008a   Code   RO         5313    .text               c_w.l(lludiv10.o)
    0x08001752   0x08001752   0x00000012   Code   RO         5315    .text               c_w.l(isspace.o)
    0x08001764   0x08001764   0x00000080   Code   RO         5317    .text               c_w.l(_printf_fp_infnan.o)
    0x080017e4   0x080017e4   0x00000374   Code   RO         5321    .text               c_w.l(_scanf.o)
    0x08001b58   0x08001b58   0x000000e4   Code   RO         5323    .text               c_w.l(bigflt0.o)
    0x08001c3c   0x08001c3c   0x00000008   Code   RO         5348    .text               c_w.l(ferror.o)
    0x08001c44   0x08001c44   0x00000008   Code   RO         5375    .text               c_w.l(libspace.o)
    0x08001c4c   0x08001c4c   0x0000004a   Code   RO         5378    .text               c_w.l(sys_stackheap_outer.o)
    0x08001c96   0x08001c96   0x00000002   PAD
    0x08001c98   0x08001c98   0x00000010   Code   RO         5380    .text               c_w.l(rt_ctype_table.o)
    0x08001ca8   0x08001ca8   0x00000320   Code   RO         5382    .text               c_w.l(scanf_hexfp.o)
    0x08001fc8   0x08001fc8   0x00000134   Code   RO         5384    .text               c_w.l(scanf_infnan.o)
    0x080020fc   0x080020fc   0x00000012   Code   RO         5386    .text               c_w.l(exit.o)
    0x0800210e   0x0800210e   0x00000026   Code   RO         5457    .text               c_w.l(llshl.o)
    0x08002134   0x08002134   0x0000001c   Code   RO         5459    .text               c_w.l(_chval.o)
    0x08002150   0x08002150   0x0000003e   Code   RO         5326    CL$$btod_d2e        c_w.l(btod.o)
    0x0800218e   0x0800218e   0x00000046   Code   RO         5328    CL$$btod_d2e_denorm_low  c_w.l(btod.o)
    0x080021d4   0x080021d4   0x00000060   Code   RO         5327    CL$$btod_d2e_norm_op1  c_w.l(btod.o)
    0x08002234   0x08002234   0x00000338   Code   RO         5336    CL$$btod_div_common  c_w.l(btod.o)
    0x0800256c   0x0800256c   0x00000084   Code   RO         5334    CL$$btod_e2d        c_w.l(btod.o)
    0x080025f0   0x080025f0   0x000000dc   Code   RO         5333    CL$$btod_e2e        c_w.l(btod.o)
    0x080026cc   0x080026cc   0x0000002a   Code   RO         5330    CL$$btod_ediv       c_w.l(btod.o)
    0x080026f6   0x080026f6   0x0000002a   Code   RO         5332    CL$$btod_edivd      c_w.l(btod.o)
    0x08002720   0x08002720   0x0000002a   Code   RO         5329    CL$$btod_emul       c_w.l(btod.o)
    0x0800274a   0x0800274a   0x0000002a   Code   RO         5331    CL$$btod_emuld      c_w.l(btod.o)
    0x08002774   0x08002774   0x00000244   Code   RO         5335    CL$$btod_mult_common  c_w.l(btod.o)
    0x080029b8   0x080029b8   0x00000004   Code   RO          307    i.BusFault_Handler  stm32f4xx_it.o
    0x080029bc   0x080029bc   0x00000002   Code   RO          308    i.DebugMon_Handler  stm32f4xx_it.o
    0x080029be   0x080029be   0x00000002   PAD
    0x080029c0   0x080029c0   0x00000048   Code   RO         3567    i.FSMC_NORSRAM_Extended_Timing_Init  stm32f4xx_ll_fsmc.o
    0x08002a08   0x08002a08   0x0000005c   Code   RO         3568    i.FSMC_NORSRAM_Init  stm32f4xx_ll_fsmc.o
    0x08002a64   0x08002a64   0x00000044   Code   RO         3569    i.FSMC_NORSRAM_Timing_Init  stm32f4xx_ll_fsmc.o
    0x08002aa8   0x08002aa8   0x000000aa   Code   RO         4178    i.HAL_DMA_Abort     stm32f4xx_hal_dma.o
    0x08002b52   0x08002b52   0x00000028   Code   RO         4179    i.HAL_DMA_Abort_IT  stm32f4xx_hal_dma.o
    0x08002b7a   0x08002b7a   0x00000002   PAD
    0x08002b7c   0x08002b7c   0x00000164   Code   RO         1385    i.HAL_GPIO_DeInit   stm32f4xx_hal_gpio.o
    0x08002ce0   0x08002ce0   0x00000204   Code   RO         1388    i.HAL_GPIO_Init     stm32f4xx_hal_gpio.o
    0x08002ee4   0x08002ee4   0x00000010   Code   RO         1390    i.HAL_GPIO_ReadPin  stm32f4xx_hal_gpio.o
    0x08002ef4   0x08002ef4   0x00000014   Code   RO         1391    i.HAL_GPIO_TogglePin  stm32f4xx_hal_gpio.o
    0x08002f08   0x08002f08   0x0000000c   Code   RO         1392    i.HAL_GPIO_WritePin  stm32f4xx_hal_gpio.o
    0x08002f14   0x08002f14   0x0000000c   Code   RO         1071    i.HAL_GetREVID      stm32f4xx_hal.o
    0x08002f20   0x08002f20   0x0000000c   Code   RO         1072    i.HAL_GetTick       stm32f4xx_hal.o
    0x08002f2c   0x08002f2c   0x00000018   Code   RO         1078    i.HAL_IncTick       stm32f4xx_hal.o
    0x08002f44   0x08002f44   0x00000030   Code   RO         1079    i.HAL_Init          stm32f4xx_hal.o
    0x08002f74   0x08002f74   0x0000004c   Code   RO         1080    i.HAL_InitTick      stm32f4xx_hal.o
    0x08002fc0   0x08002fc0   0x00000002   Code   RO         1082    i.HAL_MspInit       stm32f4xx_hal.o
    0x08002fc2   0x08002fc2   0x00000002   PAD
    0x08002fc4   0x08002fc4   0x00000044   Code   RO         1249    i.HAL_NVIC_DisableIRQ  stm32f4xx_hal_cortex.o
    0x08003008   0x08003008   0x00000020   Code   RO         1250    i.HAL_NVIC_EnableIRQ  stm32f4xx_hal_cortex.o
    0x08003028   0x08003028   0x0000007c   Code   RO         1256    i.HAL_NVIC_SetPriority  stm32f4xx_hal_cortex.o
    0x080030a4   0x080030a4   0x00000028   Code   RO         1257    i.HAL_NVIC_SetPriorityGrouping  stm32f4xx_hal_cortex.o
    0x080030cc   0x080030cc   0x00000184   Code   RO         1452    i.HAL_RCC_ClockConfig  stm32f4xx_hal_rcc.o
    0x08003250   0x08003250   0x0000000c   Code   RO         1457    i.HAL_RCC_GetHCLKFreq  stm32f4xx_hal_rcc.o
    0x0800325c   0x0800325c   0x00000020   Code   RO         1459    i.HAL_RCC_GetPCLK1Freq  stm32f4xx_hal_rcc.o
    0x0800327c   0x0800327c   0x00000020   Code   RO         1460    i.HAL_RCC_GetPCLK2Freq  stm32f4xx_hal_rcc.o
    0x0800329c   0x0800329c   0x000000b0   Code   RO         1461    i.HAL_RCC_GetSysClockFreq  stm32f4xx_hal_rcc.o
    0x0800334c   0x0800334c   0x0000049c   Code   RO         1464    i.HAL_RCC_OscConfig  stm32f4xx_hal_rcc.o
    0x080037e8   0x080037e8   0x00000058   Code   RO         3443    i.HAL_SRAM_Init     stm32f4xx_hal_sram.o
    0x08003840   0x08003840   0x000000a4   Code   RO         4305    i.HAL_SRAM_MspInit  lcd.o
    0x080038e4   0x080038e4   0x00000034   Code   RO         1261    i.HAL_SYSTICK_Config  stm32f4xx_hal_cortex.o
    0x08003918   0x08003918   0x00000002   Code   RO         2058    i.HAL_UARTEx_RxEventCallback  stm32f4xx_hal_uart.o
    0x0800391a   0x0800391a   0x0000003c   Code   RO         2071    i.HAL_UART_DeInit   stm32f4xx_hal_uart.o
    0x08003956   0x08003956   0x00000002   Code   RO         2072    i.HAL_UART_ErrorCallback  stm32f4xx_hal_uart.o
    0x08003958   0x08003958   0x00000250   Code   RO         2075    i.HAL_UART_IRQHandler  stm32f4xx_hal_uart.o
    0x08003ba8   0x08003ba8   0x00000072   Code   RO         2076    i.HAL_UART_Init     stm32f4xx_hal_uart.o
    0x08003c1a   0x08003c1a   0x00000002   Code   RO         2077    i.HAL_UART_MspDeInit  stm32f4xx_hal_uart.o
    0x08003c1c   0x08003c1c   0x000000cc   Code   RO          982    i.HAL_UART_MspInit  usart.o
    0x08003ce8   0x08003ce8   0x00000042   Code   RO         2081    i.HAL_UART_Receive_IT  stm32f4xx_hal_uart.o
    0x08003d2a   0x08003d2a   0x00000002   PAD
    0x08003d2c   0x08003d2c   0x0000009c   Code   RO          983    i.HAL_UART_RxCpltCallback  usart.o
    0x08003dc8   0x08003dc8   0x000000d2   Code   RO         2084    i.HAL_UART_Transmit  stm32f4xx_hal_uart.o
    0x08003e9a   0x08003e9a   0x00000002   Code   RO         2087    i.HAL_UART_TxCpltCallback  stm32f4xx_hal_uart.o
    0x08003e9c   0x08003e9c   0x00000004   Code   RO          309    i.HardFault_Handler  stm32f4xx_it.o
    0x08003ea0   0x08003ea0   0x00000004   Code   RO          310    i.MemManage_Handler  stm32f4xx_it.o
    0x08003ea4   0x08003ea4   0x00000002   Code   RO          311    i.NMI_Handler       stm32f4xx_it.o
    0x08003ea6   0x08003ea6   0x00000002   Code   RO          312    i.PendSV_Handler    stm32f4xx_it.o
    0x08003ea8   0x08003ea8   0x00000002   Code   RO          313    i.SVC_Handler       stm32f4xx_it.o
    0x08003eaa   0x08003eaa   0x00000008   Code   RO          314    i.SysTick_Handler   stm32f4xx_it.o
    0x08003eb2   0x08003eb2   0x00000002   PAD
    0x08003eb4   0x08003eb4   0x00000014   Code   RO          383    i.SystemInit        system_stm32f4xx.o
    0x08003ec8   0x08003ec8   0x00000014   Code   RO         2089    i.UART_DMAAbortOnError  stm32f4xx_hal_uart.o
    0x08003edc   0x08003edc   0x00000036   Code   RO         2099    i.UART_EndRxTransfer  stm32f4xx_hal_uart.o
    0x08003f12   0x08003f12   0x00000020   Code   RO         2100    i.UART_EndTransmit_IT  stm32f4xx_hal_uart.o
    0x08003f32   0x08003f32   0x000000be   Code   RO         2102    i.UART_Receive_IT   stm32f4xx_hal_uart.o
    0x08003ff0   0x08003ff0   0x0000022c   Code   RO         2103    i.UART_SetConfig    stm32f4xx_hal_uart.o
    0x0800421c   0x0800421c   0x00000046   Code   RO         2105    i.UART_Start_Receive_IT  stm32f4xx_hal_uart.o
    0x08004262   0x08004262   0x00000060   Code   RO         2106    i.UART_Transmit_IT  stm32f4xx_hal_uart.o
    0x080042c2   0x080042c2   0x0000006c   Code   RO         2107    i.UART_WaitOnFlagUntilTimeout  stm32f4xx_hal_uart.o
    0x0800432e   0x0800432e   0x00000002   PAD
    0x08004330   0x08004330   0x00000010   Code   RO          984    i.USART1_IRQHandler  usart.o
    0x08004340   0x08004340   0x00000098   Code   RO          700    i.USART3_IRQHandler  motor_monitor.o
    0x080043d8   0x080043d8   0x00000004   Code   RO          315    i.UsageFault_Handler  stm32f4xx_it.o
    0x080043dc   0x080043dc   0x00000030   Code   RO         5365    i.__ARM_fpclassify  m_wm.l(fpclassify.o)
    0x0800440c   0x0800440c   0x00000026   Code   RO         5267    i.__ARM_fpclassifyf  m_wm.l(fpclassifyf.o)
    0x08004432   0x08004432   0x00000002   PAD
    0x08004434   0x08004434   0x00000010   Code   RO         1263    i.__NVIC_GetPriorityGrouping  stm32f4xx_hal_cortex.o
    0x08004444   0x08004444   0x00000028   Code   RO         1264    i.__NVIC_SetPriority  stm32f4xx_hal_cortex.o
    0x0800446c   0x0800446c   0x00000004   PAD
    0x08004470   0x08004470   0x000000f8   Code   RO         5367    i.__hardfp___mathlib_tofloat  m_wm.l(narrow.o)
    0x08004568   0x08004568   0x0000006c   Code   RO         5133    i.__hardfp_ceilf    m_wm.l(ceilf.o)
    0x080045d4   0x080045d4   0x00000150   Code   RO         5139    i.__hardfp_cosf     m_wm.l(cosf.o)
    0x08004724   0x08004724   0x00000070   Code   RO         5151    i.__hardfp_floorf   m_wm.l(floorf.o)
    0x08004794   0x08004794   0x00000004   PAD
    0x08004798   0x08004798   0x000000d0   Code   RO         5474    i.__hardfp_ldexp    m_wm.l(ldexp.o)
    0x08004868   0x08004868   0x00000180   Code   RO         5157    i.__hardfp_log10f   m_wm.l(log10f.o)
    0x080049e8   0x080049e8   0x0000016c   Code   RO         5171    i.__hardfp_logf     m_wm.l(logf.o)
    0x08004b54   0x08004b54   0x00000664   Code   RO         5185    i.__hardfp_powf     m_wm.l(powf.o)
    0x080051b8   0x080051b8   0x00000190   Code   RO         5199    i.__hardfp_sinf     m_wm.l(sinf.o)
    0x08005348   0x08005348   0x0000003a   Code   RO         5211    i.__hardfp_sqrtf    m_wm.l(sqrtf.o)
    0x08005382   0x08005382   0x00000006   PAD
    0x08005388   0x08005388   0x00000020   Code   RO         5511    i.__mathlib_dbl_overflow  m_wm.l(dunder.o)
    0x080053a8   0x080053a8   0x00000020   Code   RO         5513    i.__mathlib_dbl_underflow  m_wm.l(dunder.o)
    0x080053c8   0x080053c8   0x00000014   Code   RO         5269    i.__mathlib_flt_divzero  m_wm.l(funder.o)
    0x080053dc   0x080053dc   0x00000006   Code   RO         5270    i.__mathlib_flt_infnan  m_wm.l(funder.o)
    0x080053e2   0x080053e2   0x00000006   Code   RO         5271    i.__mathlib_flt_infnan2  m_wm.l(funder.o)
    0x080053e8   0x080053e8   0x00000010   Code   RO         5272    i.__mathlib_flt_invalid  m_wm.l(funder.o)
    0x080053f8   0x080053f8   0x00000010   Code   RO         5273    i.__mathlib_flt_overflow  m_wm.l(funder.o)
    0x08005408   0x08005408   0x00000010   Code   RO         5275    i.__mathlib_flt_underflow  m_wm.l(funder.o)
    0x08005418   0x08005418   0x00000012   Code   RO         5368    i.__mathlib_narrow  m_wm.l(narrow.o)
    0x0800542a   0x0800542a   0x00000002   PAD
    0x0800542c   0x0800542c   0x00000154   Code   RO         5283    i.__mathlib_rredf2  m_wm.l(rredf.o)
    0x08005580   0x08005580   0x00000014   Code   RO         5476    i.__support_ldexp   m_wm.l(ldexp.o)
    0x08005594   0x08005594   0x0000000e   Code   RO         5067    i._is_digit         c_w.l(__printf_wp.o)
    0x080055a2   0x080055a2   0x00000004   Code   RO          986    i._sys_exit         usart.o
    0x080055a6   0x080055a6   0x00000008   Code   RO         4598    i.at24cxx_init      24cxx.o
    0x080055ae   0x080055ae   0x00000024   Code   RO         4599    i.at24cxx_read      24cxx.o
    0x080055d2   0x080055d2   0x00000052   Code   RO         4600    i.at24cxx_read_one_byte  24cxx.o
    0x08005624   0x08005624   0x00000024   Code   RO         4601    i.at24cxx_write     24cxx.o
    0x08005648   0x08005648   0x0000004a   Code   RO         4602    i.at24cxx_write_one_byte  24cxx.o
    0x08005692   0x08005692   0x0000002a   Code   RO          565    i.clampf            oscilloscope.o
    0x080056bc   0x080056bc   0x000000e0   Code   RO          419    i.collide           dino_game.o
    0x0800579c   0x0800579c   0x0000009c   Code   RO          701    i.compute_tick      motor_monitor.o
    0x08005838   0x08005838   0x00000058   Code   RO         4728    i.ct_iic_ack        ctiic.o
    0x08005890   0x08005890   0x0000000a   Code   RO         4729    i.ct_iic_delay      ctiic.o
    0x0800589a   0x0800589a   0x00000002   PAD
    0x0800589c   0x0800589c   0x00000084   Code   RO         4730    i.ct_iic_init       ctiic.o
    0x08005920   0x08005920   0x00000044   Code   RO         4731    i.ct_iic_nack       ctiic.o
    0x08005964   0x08005964   0x00000064   Code   RO         4732    i.ct_iic_read_byte  ctiic.o
    0x080059c8   0x080059c8   0x00000070   Code   RO         4733    i.ct_iic_send_byte  ctiic.o
    0x08005a38   0x08005a38   0x00000054   Code   RO         4734    i.ct_iic_start      ctiic.o
    0x08005a8c   0x08005a8c   0x00000044   Code   RO         4735    i.ct_iic_stop       ctiic.o
    0x08005ad0   0x08005ad0   0x00000070   Code   RO         4736    i.ct_iic_wait_ack   ctiic.o
    0x08005b40   0x08005b40   0x0000000c   Code   RO          866    i.delay_init        delay.o
    0x08005b4c   0x08005b4c   0x00000012   Code   RO          867    i.delay_ms          delay.o
    0x08005b5e   0x08005b5e   0x00000002   PAD
    0x08005b60   0x08005b60   0x00000048   Code   RO          868    i.delay_us          delay.o
    0x08005ba8   0x08005ba8   0x000005a8   Code   RO          420    i.dino_game_run     dino_game.o
    0x08006150   0x08006150   0x00000284   Code   RO          566    i.do_fft            oscilloscope.o
    0x080063d4   0x080063d4   0x0000004c   Code   RO          421    i.draw_cact_small   dino_game.o
    0x08006420   0x08006420   0x00000050   Code   RO          422    i.draw_cact_tall    dino_game.o
    0x08006470   0x08006470   0x00000064   Code   RO          423    i.draw_cactus       dino_game.o
    0x080064d4   0x080064d4   0x00000206   Code   RO          424    i.draw_dino         dino_game.o
    0x080066da   0x080066da   0x00000002   PAD
    0x080066dc   0x080066dc   0x000002b4   Code   RO          567    i.draw_fft_spectrum  oscilloscope.o
    0x08006990   0x08006990   0x000000ee   Code   RO          568    i.draw_grid         oscilloscope.o
    0x08006a7e   0x08006a7e   0x00000002   PAD
    0x08006a80   0x08006a80   0x0000004c   Code   RO          425    i.draw_ground       dino_game.o
    0x08006acc   0x08006acc   0x000000b0   Code   RO          569    i.draw_infobar      oscilloscope.o
    0x08006b7c   0x08006b7c   0x0000003c   Code   RO          570    i.draw_keyhint      oscilloscope.o
    0x08006bb8   0x08006bb8   0x00000108   Code   RO          511    i.draw_menu         menu.o
    0x08006cc0   0x08006cc0   0x000000ec   Code   RO          571    i.draw_one_slider   oscilloscope.o
    0x08006dac   0x08006dac   0x00000080   Code   RO          426    i.draw_score        dino_game.o
    0x08006e2c   0x08006e2c   0x00000110   Code   RO          572    i.draw_sliders      oscilloscope.o
    0x08006f3c   0x08006f3c   0x00000114   Code   RO          573    i.draw_topbar       oscilloscope.o
    0x08007050   0x08007050   0x0000009c   Code   RO          574    i.draw_waveform     oscilloscope.o
    0x080070ec   0x080070ec   0x000000a8   Code   RO          575    i.draw_ylabels      oscilloscope.o
    0x08007194   0x08007194   0x0000007c   Code   RO          427    i.erase             dino_game.o
    0x08007210   0x08007210   0x0000004c   Code   RO          824    i.find_char         chinese_font.o
    0x0800725c   0x0800725c   0x00000090   Code   RO          512    i.flash_button      menu.o
    0x080072ec   0x080072ec   0x000000c0   Code   RO          576    i.fmt_time_str      oscilloscope.o
    0x080073ac   0x080073ac   0x000000dc   Code   RO          577    i.fmt_volt_label    oscilloscope.o
    0x08007488   0x08007488   0x000000b0   Code   RO          578    i.fmt_volt_str      oscilloscope.o
    0x08007538   0x08007538   0x0000001c   Code   RO          988    i.fputc             usart.o
    0x08007554   0x08007554   0x00000004   PAD
    0x08007558   0x08007558   0x0000008c   Code   RO         5449    i.frexp             m_wm.l(frexp.o)
    0x080075e4   0x080075e4   0x0000014c   Code   RO         4802    i.ft5206_init       ft5206.o
    0x08007730   0x08007730   0x00000058   Code   RO         4803    i.ft5206_rd_reg     ft5206.o
    0x08007788   0x08007788   0x000001a4   Code   RO         4804    i.ft5206_scan       ft5206.o
    0x0800792c   0x0800792c   0x00000052   Code   RO         4805    i.ft5206_wr_reg     ft5206.o
    0x0800797e   0x0800797e   0x00000002   PAD
    0x08007980   0x08007980   0x00000030   Code   RO          579    i.full_redraw       oscilloscope.o
    0x080079b0   0x080079b0   0x00000084   Code   RO          428    i.game_reset        dino_game.o
    0x08007a34   0x08007a34   0x00000060   Code   RO          580    i.gen_samples       oscilloscope.o
    0x08007a94   0x08007a94   0x00000184   Code   RO         4861    i.gt9xxx_init       gt9xxx.o
    0x08007c18   0x08007c18   0x00000062   Code   RO         4862    i.gt9xxx_rd_reg     gt9xxx.o
    0x08007c7a   0x08007c7a   0x00000002   PAD
    0x08007c7c   0x08007c7c   0x000002f0   Code   RO         4863    i.gt9xxx_scan       gt9xxx.o
    0x08007f6c   0x08007f6c   0x0000005c   Code   RO         4864    i.gt9xxx_wr_reg     gt9xxx.o
    0x08007fc8   0x08007fc8   0x00000120   Code   RO          581    i.handle_keys       oscilloscope.o
    0x080080e8   0x080080e8   0x000001a0   Code   RO          582    i.handle_touch      oscilloscope.o
    0x08008288   0x08008288   0x00000028   Code   RO          513    i.hit_test          menu.o
    0x080082b0   0x080082b0   0x00000054   Code   RO         4657    i.iic_ack           myiic.o
    0x08008304   0x08008304   0x0000000a   Code   RO         4658    i.iic_delay         myiic.o
    0x0800830e   0x0800830e   0x00000002   PAD
    0x08008310   0x08008310   0x00000084   Code   RO         4659    i.iic_init          myiic.o
    0x08008394   0x08008394   0x00000040   Code   RO         4660    i.iic_nack          myiic.o
    0x080083d4   0x080083d4   0x00000060   Code   RO         4661    i.iic_read_byte     myiic.o
    0x08008434   0x08008434   0x00000070   Code   RO         4662    i.iic_send_byte     myiic.o
    0x080084a4   0x080084a4   0x00000050   Code   RO         4663    i.iic_start         myiic.o
    0x080084f4   0x080084f4   0x00000040   Code   RO         4664    i.iic_stop          myiic.o
    0x08008534   0x08008534   0x00000068   Code   RO         4665    i.iic_wait_ack      myiic.o
    0x0800859c   0x0800859c   0x000000fc   Code   RO         4566    i.key_init          key.o
    0x08008698   0x08008698   0x000000c4   Code   RO         4567    i.key_scan          key.o
    0x0800875c   0x0800875c   0x00000034   Code   RO         4306    i.lcd_clear         lcd.o
    0x08008790   0x08008790   0x0000016c   Code   RO         4308    i.lcd_display_dir   lcd.o
    0x080088fc   0x080088fc   0x000000aa   Code   RO         4311    i.lcd_draw_circle   lcd.o
    0x080089a6   0x080089a6   0x00000002   PAD
    0x080089a8   0x080089a8   0x00000038   Code   RO         4312    i.lcd_draw_hline    lcd.o
    0x080089e0   0x080089e0   0x000000ac   Code   RO         4313    i.lcd_draw_line     lcd.o
    0x08008a8c   0x08008a8c   0x00000020   Code   RO         4314    i.lcd_draw_point    lcd.o
    0x08008aac   0x08008aac   0x0000004a   Code   RO         4315    i.lcd_draw_rectangle  lcd.o
    0x08008af6   0x08008af6   0x0000022c   Code   RO         4316    i.lcd_ex_ili9341_reginit  lcd.o
    0x08008d22   0x08008d22   0x00000340   Code   RO         4317    i.lcd_ex_ili9806_reginit  lcd.o
    0x08009062   0x08009062   0x00000ef2   Code   RO         4318    i.lcd_ex_nt35310_reginit  lcd.o
    0x08009f54   0x08009f54   0x00000f6e   Code   RO         4319    i.lcd_ex_nt35510_reginit  lcd.o
    0x0800aec2   0x0800aec2   0x0000016e   Code   RO         4320    i.lcd_ex_ssd1963_reginit  lcd.o
    0x0800b030   0x0800b030   0x000001a8   Code   RO         4321    i.lcd_ex_st7789_reginit  lcd.o
    0x0800b1d8   0x0800b1d8   0x000001c6   Code   RO         4322    i.lcd_ex_st7796_reginit  lcd.o
    0x0800b39e   0x0800b39e   0x00000002   PAD
    0x0800b3a0   0x0800b3a0   0x00000054   Code   RO         4323    i.lcd_fill          lcd.o
    0x0800b3f4   0x0800b3f4   0x00000528   Code   RO         4325    i.lcd_init          lcd.o
    0x0800b91c   0x0800b91c   0x0000000c   Code   RO         4326    i.lcd_opt_delay     lcd.o
    0x0800b928   0x0800b928   0x00000016   Code   RO         4327    i.lcd_pow           lcd.o
    0x0800b93e   0x0800b93e   0x00000002   PAD
    0x0800b940   0x0800b940   0x00000018   Code   RO         4328    i.lcd_rd_data       lcd.o
    0x0800b958   0x0800b958   0x0000023c   Code   RO         4330    i.lcd_scan_dir      lcd.o
    0x0800bb94   0x0800bb94   0x00000120   Code   RO         4331    i.lcd_set_cursor    lcd.o
    0x0800bcb4   0x0800bcb4   0x00000140   Code   RO         4333    i.lcd_show_char     lcd.o
    0x0800bdf4   0x0800bdf4   0x00000090   Code   RO          825    i.lcd_show_chinese_char  chinese_font.o
    0x0800be84   0x0800be84   0x00000068   Code   RO          826    i.lcd_show_chinese_str  chinese_font.o
    0x0800beec   0x0800beec   0x00000098   Code   RO         4334    i.lcd_show_num      lcd.o
    0x0800bf84   0x0800bf84   0x0000006a   Code   RO         4335    i.lcd_show_string   lcd.o
    0x0800bfee   0x0800bfee   0x00000002   PAD
    0x0800bff0   0x0800bff0   0x00000060   Code   RO         4337    i.lcd_ssd_backlight_set  lcd.o
    0x0800c050   0x0800c050   0x00000018   Code   RO         4338    i.lcd_wr_data       lcd.o
    0x0800c068   0x0800c068   0x00000018   Code   RO         4339    i.lcd_wr_regno      lcd.o
    0x0800c080   0x0800c080   0x00000014   Code   RO         4340    i.lcd_write_ram_prepare  lcd.o
    0x0800c094   0x0800c094   0x00000014   Code   RO         4341    i.lcd_write_reg     lcd.o
    0x0800c0a8   0x0800c0a8   0x00000098   Code   RO         4281    i.led_init          led.o
    0x0800c140   0x0800c140   0x00000040   Code   RO           16    i.main              main.o
    0x0800c180   0x0800c180   0x000000d4   Code   RO          514    i.main_menu_run     menu.o
    0x0800c254   0x0800c254   0x0000003c   Code   RO          702    i.mon_draw_back     motor_monitor.o
    0x0800c290   0x0800c290   0x000000c4   Code   RO          703    i.mon_draw_full     motor_monitor.o
    0x0800c354   0x0800c354   0x000000a4   Code   RO          704    i.mon_draw_grid     motor_monitor.o
    0x0800c3f8   0x0800c3f8   0x000000d8   Code   RO          705    i.mon_draw_livevals  motor_monitor.o
    0x0800c4d0   0x0800c4d0   0x0000009c   Code   RO          706    i.mon_draw_params   motor_monitor.o
    0x0800c56c   0x0800c56c   0x0000012c   Code   RO          707    i.mon_draw_slider   motor_monitor.o
    0x0800c698   0x0800c698   0x00000094   Code   RO          708    i.mon_draw_sliders  motor_monitor.o
    0x0800c72c   0x0800c72c   0x0000006c   Code   RO          709    i.mon_draw_status   motor_monitor.o
    0x0800c798   0x0800c798   0x0000017c   Code   RO          710    i.mon_draw_waveform  motor_monitor.o
    0x0800c914   0x0800c914   0x0000019c   Code   RO          711    i.mon_draw_ylabels  motor_monitor.o
    0x0800cab0   0x0800cab0   0x0000011c   Code   RO          712    i.mon_handle_keys   motor_monitor.o
    0x0800cbcc   0x0800cbcc   0x0000007c   Code   RO          713    i.mon_process_uart  motor_monitor.o
    0x0800cc48   0x0800cc48   0x00000058   Code   RO          714    i.mon_push          motor_monitor.o
    0x0800cca0   0x0800cca0   0x00000090   Code   RO          715    i.mon_send_params   motor_monitor.o
    0x0800cd30   0x0800cd30   0x00000154   Code   RO          716    i.mon_touch         motor_monitor.o
    0x0800ce84   0x0800ce84   0x00000044   Code   RO          717    i.mon_uart_deinit   motor_monitor.o
    0x0800cec8   0x0800cec8   0x000000c8   Code   RO          718    i.mon_uart_init     motor_monitor.o
    0x0800cf90   0x0800cf90   0x00000160   Code   RO          719    i.motor_monitor_run  motor_monitor.o
    0x0800d0f0   0x0800d0f0   0x0000014c   Code   RO          583    i.oscilloscope_run  oscilloscope.o
    0x0800d23c   0x0800d23c   0x00000038   Code   RO          429    i.rng               dino_game.o
    0x0800d274   0x0800d274   0x0000007c   Code   RO          430    i.show_message      dino_game.o
    0x0800d2f0   0x0800d2f0   0x00000144   Code   RO          584    i.signal_at         oscilloscope.o
    0x0800d434   0x0800d434   0x00000070   Code   RO          431    i.spawn_cactus      dino_game.o
    0x0800d4a4   0x0800d4a4   0x00000030   Code   RO          585    i.str_w16           oscilloscope.o
    0x0800d4d4   0x0800d4d4   0x000000dc   Code   RO          915    i.sys_stm32_clock_init  sys.o
    0x0800d5b0   0x0800d5b0   0x0000040c   Code   RO         4907    i.tp_adjust         touch.o
    0x0800d9bc   0x0800d9bc   0x00000148   Code   RO         4908    i.tp_adjust_info_show  touch.o
    0x0800db04   0x0800db04   0x00000076   Code   RO         4910    i.tp_draw_touch_point  touch.o
    0x0800db7a   0x0800db7a   0x00000002   PAD
    0x0800db7c   0x0800db7c   0x00000028   Code   RO         4911    i.tp_get_adjust_data  touch.o
    0x0800dba4   0x0800dba4   0x0000024c   Code   RO         4912    i.tp_init           touch.o
    0x0800ddf0   0x0800ddf0   0x000000dc   Code   RO         4913    i.tp_read_ad        touch.o
    0x0800decc   0x0800decc   0x00000078   Code   RO         4914    i.tp_read_xoy       touch.o
    0x0800df44   0x0800df44   0x00000044   Code   RO         4915    i.tp_read_xy        touch.o
    0x0800df88   0x0800df88   0x000000b0   Code   RO         4916    i.tp_read_xy2       touch.o
    0x0800e038   0x0800e038   0x0000001c   Code   RO         4917    i.tp_save_adjust_data  touch.o
    0x0800e054   0x0800e054   0x0000012c   Code   RO         4918    i.tp_scan           touch.o
    0x0800e180   0x0800e180   0x00000068   Code   RO         4919    i.tp_write_byte     touch.o
    0x0800e1e8   0x0800e1e8   0x00000038   Code   RO          989    i.usart_init        usart.o
    0x0800e220   0x0800e220   0x0000002c   Code   RO         5353    locale$$code        c_w.l(lc_numeric_c.o)
    0x0800e24c   0x0800e24c   0x0000002c   Code   RO         5462    locale$$code        c_w.l(lc_ctype_c.o)
    0x0800e278   0x0800e278   0x00000018   Code   RO         5099    x$fpl$basic         fz_wm.l(basic.o)
    0x0800e290   0x0800e290   0x00000062   Code   RO         5443    x$fpl$d2f           fz_wm.l(d2f.o)
    0x0800e2f2   0x0800e2f2   0x00000002   PAD
    0x0800e2f4   0x0800e2f4   0x00000010   Code   RO         5539    x$fpl$dcheck1       fz_wm.l(dcheck1.o)
    0x0800e304   0x0800e304   0x00000018   Code   RO         5256    x$fpl$dcmpinf       fz_wm.l(dcmpi.o)
    0x0800e31c   0x0800e31c   0x000002b0   Code   RO         5102    x$fpl$ddiv          fz_wm.l(ddiv.o)
    0x0800e5cc   0x0800e5cc   0x00000078   Code   RO         5445    x$fpl$deqf          fz_wm.l(deqf.o)
    0x0800e644   0x0800e644   0x0000005a   Code   RO         5105    x$fpl$dfixu         fz_wm.l(dfixu.o)
    0x0800e69e   0x0800e69e   0x0000002e   Code   RO         5110    x$fpl$dflt          fz_wm.l(dflt_clz.o)
    0x0800e6cc   0x0800e6cc   0x00000026   Code   RO         5109    x$fpl$dfltu         fz_wm.l(dflt_clz.o)
    0x0800e6f2   0x0800e6f2   0x00000002   PAD
    0x0800e6f4   0x0800e6f4   0x00000078   Code   RO         5115    x$fpl$dleqf         fz_wm.l(dleqf.o)
    0x0800e76c   0x0800e76c   0x00000154   Code   RO         5117    x$fpl$dmul          fz_wm.l(dmul.o)
    0x0800e8c0   0x0800e8c0   0x0000009c   Code   RO         5258    x$fpl$dnaninf       fz_wm.l(dnaninf.o)
    0x0800e95c   0x0800e95c   0x0000000c   Code   RO         5260    x$fpl$dretinf       fz_wm.l(dretinf.o)
    0x0800e968   0x0800e968   0x0000006c   Code   RO         5119    x$fpl$drleqf        fz_wm.l(drleqf.o)
    0x0800e9d4   0x0800e9d4   0x00000056   Code   RO         5121    x$fpl$f2d           fz_wm.l(f2d.o)
    0x0800ea2a   0x0800ea2a   0x0000008c   Code   RO         5262    x$fpl$fnaninf       fz_wm.l(fnaninf.o)
    0x0800eab6   0x0800eab6   0x0000000a   Code   RO         5470    x$fpl$fpinit        fz_wm.l(fpinit.o)
    0x0800eac0   0x0800eac0   0x0000000a   Code   RO         5472    x$fpl$fretinf       fz_wm.l(fretinf.o)
    0x0800eaca   0x0800eaca   0x00000006   Code   RO         5264    x$fpl$ieeestatus    fz_wm.l(istatus.o)
    0x0800ead0   0x0800ead0   0x00000004   Code   RO         5123    x$fpl$printf1       fz_wm.l(printf1.o)
    0x0800ead4   0x0800ead4   0x00000004   Code   RO         5125    x$fpl$printf2       fz_wm.l(printf2.o)
    0x0800ead8   0x0800ead8   0x00000064   Code   RO         5573    x$fpl$retnan        fz_wm.l(retnan.o)
    0x0800eb3c   0x0800eb3c   0x0000005c   Code   RO         5505    x$fpl$scalbn        fz_wm.l(scalbn.o)
    0x0800eb98   0x0800eb98   0x00000004   Code   RO         5131    x$fpl$scanf1        fz_wm.l(scanf1.o)
    0x0800eb9c   0x0800eb9c   0x00000008   Code   RO         5359    x$fpl$scanf2        fz_wm.l(scanf2.o)
    0x0800eba4   0x0800eba4   0x00000030   Code   RO         5575    x$fpl$trapveneer    fz_wm.l(trapv.o)
    0x0800ebd4   0x0800ebd4   0x00000000   Code   RO         5266    x$fpl$usenofp       fz_wm.l(usenofp.o)
    0x0800ebd4   0x0800ebd4   0x00000018   Data   RO          384    .constdata          system_stm32f4xx.o
    0x0800ebec   0x0800ebec   0x0000006b   Data   RO          433    .constdata          dino_game.o
    0x0800ec57   0x0800ec57   0x00000030   Data   RO          515    .constdata          menu.o
    0x0800ec87   0x0800ec87   0x00000001   PAD
    0x0800ec88   0x0800ec88   0x0000008c   Data   RO          587    .constdata          oscilloscope.o
    0x0800ed14   0x0800ed14   0x0000006b   Data   RO          721    .constdata          motor_monitor.o
    0x0800ed7f   0x0800ed7f   0x00000001   PAD
    0x0800ed80   0x0800ed80   0x00000aa0   Data   RO          827    .constdata          chinese_font.o
    0x0800f820   0x0800f820   0x00002f80   Data   RO         4343    .constdata          lcd.o
    0x080127a0   0x080127a0   0x0000000a   Data   RO         4806    .constdata          ft5206.o
    0x080127aa   0x080127aa   0x00000014   Data   RO         4865    .constdata          gt9xxx.o
    0x080127be   0x080127be   0x00000002   PAD
    0x080127c0   0x080127c0   0x00000004   Data   RO         4920    .constdata          touch.o
    0x080127c4   0x080127c4   0x00000028   Data   RO         5040    .constdata          c_w.l(_printf_hex_int.o)
    0x080127ec   0x080127ec   0x00000011   Data   RO         5075    .constdata          c_w.l(__printf_flags_ss_wp.o)
    0x080127fd   0x080127fd   0x00000003   PAD
    0x08012800   0x08012800   0x00000040   Data   RO         5160    .constdata          m_wm.l(log10f.o)
    0x08012840   0x08012840   0x00000040   Data   RO         5174    .constdata          m_wm.l(logf.o)
    0x08012880   0x08012880   0x00000140   Data   RO         5188    .constdata          m_wm.l(powf.o)
    0x080129c0   0x080129c0   0x00000026   Data   RO         5237    .constdata          c_w.l(_printf_fp_hex.o)
    0x080129e6   0x080129e6   0x00000002   PAD
    0x080129e8   0x080129e8   0x00000020   Data   RO         5284    .constdata          m_wm.l(rredf.o)
    0x08012a08   0x08012a08   0x00000094   Data   RO         5324    .constdata          c_w.l(bigflt0.o)
    0x08012a9c   0x08012a9c   0x00000079   Data   RO         4921    .conststring        touch.o
    0x08012b15   0x08012b15   0x00000003   PAD
    0x08012b18   0x08012b18   0x00000020   Data   RO         5577    Region$$Table       anon$$obj.o
    0x08012b38   0x08012b38   0x00000008   Data   RO         5355    c$$dinf             fz_wm.l(fpconst.o)
    0x08012b40   0x08012b40   0x00000008   Data   RO         5358    c$$dmax             fz_wm.l(fpconst.o)
    0x08012b48   0x08012b48   0x0000001c   Data   RO         5352    locale$$data        c_w.l(lc_numeric_c.o)
    0x08012b64   0x08012b64   0x00000110   Data   RO         5461    locale$$data        c_w.l(lc_ctype_c.o)


    Execution Region RW_IRAM1 (Exec base: 0x20000000, Load base: 0x08012c74, Size: 0x000052b8, Max: 0x00020000, ABSOLUTE)

    Exec Addr    Load Addr    Size         Type   Attr      Idx    E Section Name        Object

    0x20000000   0x08012c74   0x00000004   Data   RW          385    .data               system_stm32f4xx.o
    0x20000004   0x08012c78   0x00000004   Data   RW          434    .data               dino_game.o
    0x20000008   0x08012c7c   0x00000001   Data   RW          588    .data               oscilloscope.o
    0x20000009   0x08012c7d   0x00000003   PAD
    0x2000000c   0x08012c80   0x0000000a   Data   RW          722    .data               motor_monitor.o
    0x20000016   0x08012c8a   0x00000002   PAD
    0x20000018   0x08012c8c   0x00000004   Data   RW          869    .data               delay.o
    0x2000001c   0x08012c90   0x00000007   Data   RW          991    .data               usart.o
    0x20000023   0x08012c97   0x00000001   PAD
    0x20000024   0x08012c98   0x00000009   Data   RW         1086    .data               stm32f4xx_hal.o
    0x2000002d   0x08012ca1   0x00000003   PAD
    0x20000030   0x08012ca4   0x00000008   Data   RW         4344    .data               lcd.o
    0x20000038   0x08012cac   0x00000001   Data   RW         4568    .data               key.o
    0x20000039   0x08012cad   0x00000001   Data   RW         4807    .data               ft5206.o
    0x2000003a   0x08012cae   0x00000002   Data   RW         4866    .data               gt9xxx.o
    0x2000003c   0x08012cb0   0x00000048   Data   RW         4922    .data               touch.o
    0x20000084        -       0x00000034   Zero   RW          432    .bss                dino_game.o
    0x200000b8        -       0x00000b40   Zero   RW          586    .bss                oscilloscope.o
    0x20000bf8        -       0x000040f4   Zero   RW          720    .bss                motor_monitor.o
    0x20004cec        -       0x0000010c   Zero   RW          990    .bss                usart.o
    0x20004df8        -       0x0000005e   Zero   RW         4342    .bss                lcd.o
    0x20004e56   0x08012cf8   0x00000002   PAD
    0x20004e58        -       0x00000060   Zero   RW         5376    .bss                c_w.l(libspace.o)
    0x20004eb8        -       0x00000000   Zero   RW            2    HEAP                startup_stm32f407xx.o
    0x20004eb8        -       0x00000400   Zero   RW            1    STACK               startup_stm32f407xx.o


==============================================================================

Image component sizes


      Code (inc. data)   RO Data    RW Data    ZI Data      Debug   Object Name

       236          0          0          0          0       4279   24cxx.o
       324          4       2720          0          0       4457   chinese_font.o
       774         78          0          0          0       6854   ctiic.o
       102         10          0          4          0       2475   delay.o
      3198        134        107          4         52      12960   dino_game.o
       922         42         10          1          0       4745   ft5206.o
      1330         78         20          2          0       4915   gt9xxx.o
       448         24          0          1          0       2202   key.o
     14576        190      12160          8         94      34913   lcd.o
       152         10          0          0          0       1207   led.o
        64          4          0          0          0     671723   main.o
       660         60         48          0          0       4596   menu.o
      4048        486        107         10      16628      19796   motor_monitor.o
       746         40          0          0          0       6726   myiic.o
      5100        476        140          1       2880      22127   oscilloscope.o
        76         28        392          0       1024       1080   startup_stm32f407xx.o
       174         34          0          9          0      11046   stm32f4xx_hal.o
       372         28          0          0          0      36341   stm32f4xx_hal_cortex.o
       210          0          0          0          0       2375   stm32f4xx_hal_dma.o
       920         86          0          0          0       5166   stm32f4xx_hal_gpio.o
      1820         84          0          0          0       6600   stm32f4xx_hal_rcc.o
        88          0          0          0          0       1488   stm32f4xx_hal_sram.o
      2176         16          0          0          0      15507   stm32f4xx_hal_uart.o
        32          0          0          0          0       5414   stm32f4xx_it.o
       232         10          0          0          0       3287   stm32f4xx_ll_fsmc.o
       220         12          0          0          0       1615   sys.o
        20          6         24          4          0       1759   system_stm32f4xx.o
      3126        194        125         72          0      13656   touch.o
       464         60          0          7        268       6693   usart.o

    ----------------------------------------------------------------------
     42654       2202      15892        132      20948     916002   Object Totals
         0          0         32          0          0          0   (incl. Generated)
        44          8          7          9          2          0   (incl. Padding)

    ----------------------------------------------------------------------

      Code (inc. data)   RO Data    RW Data    ZI Data      Debug   Library Member Name

        60          8          0          0          0         84   __0sscanf.o
        24          4          0          0          0         84   __2printf.o
        56          6          0          0          0         88   __2snprintf.o
        44          6          0          0          0         84   __2sprintf.o
         8          0          0          0          0         68   __main.o
       392          4         17          0          0         92   __printf_flags_ss_wp.o
        14          0          0          0          0         68   __printf_wp.o
         0          0          0          0          0          0   __rtentry.o
        12          0          0          0          0          0   __rtentry2.o
         6          0          0          0          0          0   __rtentry4.o
        52          8          0          0          0          0   __scatter.o
        26          0          0          0          0          0   __scatter_copy.o
        28          0          0          0          0          0   __scatter_zi.o
        28          0          0          0          0         68   _chval.o
         6          0          0          0          0          0   _printf_a.o
        44          0          0          0          0        108   _printf_char.o
        48          6          0          0          0         96   _printf_char_common.o
        36          4          0          0          0         80   _printf_char_file.o
         6          0          0          0          0          0   _printf_d.o
       120         16          0          0          0         92   _printf_dec.o
         6          0          0          0          0          0   _printf_e.o
         6          0          0          0          0          0   _printf_f.o
      1054          0          0          0          0        216   _printf_fp_dec.o
       764          8         38          0          0        100   _printf_fp_hex.o
       128         16          0          0          0         84   _printf_fp_infnan.o
         6          0          0          0          0          0   _printf_g.o
        88          4         40          0          0         88   _printf_hex_int.o
       178          0          0          0          0         88   _printf_intcommon.o
        78          0          0          0          0        108   _printf_pad.o
         0          0          0          0          0          0   _printf_percent.o
         4          0          0          0          0          0   _printf_percent_end.o
         6          0          0          0          0          0   _printf_s.o
        82          0          0          0          0         80   _printf_str.o
         6          0          0          0          0          0   _printf_x.o
        22          0          0          0          0        100   _rserrno.o
       884          6          0          0          0        100   _scanf.o
        64          0          0          0          0         84   _sgetc.o
        16          0          0          0          0         68   _snputc.o
        10          0          0          0          0         68   _sputc.o
       228          4        148          0          0         96   bigflt0.o
      2152        136          0          0          0        960   btod.o
        18          0          0          0          0         80   exit.o
         8          0          0          0          0         68   ferror.o
         6          0          0          0          0        152   heapauxi.o
        18          0          0          0          0         76   isspace.o
        44         10        272          0          0         76   lc_ctype_c.o
        44         10         28          0          0         76   lc_numeric_c.o
         2          0          0          0          0          0   libinit.o
        34          0          0          0          0          0   libinit2.o
         2          0          0          0          0          0   libshutdown.o
         2          0          0          0          0          0   libshutdown2.o
         8          4          0          0         96         68   libspace.o
        38          0          0          0          0         68   llshl.o
       138          0          0          0          0         80   lludiv10.o
       238          0          0          0          0        100   lludivv7m.o
        16          4          0          0          0         76   rt_ctype_table.o
         8          4          0          0          0         68   rt_errno_addr_intlibspace.o
         8          4          0          0          0         68   rt_locale_intlibspace.o
        78          0          0          0          0         80   rt_memclr_w.o
       100          0          0          0          0         80   rt_memcpy_w.o
         2          0          0          0          0          0   rtexit.o
        10          0          0          0          0          0   rtexit2.o
        44          8          0          0          0         84   scanf_char.o
      1272         16          0          0          0        168   scanf_fp.o
       800         14          0          0          0        100   scanf_hexfp.o
       308         16          0          0          0        100   scanf_infnan.o
       128          0          0          0          0         68   strcmpv7m.o
        62          0          0          0          0         76   strlen.o
        74          0          0          0          0         80   sys_stackheap_outer.o
         2          0          0          0          0         68   use_no_semi.o
         2          0          0          0          0         68   use_no_semi_2.o
        24          0          0          0          0        164   basic.o
        98          4          0          0          0        140   d2f.o
        16          4          0          0          0        116   dcheck1.o
        24          0          0          0          0        116   dcmpi.o
       688        140          0          0          0        256   ddiv.o
       120          4          0          0          0        140   deqf.o
        90          4          0          0          0        140   dfixu.o
        84          0          0          0          0        232   dflt_clz.o
       120          4          0          0          0        140   dleqf.o
       340         12          0          0          0        152   dmul.o
       156          4          0          0          0        140   dnaninf.o
        12          0          0          0          0        116   dretinf.o
       108          0          0          0          0        128   drleqf.o
        86          4          0          0          0        132   f2d.o
       140          4          0          0          0        132   fnaninf.o
         0          0         16          0          0          0   fpconst.o
        10          0          0          0          0        116   fpinit.o
        10          0          0          0          0        116   fretinf.o
         6          0          0          0          0        116   istatus.o
         4          0          0          0          0        116   printf1.o
         4          0          0          0          0        116   printf2.o
       100          0          0          0          0        116   retnan.o
        92          0          0          0          0        116   scalbn.o
         4          0          0          0          0        116   scanf1.o
         8          0          0          0          0        132   scanf2.o
        48          0          0          0          0        116   trapv.o
         0          0          0          0          0          0   usenofp.o
       108         10          0          0          0        116   ceilf.o
       336         56          0          0          0        136   cosf.o
        64         16          0          0          0        248   dunder.o
       112         14          0          0          0        116   floorf.o
        48          0          0          0          0        124   fpclassify.o
        38          0          0          0          0        116   fpclassifyf.o
       140         22          0          0          0        132   frexp.o
        80         24          0          0          0        696   funder.o
       228          8          0          0          0        308   ldexp.o
       384         52         64          0          0        140   log10f.o
       364         44         64          0          0        140   logf.o
       266         16          0          0          0        308   narrow.o
      1636        110        320          0          0        372   powf.o
       340         24         32          0          0        160   rredf.o
       400         56          0          0          0        212   sinf.o
        58          0          0          0          0        136   sqrtf.o

    ----------------------------------------------------------------------
     17326        966       1044          0         96      12160   Library Totals
        26          4          5          0          0          0   (incl. Padding)

    ----------------------------------------------------------------------

      Code (inc. data)   RO Data    RW Data    ZI Data      Debug   Library Name

     10306        326        543          0         96       5280   c_w.l
      2392        184         16          0          0       3420   fz_wm.l
      4602        452        480          0          0       3460   m_wm.l

    ----------------------------------------------------------------------
     17326        966       1044          0         96      12160   Library Totals

    ----------------------------------------------------------------------

==============================================================================


      Code (inc. data)   RO Data    RW Data    ZI Data      Debug   

     59980       3168      16936        132      21044     900498   Grand Totals
     59980       3168      16936        132      21044     900498   ELF Image Totals
     59980       3168      16936        132          0          0   ROM Totals

==============================================================================

    Total RO  Size (Code + RO Data)                76916 (  75.11kB)
    Total RW  Size (RW Data + ZI Data)             21176 (  20.68kB)
    Total ROM Size (Code + RO Data + RW Data)      77048 (  75.24kB)

==============================================================================

